Component: Arm Compiler for Embedded 6.19 Tool: armlink [5e73cb00]

==============================================================================

Section Cross References

    startup_stm32f429xx.o(RESET) refers to startup_stm32f429xx.o(STACK) for __initial_sp
    startup_stm32f429xx.o(RESET) refers to startup_stm32f429xx.o(.text) for Reset_Handler
    startup_stm32f429xx.o(RESET) refers to stm32f4xx_it.o(.text.NMI_Handler) for NMI_Handler
    startup_stm32f429xx.o(RESET) refers to stm32f4xx_it.o(.text.HardFault_Handler) for HardFault_Handler
    startup_stm32f429xx.o(RESET) refers to stm32f4xx_it.o(.text.MemManage_Handler) for MemManage_Handler
    startup_stm32f429xx.o(RESET) refers to stm32f4xx_it.o(.text.BusFault_Handler) for BusFault_Handler
    startup_stm32f429xx.o(RESET) refers to stm32f4xx_it.o(.text.UsageFault_Handler) for UsageFault_Handler
    startup_stm32f429xx.o(RESET) refers to port.o(.text.SVC_Handler) for SVC_Handler
    startup_stm32f429xx.o(RESET) refers to stm32f4xx_it.o(.text.DebugMon_Handler) for DebugMon_Handler
    startup_stm32f429xx.o(RESET) refers to port.o(.text.PendSV_Handler) for PendSV_Handler
    startup_stm32f429xx.o(RESET) refers to stm32f4xx_it.o(.text.SysTick_Handler) for SysTick_Handler
    startup_stm32f429xx.o(RESET) refers to stm32f4xx_it.o(.text.EXTI1_IRQHandler) for EXTI1_IRQHandler
    startup_stm32f429xx.o(RESET) refers to stm32f4xx_it.o(.text.EXTI3_IRQHandler) for EXTI3_IRQHandler
    startup_stm32f429xx.o(RESET) refers to stm32f4xx_it.o(.text.EXTI4_IRQHandler) for EXTI4_IRQHandler
    startup_stm32f429xx.o(RESET) refers to stm32f4xx_it.o(.text.EXTI9_5_IRQHandler) for EXTI9_5_IRQHandler
    startup_stm32f429xx.o(RESET) refers to stm32f4xx_it.o(.text.USART2_IRQHandler) for USART2_IRQHandler
    startup_stm32f429xx.o(RESET) refers to stm32f4xx_it.o(.text.EXTI15_10_IRQHandler) for EXTI15_10_IRQHandler
    startup_stm32f429xx.o(.text) refers to system_stm32f4xx.o(.text.SystemInit) for SystemInit
    startup_stm32f429xx.o(.text) refers to entry.o(.ARM.Collect$$$$00000000) for __main
    main.o(.text.LcdDisplay) refers to main.o(.rodata.str1.1) for .L.str
    main.o(.text.LcdDisplay) refers to printf8.o(i.__0snprintf$8) for __2snprintf
    main.o(.text.LcdDisplay) refers to main.o(.bss..L_MergedGlobals) for .L_MergedGlobals
    main.o(.text.LcdDisplay) refers to queue.o(.text.xQueueGenericSend) for xQueueGenericSend
    main.o(.ARM.exidx.text.LcdDisplay) refers to main.o(.text.LcdDisplay) for [Anonymous Symbol]
    main.o(.text.taskKeypad) refers to puts.o(i.puts) for puts
    main.o(.text.taskKeypad) refers to stm32f4xx_hal_gpio.o(.text.HAL_GPIO_WritePin) for HAL_GPIO_WritePin
    main.o(.text.taskKeypad) refers to main.o(.bss..L_MergedGlobals) for .L_MergedGlobals
    main.o(.text.taskKeypad) refers to tasks.o(.text.vTaskDelay) for vTaskDelay
    main.o(.text.taskKeypad) refers to stm32f4xx_hal_gpio.o(.text.HAL_GPIO_ReadPin) for HAL_GPIO_ReadPin
    main.o(.text.taskKeypad) refers to strlen.o(.text) for strlen
    main.o(.text.taskKeypad) refers to main.o(.rodata.str1.1) for .L.str
    main.o(.text.taskKeypad) refers to printf8.o(i.__0snprintf$8) for __2snprintf
    main.o(.text.taskKeypad) refers to queue.o(.text.xQueueGenericSend) for xQueueGenericSend
    main.o(.text.taskKeypad) refers to printf8.o(i.__0printf$8) for __2printf
    main.o(.ARM.exidx.text.taskKeypad) refers to main.o(.text.taskKeypad) for [Anonymous Symbol]
    main.o(.text.taskPIR) refers to puts.o(i.puts) for puts
    main.o(.text.taskPIR) refers to main.o(.bss..L_MergedGlobals) for .L_MergedGlobals
    main.o(.text.taskPIR) refers to queue.o(.text.xQueueSemaphoreTake) for xQueueSemaphoreTake
    main.o(.text.taskPIR) refers to tasks.o(.text.vTaskDelay) for vTaskDelay
    main.o(.ARM.exidx.text.taskPIR) refers to main.o(.text.taskPIR) for [Anonymous Symbol]
    main.o(.text.taskRFID) refers to rc522_1.o(.text.MFRC522_Init) for MFRC522_Init
    main.o(.text.taskRFID) refers to tasks.o(.text.vTaskDelay) for vTaskDelay
    main.o(.text.taskRFID) refers to rc522_1.o(.text.MFRC522_Request) for MFRC522_Request
    main.o(.text.taskRFID) refers to puts.o(i.puts) for puts
    main.o(.text.taskRFID) refers to printf8.o(i.__0printf$8) for __2printf
    main.o(.text.taskRFID) refers to rc522_1.o(.text.MFRC522_Anticoll) for MFRC522_Anticoll
    main.o(.text.taskRFID) refers to rc522_1.o(.text.MFRC522_Halt) for MFRC522_Halt
    main.o(.ARM.exidx.text.taskRFID) refers to main.o(.text.taskRFID) for [Anonymous Symbol]
    main.o(.text.taskIsOpen) refers to main.o(.bss..L_MergedGlobals) for .L_MergedGlobals
    main.o(.text.taskIsOpen) refers to tasks.o(.text.vTaskDelay) for vTaskDelay
    main.o(.text.taskIsOpen) refers to stm32f4xx_hal_gpio.o(.text.HAL_GPIO_ReadPin) for HAL_GPIO_ReadPin
    main.o(.text.taskIsOpen) refers to queue.o(.text.xQueueGenericSend) for xQueueGenericSend
    main.o(.ARM.exidx.text.taskIsOpen) refers to main.o(.text.taskIsOpen) for [Anonymous Symbol]
[...]
    .L.str.2                                 0x0800927c   Data          16  pb_decode_1.o(.rodata.str1.1)
    .L.str.12                                0x0800928c   Data          15  pb_decode_1.o(.rodata.str1.1)
    .L.str                                   0x0800929b   Data          12  pb_encode_1.o(.rodata.str1.1)
    [Anonymous Symbol]                       0x0800929b   Section        0  pb_encode_1.o(.rodata.str1.1)
    .L.str.4                                 0x080092a7   Data          18  pb_encode_1.o(.rodata.str1.1)
    .data                                    0x20000000   Section        4  stdout.o(.data)
    .L_MergedGlobals                         0x20000004   Data           8  stm32f4xx_hal.o(.data..L_MergedGlobals)
    [Anonymous Symbol]                       0x20000004   Section        0  stm32f4xx_hal.o(.data..L_MergedGlobals)
    uxCriticalNesting                        0x20000010   Data           4  port.o(.data.uxCriticalNesting)
    [Anonymous Symbol]                       0x20000010   Section        0  port.o(.data.uxCriticalNesting)
    .L_MergedGlobals                         0x20000018   Data          97  main.o(.bss..L_MergedGlobals)
    [Anonymous Symbol]                       0x20000018   Section        0  main.o(.bss..L_MergedGlobals)
    taskKeypad.key_buffer                    0x20000068   Data          17  main.o(.bss..L_MergedGlobals)
    .L_MergedGlobals                         0x2000007c   Data         120  tasks.o(.bss..L_MergedGlobals)
    [Anonymous Symbol]                       0x2000007c   Section        0  tasks.o(.bss..L_MergedGlobals)
    uxTaskNumber                             0x20000080   Data           4  tasks.o(.bss..L_MergedGlobals)
    uxDeletedTasksWaitingCleanUp             0x20000084   Data           4  tasks.o(.bss..L_MergedGlobals)
    uxCurrentNumberOfTasks                   0x20000088   Data           4  tasks.o(.bss..L_MergedGlobals)
    xSchedulerRunning                        0x2000008c   Data           4  tasks.o(.bss..L_MergedGlobals)
    uxSchedulerSuspended                     0x20000090   Data           4  tasks.o(.bss..L_MergedGlobals)
    xTickCount                               0x20000094   Data           4  tasks.o(.bss..L_MergedGlobals)
    pxDelayedTaskList                        0x20000098   Data           4  tasks.o(.bss..L_MergedGlobals)
    pxOverflowDelayedTaskList                0x2000009c   Data           4  tasks.o(.bss..L_MergedGlobals)
    uxTopReadyPriority                       0x200000a0   Data           4  tasks.o(.bss..L_MergedGlobals)
    xIdleTaskHandle                          0x200000a4   Data           4  tasks.o(.bss..L_MergedGlobals)
    xNextTaskUnblockTime                     0x200000a8   Data           4  tasks.o(.bss..L_MergedGlobals)
    xYieldPending                            0x200000ac   Data           4  tasks.o(.bss..L_MergedGlobals)
    xPendedTicks                             0x200000b0   Data           4  tasks.o(.bss..L_MergedGlobals)
    xNumOfOverflows                          0x200000b4   Data           4  tasks.o(.bss..L_MergedGlobals)
    xTasksWaitingTermination                 0x200000b8   Data          20  tasks.o(.bss..L_MergedGlobals)
    xSuspendedTaskList                       0x200000cc   Data          20  tasks.o(.bss..L_MergedGlobals)
    xPendingReadyList                        0x200000e0   Data          20  tasks.o(.bss..L_MergedGlobals)
    .L_MergedGlobals                         0x200000f4   Data          60  timers.o(.bss..L_MergedGlobals)
    xTimerQueue                              0x200000f4   Data           4  timers.o(.bss..L_MergedGlobals)
    [Anonymous Symbol]                       0x200000f4   Section        0  timers.o(.bss..L_MergedGlobals)
    xTimerTaskHandle                         0x200000f8   Data           4  timers.o(.bss..L_MergedGlobals)
    pxCurrentTimerList                       0x200000fc   Data           4  timers.o(.bss..L_MergedGlobals)
    pxOverflowTimerList                      0x20000100   Data           4  timers.o(.bss..L_MergedGlobals)
    prvSampleTimeNow.xLastTime               0x20000104   Data           4  timers.o(.bss..L_MergedGlobals)
    xActiveTimerList1                        0x20000108   Data          20  timers.o(.bss..L_MergedGlobals)
    xActiveTimerList2                        0x2000011c   Data          20  timers.o(.bss..L_MergedGlobals)
    .L_MergedGlobals                         0x20000130   Data          32  heap_4.o(.bss..L_MergedGlobals)
    xBlockAllocatedBit                       0x20000130   Data           1  heap_4.o(.bss..L_MergedGlobals)
    [Anonymous Symbol]                       0x20000130   Section        0  heap_4.o(.bss..L_MergedGlobals)
    pxEnd                                    0x20000134   Data           4  heap_4.o(.bss..L_MergedGlobals)
    xFreeBytesRemaining                      0x20000138   Data           4  heap_4.o(.bss..L_MergedGlobals)
    xMinimumEverFreeBytesRemaining           0x2000013c   Data           4  heap_4.o(.bss..L_MergedGlobals)
    xNumberOfSuccessfulAllocations           0x20000140   Data           4  heap_4.o(.bss..L_MergedGlobals)
    xNumberOfSuccessfulFrees                 0x20000144   Data           4  heap_4.o(.bss..L_MergedGlobals)
    xStart                                   0x20000148   Data           8  heap_4.o(.bss..L_MergedGlobals)
    .L_MergedGlobals                         0x20000150   Data           8  port.o(.bss..L_MergedGlobals)
    ucMaxSysCallPriority                     0x20000150   Data           1  port.o(.bss..L_MergedGlobals)
    [Anonymous Symbol]                       0x20000150   Section        0  port.o(.bss..L_MergedGlobals)
    ulMaxPRIGROUPValue                       0x20000154   Data           4  port.o(.bss..L_MergedGlobals)
    .L_MergedGlobals.1                       0x20000158   Data          40  tasks.o(.bss..L_MergedGlobals.1)
    xDelayedTaskList1                        0x20000158   Data          20  tasks.o(.bss..L_MergedGlobals.1)
    [Anonymous Symbol]                       0x20000158   Section        0  tasks.o(.bss..L_MergedGlobals.1)
    xDelayedTaskList2                        0x2000016c   Data          20  tasks.o(.bss..L_MergedGlobals.1)
    prvCheckForValidListAndQueue.ucStaticTimerQueueStorage 0x200002b4   Data         160  timers.o(.bss.prvCheckForValidListAndQueue.ucStaticTimerQueueStorage)
    [Anonymous Symbol]                       0x200002b4   Section        0  timers.o(.bss.prvCheckForValidListAndQueue.ucStaticTimerQueueStorage)
    prvCheckForValidListAndQueue.xStaticTimerQueue 0x20000354   Data          80  timers.o(.bss.prvCheckForValidListAndQueue.xStaticTimerQueue)
    [Anonymous Symbol]                       0x20000354   Section        0  timers.o(.bss.prvCheckForValidListAndQueue.xStaticTimerQueue)
    pxReadyTasksLists                        0x200003a4   Data        1120  tasks.o(.bss.pxReadyTasksLists)
    [Anonymous Symbol]                       0x200003a4   Section        0  tasks.o(.bss.pxReadyTasksLists)
    ucHeap                                   0x20000888   Data       15360  heap_4.o(.bss.ucHeap)
    [Anonymous Symbol]                       0x20000888   Section        0  heap_4.o(.bss.ucHeap)
    vApplicationGetIdleTaskMemory.Idle_Stack 0x2000448c   Data         512  cmsis_os2.o(.bss.vApplicationGetIdleTaskMemory.Idle_Stack)
    [Anonymous Symbol]                       0x2000448c   Section        0  cmsis_os2.o(.bss.vApplicationGetIdleTaskMemory.Idle_Stack)
    vApplicationGetIdleTaskMemory.Idle_TCB   0x2000468c   Data          92  cmsis_os2.o(.bss.vApplicationGetIdleTaskMemory.Idle_TCB)
    [Anonymous Symbol]                       0x2000468c   Section        0  cmsis_os2.o(.bss.vApplicationGetIdleTaskMemory.Idle_TCB)
    vApplicationGetTimerTaskMemory.Timer_Stack 0x200046e8   Data        1024  cmsis_os2.o(.bss.vApplicationGetTimerTaskMemory.Timer_Stack)
    [Anonymous Symbol]                       0x200046e8   Section        0  cmsis_os2.o(.bss.vApplicationGetTimerTaskMemory.Timer_Stack)
    vApplicationGetTimerTaskMemory.Timer_TCB 0x20004ae8   Data          92  cmsis_os2.o(.bss.vApplicationGetTimerTaskMemory.Timer_TCB)
    [Anonymous Symbol]                       0x20004ae8   Section        0  cmsis_os2.o(.bss.vApplicationGetTimerTaskMemory.Timer_TCB)
    STACK                                    0x20004b88   Section     1024  startup_stm32f429xx.o(STACK)

    Global Symbols

    Symbol Name                              Value     Ov Type        Size  Object(Section)

    BuildAttributes$$THM_ISAv4$E$P$D$K$B$S$7EM$VFPi3$EXTD16$VFPS$VFMA$PE$A:L22UL41UL21$X:L11$S22US41US21$IEEE1$IW$~IW$USESV6$~STKCKD$USESV7$~SHL$OTIME$ROPI$EBA8$MICROLIB$REQ8$PRES8$EABIv2 0x00000000   Number         0  anon$$obj.o ABSOLUTE
    _printf_a                                0x00000000   Number         0  printfstubs.o ABSOLUTE
    _printf_c                                0x00000000   Number         0  printfstubs.o ABSOLUTE
    _printf_charcount                        0x00000000   Number         0  printfstubs.o ABSOLUTE
    _printf_d                                0x00000000   Number         0  printfstubs.o ABSOLUTE
    _printf_e                                0x00000000   Number         0  printfstubs.o ABSOLUTE
    _printf_f                                0x00000000   Number         0  printfstubs.o ABSOLUTE
    _printf_flags                            0x00000000   Number         0  printfstubs.o ABSOLUTE
    _printf_fp_dec                           0x00000000   Number         0  printfstubs.o ABSOLUTE
    _printf_fp_hex                           0x00000000   Number         0  printfstubs.o ABSOLUTE
    _printf_g                                0x00000000   Number         0  printfstubs.o ABSOLUTE
    _printf_i                                0x00000000   Number         0  printfstubs.o ABSOLUTE
    _printf_int_dec                          0x00000000   Number         0  printfstubs.o ABSOLUTE
    _printf_l                                0x00000000   Number         0  printfstubs.o ABSOLUTE
    _printf_lc                               0x00000000   Number         0  printfstubs.o ABSOLUTE
    _printf_ll                               0x00000000   Number         0  printfstubs.o ABSOLUTE
    _printf_lld                              0x00000000   Number         0  printfstubs.o ABSOLUTE
    _printf_lli                              0x00000000   Number         0  printfstubs.o ABSOLUTE
    _printf_llo                              0x00000000   Number         0  printfstubs.o ABSOLUTE
    _printf_llu                              0x00000000   Number         0  printfstubs.o ABSOLUTE
    _printf_llx                              0x00000000   Number         0  printfstubs.o ABSOLUTE
    _printf_longlong_dec                     0x00000000   Number         0  printfstubs.o ABSOLUTE
    _printf_longlong_hex                     0x00000000   Number         0  printfstubs.o ABSOLUTE
    _printf_longlong_oct                     0x00000000   Number         0  printfstubs.o ABSOLUTE
    _printf_ls                               0x00000000   Number         0  printfstubs.o ABSOLUTE
    _printf_mbtowc                           0x00000000   Number         0  printfstubs.o ABSOLUTE
    _printf_n                                0x00000000   Number         0  printfstubs.o ABSOLUTE
    _printf_o                                0x00000000   Number         0  printfstubs.o ABSOLUTE
    _printf_p                                0x00000000   Number         0  printfstubs.o ABSOLUTE
    _printf_percent                          0x00000000   Number         0  printfstubs.o ABSOLUTE
    _printf_pre_padding                      0x00000000   Number         0  printfstubs.o ABSOLUTE
    _printf_return_value                     0x00000000   Number         0  printfstubs.o ABSOLUTE
    _printf_s                                0x00000000   Number         0  printfstubs.o ABSOLUTE
    _printf_sizespec                         0x00000000   Number         0  printfstubs.o ABSOLUTE
    _printf_str                              0x00000000   Number         0  printfstubs.o ABSOLUTE
    _printf_truncate_signed                  0x00000000   Number         0  printfstubs.o ABSOLUTE
    _printf_truncate_unsigned                0x00000000   Number         0  printfstubs.o ABSOLUTE
    _printf_u                                0x00000000   Number         0  printfstubs.o ABSOLUTE
    _printf_wc                               0x00000000   Number         0  printfstubs.o ABSOLUTE
    _printf_wctomb                           0x00000000   Number         0  printfstubs.o ABSOLUTE
    _printf_widthprec                        0x00000000   Number         0  printfstubs.o ABSOLUTE
    _printf_x                                0x00000000   Number         0  printfstubs.o ABSOLUTE
    __cpp_initialize__aeabi_                  - Undefined Weak Reference
    __cxa_finalize                            - Undefined Weak Reference
    __decompress                              - Undefined Weak Reference
    _clock_init                               - Undefined Weak Reference
    _microlib_exit                            - Undefined Weak Reference
    __Vectors_Size                           0x000001ac   Number         0  startup_stm32f429xx.o ABSOLUTE
    __Vectors                                0x08000000   Data           4  startup_stm32f429xx.o(RESET)
    __Vectors_End                            0x080001ac   Data           0  startup_stm32f429xx.o(RESET)
    __main                                   0x080001ad   Thumb Code     0  entry.o(.ARM.Collect$$$$00000000)
    _main_stk                                0x080001ad   Thumb Code     0  entry2.o(.ARM.Collect$$$$00000001)
    _main_scatterload                        0x080001b1   Thumb Code     0  entry5.o(.ARM.Collect$$$$00000004)
    __main_after_scatterload                 0x080001b5   Thumb Code     0  entry5.o(.ARM.Collect$$$$00000004)
    _main_clock                              0x080001b5   Thumb Code     0  entry7b.o(.ARM.Collect$$$$00000008)
    _main_cpp_init                           0x080001b5   Thumb Code     0  entry8b.o(.ARM.Collect$$$$0000000A)
    _main_init                               0x080001b5   Thumb Code     0  entry9a.o(.ARM.Collect$$$$0000000B)
    __rt_final_cpp                           0x080001bd   Thumb Code     0  entry10a.o(.ARM.Collect$$$$0000000D)
    __rt_final_exit                          0x080001bd   Thumb Code     0  entry11a.o(.ARM.Collect$$$$0000000F)
    Reset_Handler                            0x080001c1   Thumb Code     8  startup_stm32f429xx.o(.text)
    ADC_IRQHandler                           0x080001db   Thumb Code     0  startup_stm32f429xx.o(.text)
    CAN1_RX0_IRQHandler                      0x080001db   Thumb Code     0  startup_stm32f429xx.o(.text)
    CAN1_RX1_IRQHandler                      0x080001db   Thumb Code     0  startup_stm32f429xx.o(.text)
    CAN1_SCE_IRQHandler                      0x080001db   Thumb Code     0  startup_stm32f429xx.o(.text)
    CAN1_TX_IRQHandler                       0x080001db   Thumb Code     0  startup_stm32f429xx.o(.text)
    CAN2_RX0_IRQHandler                      0x080001db   Thumb Code     0  startup_stm32f429xx.o(.text)
    CAN2_RX1_IRQHandler                      0x080001db   Thumb Code     0  startup_stm32f429xx.o(.text)
    CAN2_SCE_IRQHandler                      0x080001db   Thumb Code     0  startup_stm32f429xx.o(.text)
    CAN2_TX_IRQHandler                       0x080001db   Thumb Code     0  startup_stm32f429xx.o(.text)
    DCMI_IRQHandler                          0x080001db   Thumb Code     0  startup_stm32f429xx.o(.text)
    DMA1_Stream0_IRQHandler                  0x080001db   Thumb Code     0  startup_stm32f429xx.o(.text)
    DMA1_Stream1_IRQHandler                  0x080001db   Thumb Code     0  startup_stm32f429xx.o(.text)
    DMA1_Stream2_IRQHandler                  0x080001db   Thumb Code     0  startup_stm32f429xx.o(.text)
    DMA1_Stream3_IRQHandler                  0x080001db   Thumb Code     0  startup_stm32f429xx.o(.text)
    DMA1_Stream4_IRQHandler                  0x080001db   Thumb Code     0  startup_stm32f429xx.o(.text)
    DMA1_Stream5_IRQHandler                  0x080001db   Thumb Code     0  startup_stm32f429xx.o(.text)
    DMA1_Stream6_IRQHandler                  0x080001db   Thumb Code     0  startup_stm32f429xx.o(.text)
    DMA1_Stream7_IRQHandler                  0x080001db   Thumb Code     0  startup_stm32f429xx.o(.text)
    DMA2D_IRQHandler                         0x080001db   Thumb Code     0  startup_stm32f429xx.o(.text)
    DMA2_Stream0_IRQHandler                  0x080001db   Thumb Code     0  startup_stm32f429xx.o(.text)
    DMA2_Stream1_IRQHandler                  0x080001db   Thumb Code     0  startup_stm32f429xx.o(.text)
    DMA2_Stream2_IRQHandler                  0x080001db   Thumb Code     0  startup_stm32f429xx.o(.text)
    DMA2_Stream3_IRQHandler                  0x080001db   Thumb Code     0  startup_stm32f429xx.o(.text)
    DMA2_Stream4_IRQHandler                  0x080001db   Thumb Code     0  startup_stm32f429xx.o(.text)
    DMA2_Stream5_IRQHandler                  0x080001db   Thumb Code     0  startup_stm32f429xx.o(.text)
    DMA2_Stream6_IRQHandler                  0x080001db   Thumb Code     0  startup_stm32f429xx.o(.text)
    DMA2_Stream7_IRQHandler                  0x080001db   Thumb Code     0  startup_stm32f429xx.o(.text)
    ETH_IRQHandler                           0x080001db   Thumb Code     0  startup_stm32f429xx.o(.text)
    ETH_WKUP_IRQHandler                      0x080001db   Thumb Code     0  startup_stm32f429xx.o(.text)
    EXTI0_IRQHandler                         0x080001db   Thumb Code     0  startup_stm32f429xx.o(.text)
    EXTI2_IRQHandler                         0x080001db   Thumb Code     0  startup_stm32f429xx.o(.text)
    FLASH_IRQHandler                         0x080001db   Thumb Code     0  startup_stm32f429xx.o(.text)
    FMC_IRQHandler                           0x080001db   Thumb Code     0  startup_stm32f429xx.o(.text)
    FPU_IRQHandler                           0x080001db   Thumb Code     0  startup_stm32f429xx.o(.text)
    HASH_RNG_IRQHandler                      0x080001db   Thumb Code     0  startup_stm32f429xx.o(.text)
    I2C1_ER_IRQHandler                       0x080001db   Thumb Code     0  startup_stm32f429xx.o(.text)
    I2C1_EV_IRQHandler                       0x080001db   Thumb Code     0  startup_stm32f429xx.o(.text)
    I2C2_ER_IRQHandler                       0x080001db   Thumb Code     0  startup_stm32f429xx.o(.text)
    I2C2_EV_IRQHandler                       0x080001db   Thumb Code     0  startup_stm32f429xx.o(.text)
    I2C3_ER_IRQHandler                       0x080001db   Thumb Code     0  startup_stm32f429xx.o(.text)
    I2C3_EV_IRQHandler                       0x080001db   Thumb Code     0  startup_stm32f429xx.o(.text)
    LTDC_ER_IRQHandler                       0x080001db   Thumb Code     0  startup_stm32f429xx.o(.text)
    LTDC_IRQHandler                          0x080001db   Thumb Code     0  startup_stm32f429xx.o(.text)
    OTG_FS_IRQHandler                        0x080001db   Thumb Code     0  startup_stm32f429xx.o(.text)
    OTG_FS_WKUP_IRQHandler                   0x080001db   Thumb Code     0  startup_stm32f429xx.o(.text)
    OTG_HS_EP1_IN_IRQHandler                 0x080001db   Thumb Code     0  startup_stm32f429xx.o(.text)
    OTG_HS_EP1_OUT_IRQHandler                0x080001db   Thumb Code     0  startup_stm32f429xx.o(.text)
    OTG_HS_IRQHandler                        0x080001db   Thumb Code     0  startup_stm32f429xx.o(.text)
    OTG_HS_WKUP_IRQHandler                   0x080001db   Thumb Code     0  startup_stm32f429xx.o(.text)
    PVD_IRQHandler                           0x080001db   Thumb Code     0  startup_stm32f429xx.o(.text)
    RCC_IRQHandler                           0x080001db   Thumb Code     0  startup_stm32f429xx.o(.text)
    RTC_Alarm_IRQHandler                     0x080001db   Thumb Code     0  startup_stm32f429xx.o(.text)
    RTC_WKUP_IRQHandler                      0x080001db   Thumb Code     0  startup_stm32f429xx.o(.text)
    SAI1_IRQHandler                          0x080001db   Thumb Code     0  startup_stm32f429xx.o(.text)
    SDIO_IRQHandler                          0x080001db   Thumb Code     0  startup_stm32f429xx.o(.text)
    SPI1_IRQHandler                          0x080001db   Thumb Code     0  startup_stm32f429xx.o(.text)
    SPI2_IRQHandler                          0x080001db   Thumb Code     0  startup_stm32f429xx.o(.text)
    SPI3_IRQHandler                          0x080001db   Thumb Code     0  startup_stm32f429xx.o(.text)
    SPI4_IRQHandler                          0x080001db   Thumb Code     0  startup_stm32f429xx.o(.text)
    SPI5_IRQHandler                          0x080001db   Thumb Code     0  startup_stm32f429xx.o(.text)
    SPI6_IRQHandler                          0x080001db   Thumb Code     0  startup_stm32f429xx.o(.text)
    TAMP_STAMP_IRQHandler                    0x080001db   Thumb Code     0  startup_stm32f429xx.o(.text)
    TIM1_BRK_TIM9_IRQHandler                 0x080001db   Thumb Code     0  startup_stm32f429xx.o(.text)
    TIM1_CC_IRQHandler                       0x080001db   Thumb Code     0  startup_stm32f429xx.o(.text)
    TIM1_TRG_COM_TIM11_IRQHandler            0x080001db   Thumb Code     0  startup_stm32f429xx.o(.text)
    TIM1_UP_TIM10_IRQHandler                 0x080001db   Thumb Code     0  startup_stm32f429xx.o(.text)
    TIM2_IRQHandler                          0x080001db   Thumb Code     0  startup_stm32f429xx.o(.text)
    TIM3_IRQHandler                          0x080001db   Thumb Code     0  startup_stm32f429xx.o(.text)
    TIM4_IRQHandler                          0x080001db   Thumb Code     0  startup_stm32f429xx.o(.text)
    TIM5_IRQHandler                          0x080001db   Thumb Code     0  startup_stm32f429xx.o(.text)
    TIM6_DAC_IRQHandler                      0x080001db   Thumb Code     0  startup_stm32f429xx.o(.text)
    TIM7_IRQHandler                          0x080001db   Thumb Code     0  startup_stm32f429xx.o(.text)
    TIM8_BRK_TIM12_IRQHandler                0x080001db   Thumb Code     0  startup_stm32f429xx.o(.text)
    TIM8_CC_IRQHandler                       0x080001db   Thumb Code     0  startup_stm32f429xx.o(.text)
    TIM8_TRG_COM_TIM14_IRQHandler            0x080001db   Thumb Code     0  startup_stm32f429xx.o(.text)
    TIM8_UP_TIM13_IRQHandler                 0x080001db   Thumb Code     0  startup_stm32f429xx.o(.text)
    UART4_IRQHandler                         0x080001db   Thumb Code     0  startup_stm32f429xx.o(.text)
    UART5_IRQHandler                         0x080001db   Thumb Code     0  startup_stm32f429xx.o(.text)
    UART7_IRQHandler                         0x080001db   Thumb Code     0  startup_stm32f429xx.o(.text)
    UART8_IRQHandler                         0x080001db   Thumb Code     0  startup_stm32f429xx.o(.text)
    USART1_IRQHandler                        0x080001db   Thumb Code     0  startup_stm32f429xx.o(.text)
    USART3_IRQHandler                        0x080001db   Thumb Code     0  startup_stm32f429xx.o(.text)
    USART6_IRQHandler                        0x080001db   Thumb Code     0  startup_stm32f429xx.o(.text)
    WWDG_IRQHandler                          0x080001db   Thumb Code     0  startup_stm32f429xx.o(.text)
    __aeabi_uldivmod                         0x080001e5   Thumb Code    98  uldiv.o(.text)
    __aeabi_memcpy                           0x08000247   Thumb Code    36  memcpya.o(.text)
    __aeabi_memcpy4                          0x08000247   Thumb Code     0  memcpya.o(.text)
    __aeabi_memcpy8                          0x08000247   Thumb Code     0  memcpya.o(.text)
    __aeabi_memset                           0x0800026b   Thumb Code    14  memseta.o(.text)
    __aeabi_memset4                          0x0800026b   Thumb Code     0  memseta.o(.text)
    __aeabi_memset8                          0x0800026b   Thumb Code     0  memseta.o(.text)
    __aeabi_memclr                           0x08000279   Thumb Code     4  memseta.o(.text)
    __aeabi_memclr4                          0x08000279   Thumb Code     0  memseta.o(.text)
    __aeabi_memclr8                          0x08000279   Thumb Code     0  memseta.o(.text)
    _memset$wrapper                          0x0800027d   Thumb Code    18  memseta.o(.text)
    strlen                                   0x0800028f   Thumb Code    14  strlen.o(.text)
    __aeabi_llsl                             0x0800029d   Thumb Code    30  llshl.o(.text)
    _ll_shift_l                              0x0800029d   Thumb Code     0  llshl.o(.text)
    __aeabi_llsr                             0x080002bb   Thumb Code    32  llushr.o(.text)
    _ll_ushift_r                             0x080002bb   Thumb Code     0  llushr.o(.text)
    __scatterload                            0x080002dd   Thumb Code    28  init.o(.text)
    __scatterload_rt2                        0x080002dd   Thumb Code     0  init.o(.text)
    BusFault_Handler                         0x08000301   Thumb Code     2  stm32f4xx_it.o(.text.BusFault_Handler)
    CalulateCRC                              0x08000305   Thumb Code   468  rc522_1.o(.text.CalulateCRC)
    ClearBitMask                             0x080004d9   Thumb Code   182  rc522_1.o(.text.ClearBitMask)
    DebugMon_Handler                         0x08000591   Thumb Code     2  stm32f4xx_it.o(.text.DebugMon_Handler)
    EXTI15_10_IRQHandler                     0x08000595   Thumb Code     8  stm32f4xx_it.o(.text.EXTI15_10_IRQHandler)
    EXTI1_IRQHandler                         0x0800059d   Thumb Code     6  stm32f4xx_it.o(.text.EXTI1_IRQHandler)
    EXTI3_IRQHandler                         0x080005a5   Thumb Code     6  stm32f4xx_it.o(.text.EXTI3_IRQHandler)
    EXTI4_IRQHandler                         0x080005ad   Thumb Code     6  stm32f4xx_it.o(.text.EXTI4_IRQHandler)
    EXTI9_5_IRQHandler                       0x080005b5   Thumb Code    18  stm32f4xx_it.o(.text.EXTI9_5_IRQHandler)
    Error_Handler                            0x080005c9   Thumb Code    10  main.o(.text.Error_Handler)
    HAL_DMA_Abort                            0x080005d5   Thumb Code   142  stm32f4xx_hal_dma.o(.text.HAL_DMA_Abort)
    HAL_DMA_Abort_IT                         0x08000665   Thumb Code    36  stm32f4xx_hal_dma.o(.text.HAL_DMA_Abort_IT)
    HAL_Delay                                0x08000689   Thumb Code    40  stm32f4xx_hal.o(.text.HAL_Delay)
    HAL_GPIO_EXTI_Callback                   0x080006b1   Thumb Code   208  main.o(.text.HAL_GPIO_EXTI_Callback)
    HAL_GPIO_EXTI_IRQHandler                 0x08000795   Thumb Code    22  stm32f4xx_hal_gpio.o(.text.HAL_GPIO_EXTI_IRQHandler)
    HAL_GPIO_Init                            0x080007ad   Thumb Code   422  stm32f4xx_hal_gpio.o(.text.HAL_GPIO_Init)
    HAL_GPIO_ReadPin                         0x08000955   Thumb Code    10  stm32f4xx_hal_gpio.o(.text.HAL_GPIO_ReadPin)
    HAL_GPIO_WritePin                        0x08000961   Thumb Code    10  stm32f4xx_hal_gpio.o(.text.HAL_GPIO_WritePin)
    HAL_GetTick                              0x0800096d   Thumb Code    12  stm32f4xx_hal.o(.text.HAL_GetTick)
    HAL_I2CEx_ConfigAnalogFilter             0x08000979   Thumb Code    60  stm32f4xx_hal_i2c_ex.o(.text.HAL_I2CEx_ConfigAnalogFilter)
    HAL_I2CEx_ConfigDigitalFilter            0x080009b5   Thumb Code    64  stm32f4xx_hal_i2c_ex.o(.text.HAL_I2CEx_ConfigDigitalFilter)
    HAL_I2C_Init                             0x080009f5   Thumb Code   374  stm32f4xx_hal_i2c.o(.text.HAL_I2C_Init)
    HAL_I2C_Master_Transmit                  0x08000b6d   Thumb Code  1144  stm32f4xx_hal_i2c.o(.text.HAL_I2C_Master_Transmit)
    HAL_I2C_MspInit                          0x08000fe5   Thumb Code   108  i2c.o(.text.HAL_I2C_MspInit)
    HAL_IncTick                              0x08001051   Thumb Code    26  stm32f4xx_hal.o(.text.HAL_IncTick)
    HAL_Init                                 0x0800106d   Thumb Code    54  stm32f4xx_hal.o(.text.HAL_Init)
    HAL_InitTick                             0x080010a5   Thumb Code    72  stm32f4xx_hal.o(.text.HAL_InitTick)
    HAL_MspInit                              0x080010ed   Thumb Code    66  stm32f4xx_hal_msp.o(.text.HAL_MspInit)
    HAL_NVIC_EnableIRQ                       0x08001131   Thumb Code    38  stm32f4xx_hal_cortex.o(.text.HAL_NVIC_EnableIRQ)
    HAL_NVIC_SetPriority                     0x08001159   Thumb Code    86  stm32f4xx_hal_cortex.o(.text.HAL_NVIC_SetPriority)
    HAL_NVIC_SetPriorityGrouping             0x080011b1   Thumb Code    32  stm32f4xx_hal_cortex.o(.text.HAL_NVIC_SetPriorityGrouping)
    HAL_RCC_ClockConfig                      0x080011d1   Thumb Code   352  stm32f4xx_hal_rcc.o(.text.HAL_RCC_ClockConfig)
    HAL_RCC_GetPCLK1Freq                     0x08001331   Thumb Code    38  stm32f4xx_hal_rcc.o(.text.HAL_RCC_GetPCLK1Freq)
    HAL_RCC_GetPCLK2Freq                     0x08001359   Thumb Code    38  stm32f4xx_hal_rcc.o(.text.HAL_RCC_GetPCLK2Freq)
    HAL_RCC_GetSysClockFreq                  0x08001381   Thumb Code   106  stm32f4xx_hal_rcc.o(.text.HAL_RCC_GetSysClockFreq)
    HAL_RCC_OscConfig                        0x080013ed   Thumb Code   884  stm32f4xx_hal_rcc.o(.text.HAL_RCC_OscConfig)
    HAL_SPI_Init                             0x08001761   Thumb Code   180  stm32f4xx_hal_spi.o(.text.HAL_SPI_Init)
    HAL_SPI_MspInit                          0x08001815   Thumb Code   106  spi.o(.text.HAL_SPI_MspInit)
    HAL_SPI_TransmitReceive                  0x08001881   Thumb Code   792  stm32f4xx_hal_spi.o(.text.HAL_SPI_TransmitReceive)
    HAL_SYSTICK_Config                       0x08001b99   Thumb Code    44  stm32f4xx_hal_cortex.o(.text.HAL_SYSTICK_Config)
    HAL_UARTEx_RxEventCallback               0x08001bc5   Thumb Code     2  stm32f4xx_hal_uart.o(.text.HAL_UARTEx_RxEventCallback)
    HAL_UART_ErrorCallback                   0x08001bc9   Thumb Code     2  stm32f4xx_hal_uart.o(.text.HAL_UART_ErrorCallback)
    HAL_UART_IRQHandler                      0x08001bcd   Thumb Code  1380  stm32f4xx_hal_uart.o(.text.HAL_UART_IRQHandler)
    HAL_UART_Init                            0x08002131   Thumb Code    94  stm32f4xx_hal_uart.o(.text.HAL_UART_Init)
    HAL_UART_MspInit                         0x08002191   Thumb Code   230  usart.o(.text.HAL_UART_MspInit)
    HAL_UART_RxCpltCallback                  0x08002279   Thumb Code     2  stm32f4xx_hal_uart.o(.text.HAL_UART_RxCpltCallback)
    HAL_UART_Transmit                        0x0800227d   Thumb Code   646  stm32f4xx_hal_uart.o(.text.HAL_UART_Transmit)
    HAL_UART_TxCpltCallback                  0x08002505   Thumb Code     2  stm32f4xx_hal_uart.o(.text.HAL_UART_TxCpltCallback)
    HardFault_Handler                        0x08002509   Thumb Code     2  stm32f4xx_it.o(.text.HardFault_Handler)
    MFRC522_Anticoll                         0x0800250d   Thumb Code   154  rc522_1.o(.text.MFRC522_Anticoll)
    MFRC522_Halt                             0x080025a9   Thumb Code    46  rc522_1.o(.text.MFRC522_Halt)
    MFRC522_Init                             0x080025d9   Thumb Code   672  rc522_1.o(.text.MFRC522_Init)
    MFRC522_Request                          0x08002879   Thumb Code   136  rc522_1.o(.text.MFRC522_Request)
    MFRC522_ToCard                           0x08002901   Thumb Code   970  rc522_1.o(.text.MFRC522_ToCard)
    MX_GPIO_Init                             0x08002ccd   Thumb Code   454  gpio.o(.text.MX_GPIO_Init)
    MX_I2C1_Init                             0x08002e95   Thumb Code   110  i2c.o(.text.MX_I2C1_Init)
    MX_SPI1_Init                             0x08002f05   Thumb Code    70  spi.o(.text.MX_SPI1_Init)
    MX_USART2_UART_Init                      0x08002f4d   Thumb Code    60  usart.o(.text.MX_USART2_UART_Init)
    MX_USART3_UART_Init                      0x08002f89   Thumb Code    60  usart.o(.text.MX_USART3_UART_Init)
    MemManage_Handler                        0x08002fc5   Thumb Code     2  stm32f4xx_it.o(.text.MemManage_Handler)
    NMI_Handler                              0x08002fc9   Thumb Code     2  stm32f4xx_it.o(.text.NMI_Handler)
    PendSV_Handler                           0x08002fd1   Thumb Code   100  port.o(.text.PendSV_Handler)
    SVC_Handler                              0x08003121   Thumb Code    36  port.o(.text.SVC_Handler)
    SetBitMask                               0x08003145   Thumb Code   182  rc522_1.o(.text.SetBitMask)
    StartTask_Rx                             0x080031fd   Thumb Code    82  main.o(.text.StartTask_Rx)
    StartTask_Tx                             0x08003251   Thumb Code   128  main.o(.text.StartTask_Tx)
    SysTick_Handler                          0x080032d1   Thumb Code    24  stm32f4xx_it.o(.text.SysTick_Handler)
    SystemInit                               0x080032e9   Thumb Code    18  system_stm32f4xx.o(.text.SystemInit)
    USART2_IRQHandler                        0x080034f9   Thumb Code    12  stm32f4xx_it.o(.text.USART2_IRQHandler)
    UsageFault_Handler                       0x08003505   Thumb Code     2  stm32f4xx_it.o(.text.UsageFault_Handler)
    fputc                                    0x080047e1   Thumb Code    40  usart.o(.text.fputc)
    lcd_clear                                0x08004809   Thumb Code    80  i2c_lcd_1.o(.text.lcd_clear)
    lcd_gotoxy                               0x08004859   Thumb Code   104  i2c_lcd_1.o(.text.lcd_gotoxy)
    lcd_init                                 0x080048c1   Thumb Code   266  i2c_lcd_1.o(.text.lcd_init)
    lcd_puts                                 0x080049cd   Thumb Code    78  i2c_lcd_1.o(.text.lcd_puts)
    main                                     0x08004b2d   Thumb Code   528  main.o(.text.main)
    osDelay                                  0x08004d79   Thumb Code    32  cmsis_os2.o(.text.osDelay)
    osMessageQueueGet                        0x08004d99   Thumb Code   136  cmsis_os2.o(.text.osMessageQueueGet)
    osMessageQueueNew                        0x08004e21   Thumb Code   148  cmsis_os2.o(.text.osMessageQueueNew)
    pb_decode                                0x0800501d   Thumb Code     6  pb_decode_1.o(.text.pb_decode)
    pb_default_field_callback                0x08005441   Thumb Code    60  pb_common_1.o(.text.pb_default_field_callback)
    pb_encode                                0x080055c5   Thumb Code   136  pb_encode_1.o(.text.pb_encode)
    pb_encode_submessage                     0x0800564d   Thumb Code   452  pb_encode_1.o(.text.pb_encode_submessage)
    pb_encode_varint                         0x08005825   Thumb Code   476  pb_encode_1.o(.text.pb_encode_varint)
    pb_field_iter_begin                      0x08005a01   Thumb Code    24  pb_common_1.o(.text.pb_field_iter_begin)
    pb_field_iter_begin_const                0x08005a19   Thumb Code    24  pb_common_1.o(.text.pb_field_iter_begin_const)
    pb_field_iter_begin_extension            0x08005a31   Thumb Code    64  pb_common_1.o(.text.pb_field_iter_begin_extension)
    pb_field_iter_begin_extension_const      0x08005a71   Thumb Code    64  pb_common_1.o(.text.pb_field_iter_begin_extension_const)
    pb_field_iter_find                       0x08005ab1   Thumb Code   184  pb_common_1.o(.text.pb_field_iter_find)
    pb_field_iter_find_extension             0x08005b69   Thumb Code   140  pb_common_1.o(.text.pb_field_iter_find_extension)
    pb_field_iter_next                       0x08005bf5   Thumb Code    94  pb_common_1.o(.text.pb_field_iter_next)
    pb_istream_from_buffer                   0x08005c55   Thumb Code    22  pb_decode_1.o(.text.pb_istream_from_buffer)
    pb_ostream_from_buffer                   0x08005e01   Thumb Code    22  pb_encode_1.o(.text.pb_ostream_from_buffer)
    pb_read                                  0x08005e19   Thumb Code   152  pb_decode_1.o(.text.pb_read)
    pb_skip_field                            0x08005eb1   Thumb Code   326  pb_decode_1.o(.text.pb_skip_field)
    pb_write                                 0x08005ff9   Thumb Code    80  pb_encode_1.o(.text.pb_write)
    pvPortMalloc                             0x080068ed   Thumb Code   522  heap_4.o(.text.pvPortMalloc)
    pvTaskIncrementMutexHeldCount            0x08006af9   Thumb Code    24  tasks.o(.text.pvTaskIncrementMutexHeldCount)
    pxPortInitialiseStack                    0x08006b11   Thumb Code    40  port.o(.text.pxPortInitialiseStack)
    taskIsOpen                               0x08006b39   Thumb Code    90  main.o(.text.taskIsOpen)
    taskKeypad                               0x08006b95   Thumb Code   488  main.o(.text.taskKeypad)
    taskLCD                                  0x08006dc9   Thumb Code   136  main.o(.text.taskLCD)
    taskLed                                  0x08006e61   Thumb Code   122  main.o(.text.taskLed)
    taskPIR                                  0x08006edd   Thumb Code    56  main.o(.text.taskPIR)
    taskRFID                                 0x08006f3d   Thumb Code   104  main.o(.text.taskRFID)
    taskRelay                                0x08007005   Thumb Code    74  main.o(.text.taskRelay)
    uxListRemove                             0x08007051   Thumb Code    36  list.o(.text.uxListRemove)
    vApplicationGetIdleTaskMemory            0x08007075   Thumb Code    26  cmsis_os2.o(.text.vApplicationGetIdleTaskMemory)
    vApplicationGetTimerTaskMemory           0x08007091   Thumb Code    28  cmsis_os2.o(.text.vApplicationGetTimerTaskMemory)
    vListInitialise                          0x080070ad   Thumb Code    22  list.o(.text.vListInitialise)
    vListInitialiseItem                      0x080070c5   Thumb Code     6  list.o(.text.vListInitialiseItem)
    vListInsert                              0x080070cd   Thumb Code    98  list.o(.text.vListInsert)
    vListInsertEnd                           0x08007131   Thumb Code    28  list.o(.text.vListInsertEnd)
    vPortEnterCritical                       0x08007161   Thumb Code    70  port.o(.text.vPortEnterCritical)
    vPortExitCritical                        0x080071a9   Thumb Code    46  port.o(.text.vPortExitCritical)
    vPortFree                                0x080071d9   Thumb Code   212  heap_4.o(.text.vPortFree)
    vPortSetupTimerInterrupt                 0x080072ad   Thumb Code    52  port.o(.text.vPortSetupTimerInterrupt)
    vPortValidateInterruptPriority           0x080072e1   Thumb Code    94  port.o(.text.vPortValidateInterruptPriority)
    vQueueAddToRegistry                      0x08007341   Thumb Code   176  queue.o(.text.vQueueAddToRegistry)
    vQueueWaitForMessageRestricted           0x080073f1   Thumb Code    82  queue.o(.text.vQueueWaitForMessageRestricted)
    vTaskDelay                               0x08007445   Thumb Code   128  tasks.o(.text.vTaskDelay)
    vTaskInternalSetTimeOutState             0x080074c5   Thumb Code    18  tasks.o(.text.vTaskInternalSetTimeOutState)
    vTaskMissedYield                         0x080074d9   Thumb Code    14  tasks.o(.text.vTaskMissedYield)
    vTaskPlaceOnEventList                    0x080074e9   Thumb Code   116  tasks.o(.text.vTaskPlaceOnEventList)
    vTaskPlaceOnEventListRestricted          0x0800755d   Thumb Code   122  tasks.o(.text.vTaskPlaceOnEventListRestricted)
    vTaskPriorityDisinheritAfterTimeout      0x080075d9   Thumb Code   162  tasks.o(.text.vTaskPriorityDisinheritAfterTimeout)
    vTaskStartScheduler                      0x0800767d   Thumb Code   232  tasks.o(.text.vTaskStartScheduler)
    vTaskSuspendAll                          0x0800776d   Thumb Code    16  tasks.o(.text.vTaskSuspendAll)
    vTaskSwitchContext                       0x0800777d   Thumb Code   188  tasks.o(.text.vTaskSwitchContext)
    xPortStartScheduler                      0x08007839   Thumb Code   388  port.o(.text.xPortStartScheduler)
    xPortSysTickHandler                      0x080079bd   Thumb Code    46  port.o(.text.xPortSysTickHandler)
    xQueueGenericCreate                      0x080079ed   Thumb Code   134  queue.o(.text.xQueueGenericCreate)
    xQueueGenericCreateStatic                0x08007a75   Thumb Code   222  queue.o(.text.xQueueGenericCreateStatic)
    xQueueGenericSend                        0x08007b55   Thumb Code   554  queue.o(.text.xQueueGenericSend)
    xQueueGenericSendFromISR                 0x08007d81   Thumb Code   344  queue.o(.text.xQueueGenericSendFromISR)
    xQueueGiveFromISR                        0x08007ed9   Thumb Code   200  queue.o(.text.xQueueGiveFromISR)
    xQueueReceive                            0x08007fa1   Thumb Code   418  queue.o(.text.xQueueReceive)
    xQueueReceiveFromISR                     0x08008145   Thumb Code   228  queue.o(.text.xQueueReceiveFromISR)
    xQueueSemaphoreTake                      0x08008229   Thumb Code   474  queue.o(.text.xQueueSemaphoreTake)
    xTaskCheckForTimeOut                     0x08008405   Thumb Code   162  tasks.o(.text.xTaskCheckForTimeOut)
    xTaskCreate                              0x080084a9   Thumb Code    96  tasks.o(.text.xTaskCreate)
    xTaskCreateStatic                        0x08008509   Thumb Code   118  tasks.o(.text.xTaskCreateStatic)
    xTaskGetSchedulerState                   0x08008581   Thumb Code    30  tasks.o(.text.xTaskGetSchedulerState)
    xTaskGetTickCount                        0x080085a1   Thumb Code    12  tasks.o(.text.xTaskGetTickCount)
    xTaskIncrementTick                       0x080085ad   Thumb Code   260  tasks.o(.text.xTaskIncrementTick)
    xTaskPriorityDisinherit                  0x080086b1   Thumb Code   138  tasks.o(.text.xTaskPriorityDisinherit)
    xTaskPriorityInherit                     0x0800873d   Thumb Code   146  tasks.o(.text.xTaskPriorityInherit)
    xTaskRemoveFromEventList                 0x080087d1   Thumb Code   114  tasks.o(.text.xTaskRemoveFromEventList)
    xTaskResumeAll                           0x08008845   Thumb Code   238  tasks.o(.text.xTaskResumeAll)
    xTimerCreateTimerTask                    0x08008935   Thumb Code   172  timers.o(.text.xTimerCreateTimerTask)
    __0printf$8                              0x080089e9   Thumb Code    22  printf8.o(i.__0printf$8)
    __1printf$8                              0x080089e9   Thumb Code     0  printf8.o(i.__0printf$8)
    __2printf                                0x080089e9   Thumb Code     0  printf8.o(i.__0printf$8)
    __0snprintf$8                            0x08008a09   Thumb Code    48  printf8.o(i.__0snprintf$8)
    __1snprintf$8                            0x08008a09   Thumb Code     0  printf8.o(i.__0snprintf$8)
    __2snprintf                              0x08008a09   Thumb Code     0  printf8.o(i.__0snprintf$8)
    __scatterload_copy                       0x08008a3d   Thumb Code    14  handlers.o(i.__scatterload_copy)
    __scatterload_null                       0x08008a4b   Thumb Code     2  handlers.o(i.__scatterload_null)
    __scatterload_zeroinit                   0x08008a4d   Thumb Code    14  handlers.o(i.__scatterload_zeroinit)
    puts                                     0x08008ed5   Thumb Code    30  puts.o(i.puts)
    AHBPrescTable                            0x08008f04   Data          16  system_stm32f4xx.o(.rodata.AHBPrescTable)
    APBPrescTable                            0x08008f14   Data           8  system_stm32f4xx.o(.rodata.APBPrescTable)
    access_control_ActionResponse_field_info 0x08008f1c   Data          16  message.pb_1.o(.rodata.access_control_ActionResponse_field_info)
    access_control_ActionResponse_msg        0x08008f2c   Data          24  message.pb_1.o(.rodata.access_control_ActionResponse_msg)
    access_control_ActionResponse_submsg_info 0x08008f44   Data           4  message.pb_1.o(.rodata.access_control_ActionResponse_submsg_info)
    access_control_CommandResponse_field_info 0x08008f48   Data           8  message.pb_1.o(.rodata.access_control_CommandResponse_field_info)
    access_control_CommandResponse_msg       0x08008f50   Data          24  message.pb_1.o(.rodata.access_control_CommandResponse_msg)
    access_control_CommandResponse_submsg_info 0x08008f68   Data           4  message.pb_1.o(.rodata.access_control_CommandResponse_submsg_info)
    access_control_ControlRgbLedCommand_field_info 0x08008f6c   Data          16  message.pb_1.o(.rodata.access_control_ControlRgbLedCommand_field_info)
    access_control_ControlRgbLedCommand_msg  0x08008f7c   Data          24  message.pb_1.o(.rodata.access_control_ControlRgbLedCommand_msg)
    access_control_ControlRgbLedCommand_submsg_info 0x08008f94   Data           4  message.pb_1.o(.rodata.access_control_ControlRgbLedCommand_submsg_info)
    access_control_FaceRegistrationEvent_field_info 0x08008f98   Data           4  message.pb_1.o(.rodata.access_control_FaceRegistrationEvent_field_info)
    access_control_FaceRegistrationEvent_msg 0x08008f9c   Data          24  message.pb_1.o(.rodata.access_control_FaceRegistrationEvent_msg)
    access_control_FaceRegistrationEvent_submsg_info 0x08008fb4   Data           4  message.pb_1.o(.rodata.access_control_FaceRegistrationEvent_submsg_info)
    access_control_IrTriggeredEvent_field_info 0x08008fb8   Data           4  message.pb_1.o(.rodata.access_control_IrTriggeredEvent_field_info)
    access_control_IrTriggeredEvent_msg      0x08008fbc   Data          24  message.pb_1.o(.rodata.access_control_IrTriggeredEvent_msg)
    access_control_IrTriggeredEvent_submsg_info 0x08008fd4   Data           4  message.pb_1.o(.rodata.access_control_IrTriggeredEvent_submsg_info)
    access_control_PasswordInputEvent_field_info 0x08008fd8   Data          12  message.pb_1.o(.rodata.access_control_PasswordInputEvent_field_info)
    access_control_PasswordInputEvent_msg    0x08008fe4   Data          24  message.pb_1.o(.rodata.access_control_PasswordInputEvent_msg)
    access_control_PasswordInputEvent_submsg_info 0x08008ffc   Data           4  message.pb_1.o(.rodata.access_control_PasswordInputEvent_submsg_info)
    access_control_PiMessage_field_info      0x08009000   Data          28  message.pb_1.o(.rodata.access_control_PiMessage_field_info)
    access_control_PiMessage_msg             0x0800901c   Data          24  message.pb_1.o(.rodata.access_control_PiMessage_msg)
    access_control_PiMessage_submsg_info     0x08009034   Data          16  message.pb_1.o(.rodata.access_control_PiMessage_submsg_info)
    access_control_RfidRegistrationEvent_field_info 0x08009044   Data           4  message.pb_1.o(.rodata.access_control_RfidRegistrationEvent_field_info)
    access_control_RfidRegistrationEvent_msg 0x08009048   Data          24  message.pb_1.o(.rodata.access_control_RfidRegistrationEvent_msg)
    access_control_RfidRegistrationEvent_submsg_info 0x08009060   Data           4  message.pb_1.o(.rodata.access_control_RfidRegistrationEvent_submsg_info)
    access_control_RfidScannedEvent_field_info 0x08009064   Data          12  message.pb_1.o(.rodata.access_control_RfidScannedEvent_field_info)
    access_control_RfidScannedEvent_msg      0x08009070   Data          24  message.pb_1.o(.rodata.access_control_RfidScannedEvent_msg)
    access_control_RfidScannedEvent_submsg_info 0x08009088   Data           4  message.pb_1.o(.rodata.access_control_RfidScannedEvent_submsg_info)
    access_control_SmartLockPacket_field_info 0x0800908c   Data          24  message.pb_1.o(.rodata.access_control_SmartLockPacket_field_info)
    access_control_SmartLockPacket_msg       0x080090a4   Data          24  message.pb_1.o(.rodata.access_control_SmartLockPacket_msg)
    access_control_SmartLockPacket_submsg_info 0x080090bc   Data          12  message.pb_1.o(.rodata.access_control_SmartLockPacket_submsg_info)
    access_control_Stm32Message_field_info   0x080090c8   Data          60  message.pb_1.o(.rodata.access_control_Stm32Message_field_info)
    access_control_Stm32Message_msg          0x08009104   Data          24  message.pb_1.o(.rodata.access_control_Stm32Message_msg)
    access_control_Stm32Message_submsg_info  0x0800911c   Data          32  message.pb_1.o(.rodata.access_control_Stm32Message_submsg_info)
    access_control_SystemResetEvent_field_info 0x0800913c   Data           4  message.pb_1.o(.rodata.access_control_SystemResetEvent_field_info)
    access_control_SystemResetEvent_msg      0x08009140   Data          24  message.pb_1.o(.rodata.access_control_SystemResetEvent_msg)
    access_control_SystemResetEvent_submsg_info 0x08009158   Data           4  message.pb_1.o(.rodata.access_control_SystemResetEvent_submsg_info)
    access_control_UnlockCommand_field_info  0x0800915c   Data           4  message.pb_1.o(.rodata.access_control_UnlockCommand_field_info)
    access_control_UnlockCommand_msg         0x08009160   Data          24  message.pb_1.o(.rodata.access_control_UnlockCommand_msg)
    access_control_UnlockCommand_submsg_info 0x08009178   Data           4  message.pb_1.o(.rodata.access_control_UnlockCommand_submsg_info)
    Region$$Table$$Base                      0x080092bc   Number         0  anon$$obj.o(Region$$Table)
    Region$$Table$$Limit                     0x080092dc   Number         0  anon$$obj.o(Region$$Table)
    __stdout                                 0x20000000   Data           4  stdout.o(.data)
    uwTickFreq                               0x20000004   Data           1  stm32f4xx_hal.o(.data..L_MergedGlobals)
    uwTickPrio                               0x20000008   Data           4  stm32f4xx_hal.o(.data..L_MergedGlobals)
    SystemCoreClock                          0x2000000c   Data           4  system_stm32f4xx.o(.data.SystemCoreClock)
    rx_flag                                  0x20000018   Data           1  main.o(.bss..L_MergedGlobals)
    rx_len                                   0x2000001a   Data           2  main.o(.bss..L_MergedGlobals)
    queueLCD                                 0x2000001c   Data           4  main.o(.bss..L_MergedGlobals)
    xPIR_Semaphore                           0x20000020   Data           4  main.o(.bss..L_MergedGlobals)
    queueRelay                               0x20000024   Data           4  main.o(.bss..L_MergedGlobals)
    queueLed                                 0x20000028   Data           4  main.o(.bss..L_MergedGlobals)
    queueKeypad                              0x2000002c   Data           4  main.o(.bss..L_MergedGlobals)
    queueRFID                                0x20000030   Data           4  main.o(.bss..L_MergedGlobals)
    handleIsopen                             0x20000034   Data           4  main.o(.bss..L_MergedGlobals)
    handlePIR                                0x20000038   Data           4  main.o(.bss..L_MergedGlobals)
    handleRFID                               0x2000003c   Data           4  main.o(.bss..L_MergedGlobals)
    handleKeypad                             0x20000040   Data           4  main.o(.bss..L_MergedGlobals)
    handleRelay                              0x20000044   Data           4  main.o(.bss..L_MergedGlobals)
    handleLed                                0x20000048   Data           4  main.o(.bss..L_MergedGlobals)
    handleLCD                                0x2000004c   Data           4  main.o(.bss..L_MergedGlobals)
    handleTx                                 0x20000050   Data           4  main.o(.bss..L_MergedGlobals)
    handleRx                                 0x20000054   Data           4  main.o(.bss..L_MergedGlobals)
    lcd1                                     0x20000058   Data           8  main.o(.bss..L_MergedGlobals)
    lcd2                                     0x20000060   Data           8  main.o(.bss..L_MergedGlobals)
    pxCurrentTCB                             0x2000007c   Data           4  tasks.o(.bss..L_MergedGlobals)
    hi2c1                                    0x20000180   Data          84  i2c.o(.bss.hi2c1)
    hspi1                                    0x200001d4   Data          88  spi.o(.bss.hspi1)
    huart2                                   0x2000022c   Data          68  usart.o(.bss.huart2)
    huart3                                   0x20000270   Data          68  usart.o(.bss.huart3)
    rx_buffer                                0x20000804   Data         128  main.o(.bss.rx_buffer)
    smartLockTxQueueHandle                   0x20000884   Data           4  main.o(.bss.smartLockTxQueueHandle)
    uwTick                                   0x20004488   Data           4  stm32f4xx_hal.o(.bss.uwTick)
    xQueueRegistry                           0x20004b44   Data          64  queue.o(.bss.xQueueRegistry)
    __initial_sp                             0x20004f88   Data           0  startup_stm32f429xx.o(STACK)



==============================================================================

Memory Map of the image

  Image Entry point : 0x080001ad

  Load Region LR_IROM1 (Base: 0x08000000, Size: 0x000092f8, Max: 0x00200000, ABSOLUTE)

    Execution Region ER_IROM1 (Exec base: 0x08000000, Load base: 0x08000000, Size: 0x000092dc, Max: 0x00200000, ABSOLUTE)

    Exec Addr    Load Addr    Size         Type   Attr      Idx    E Section Name        Object

    0x08000000   0x08000000   0x000001ac   Data   RO            3    RESET               startup_stm32f429xx.o
    0x080001ac   0x080001ac   0x00000000   Code   RO         1778  * .ARM.Collect$$$$00000000  mc_w.l(entry.o)
    0x080001ac   0x080001ac   0x00000004   Code   RO         2058    .ARM.Collect$$$$00000001  mc_w.l(entry2.o)
    0x080001b0   0x080001b0   0x00000004   Code   RO         2061    .ARM.Collect$$$$00000004  mc_w.l(entry5.o)
    0x080001b4   0x080001b4   0x00000000   Code   RO         2063    .ARM.Collect$$$$00000008  mc_w.l(entry7b.o)
    0x080001b4   0x080001b4   0x00000000   Code   RO         2065    .ARM.Collect$$$$0000000A  mc_w.l(entry8b.o)
    0x080001b4   0x080001b4   0x00000008   Code   RO         2066    .ARM.Collect$$$$0000000B  mc_w.l(entry9a.o)
    0x080001bc   0x080001bc   0x00000000   Code   RO         2068    .ARM.Collect$$$$0000000D  mc_w.l(entry10a.o)
    0x080001bc   0x080001bc   0x00000000   Code   RO         2070    .ARM.Collect$$$$0000000F  mc_w.l(entry11a.o)
    0x080001bc   0x080001bc   0x00000004   Code   RO         2059    .ARM.Collect$$$$00002712  mc_w.l(entry2.o)
    0x080001c0   0x080001c0   0x00000024   Code   RO            4    .text               startup_stm32f429xx.o
    0x080001e4   0x080001e4   0x00000062   Code   RO         1785    .text               mc_w.l(uldiv.o)
    0x08000246   0x08000246   0x00000024   Code   RO         1787    .text               mc_w.l(memcpya.o)
    0x0800026a   0x0800026a   0x00000024   Code   RO         1789    .text               mc_w.l(memseta.o)
    0x0800028e   0x0800028e   0x0000000e   Code   RO         1793    .text               mc_w.l(strlen.o)
    0x0800029c   0x0800029c   0x0000001e   Code   RO         2084    .text               mc_w.l(llshl.o)
    0x080002ba   0x080002ba   0x00000020   Code   RO         2086    .text               mc_w.l(llushr.o)
    0x080002da   0x080002da   0x00000002   PAD
    0x080002dc   0x080002dc   0x00000024   Code   RO         2099    .text               mc_w.l(init.o)
    0x08000300   0x08000300   0x00000002   Code   RO          138    .text.BusFault_Handler  stm32f4xx_it.o
    0x08000302   0x08000302   0x00000002   PAD
    0x08000304   0x08000304   0x000001d4   Code   RO         1759    .text.CalulateCRC   rc522_1.o
    0x080004d8   0x080004d8   0x000000b6   Code   RO         1743    .text.ClearBitMask  rc522_1.o
    0x0800058e   0x0800058e   0x00000002   PAD
    0x08000590   0x08000590   0x00000002   Code   RO          142    .text.DebugMon_Handler  stm32f4xx_it.o
    0x08000592   0x08000592   0x00000002   PAD
    0x08000594   0x08000594   0x00000008   Code   RO          156    .text.EXTI15_10_IRQHandler  stm32f4xx_it.o
    0x0800059c   0x0800059c   0x00000006   Code   RO          146    .text.EXTI1_IRQHandler  stm32f4xx_it.o
    0x080005a2   0x080005a2   0x00000002   PAD
    0x080005a4   0x080005a4   0x00000006   Code   RO          148    .text.EXTI3_IRQHandler  stm32f4xx_it.o
    0x080005aa   0x080005aa   0x00000002   PAD
    0x080005ac   0x080005ac   0x00000006   Code   RO          150    .text.EXTI4_IRQHandler  stm32f4xx_it.o
    0x080005b2   0x080005b2   0x00000002   PAD
    0x080005b4   0x080005b4   0x00000012   Code   RO          152    .text.EXTI9_5_IRQHandler  stm32f4xx_it.o
    0x080005c6   0x080005c6   0x00000002   PAD
    0x080005c8   0x080005c8   0x0000000a   Code   RO           43    .text.Error_Handler  main.o
    0x080005d2   0x080005d2   0x00000002   PAD
    0x080005d4   0x080005d4   0x0000008e   Code   RO          344    .text.HAL_DMA_Abort  stm32f4xx_hal_dma.o
    0x08000662   0x08000662   0x00000002   PAD
    0x08000664   0x08000664   0x00000024   Code   RO          346    .text.HAL_DMA_Abort_IT  stm32f4xx_hal_dma.o
    0x08000688   0x08000688   0x00000028   Code   RO          503    .text.HAL_Delay     stm32f4xx_hal.o
    0x080006b0   0x080006b0   0x000000e4   Code   RO           37    .text.HAL_GPIO_EXTI_Callback  main.o
    0x08000794   0x08000794   0x00000016   Code   RO          310    .text.HAL_GPIO_EXTI_IRQHandler  stm32f4xx_hal_gpio.o
    0x080007aa   0x080007aa   0x00000002   PAD
    0x080007ac   0x080007ac   0x000001a6   Code   RO          298    .text.HAL_GPIO_Init  stm32f4xx_hal_gpio.o
    0x08000952   0x08000952   0x00000002   PAD
    0x08000954   0x08000954   0x0000000a   Code   RO          302    .text.HAL_GPIO_ReadPin  stm32f4xx_hal_gpio.o
    0x0800095e   0x0800095e   0x00000002   PAD
    0x08000960   0x08000960   0x0000000a   Code   RO          304    .text.HAL_GPIO_WritePin  stm32f4xx_hal_gpio.o
    0x0800096a   0x0800096a   0x00000002   PAD
    0x0800096c   0x0800096c   0x0000000c   Code   RO          495    .text.HAL_GetTick   stm32f4xx_hal.o
    0x08000978   0x08000978   0x0000003c   Code   RO          711    .text.HAL_I2CEx_ConfigAnalogFilter  stm32f4xx_hal_i2c_ex.o
    0x080009b4   0x080009b4   0x00000040   Code   RO          713    .text.HAL_I2CEx_ConfigDigitalFilter  stm32f4xx_hal_i2c_ex.o
    0x080009f4   0x080009f4   0x00000176   Code   RO          577    .text.HAL_I2C_Init  stm32f4xx_hal_i2c.o
    0x08000b6a   0x08000b6a   0x00000002   PAD
    0x08000b6c   0x08000b6c   0x00000478   Code   RO          585    .text.HAL_I2C_Master_Transmit  stm32f4xx_hal_i2c.o
    0x08000fe4   0x08000fe4   0x0000006c   Code   RO           84    .text.HAL_I2C_MspInit  i2c.o
    0x08001050   0x08001050   0x0000001a   Code   RO          493    .text.HAL_IncTick   stm32f4xx_hal.o
    0x0800106a   0x0800106a   0x00000002   PAD
    0x0800106c   0x0800106c   0x00000036   Code   RO          483    .text.HAL_Init      stm32f4xx_hal.o
    0x080010a2   0x080010a2   0x00000002   PAD
    0x080010a4   0x080010a4   0x00000048   Code   RO          485    .text.HAL_InitTick  stm32f4xx_hal.o
    0x080010ec   0x080010ec   0x00000042   Code   RO          165    .text.HAL_MspInit   stm32f4xx_hal_msp.o
    0x0800112e   0x0800112e   0x00000002   PAD
    0x08001130   0x08001130   0x00000026   Code   RO          441    .text.HAL_NVIC_EnableIRQ  stm32f4xx_hal_cortex.o
    0x08001156   0x08001156   0x00000002   PAD
    0x08001158   0x08001158   0x00000056   Code   RO          439    .text.HAL_NVIC_SetPriority  stm32f4xx_hal_cortex.o
    0x080011ae   0x080011ae   0x00000002   PAD
    0x080011b0   0x080011b0   0x00000020   Code   RO          437    .text.HAL_NVIC_SetPriorityGrouping  stm32f4xx_hal_cortex.o
    0x080011d0   0x080011d0   0x00000160   Code   RO          178    .text.HAL_RCC_ClockConfig  stm32f4xx_hal_rcc.o
    0x08001330   0x08001330   0x00000026   Code   RO          190    .text.HAL_RCC_GetPCLK1Freq  stm32f4xx_hal_rcc.o
    0x08001356   0x08001356   0x00000002   PAD
    0x08001358   0x08001358   0x00000026   Code   RO          192    .text.HAL_RCC_GetPCLK2Freq  stm32f4xx_hal_rcc.o
    0x0800137e   0x0800137e   0x00000002   PAD
    0x08001380   0x08001380   0x0000006a   Code   RO          180    .text.HAL_RCC_GetSysClockFreq  stm32f4xx_hal_rcc.o
    0x080013ea   0x080013ea   0x00000002   PAD
    0x080013ec   0x080013ec   0x00000374   Code   RO          176    .text.HAL_RCC_OscConfig  stm32f4xx_hal_rcc.o
    0x08001760   0x08001760   0x000000b4   Code   RO          723    .text.HAL_SPI_Init  stm32f4xx_hal_spi.o
    0x08001814   0x08001814   0x0000006a   Code   RO           99    .text.HAL_SPI_MspInit  spi.o
    0x0800187e   0x0800187e   0x00000002   PAD
    0x08001880   0x08001880   0x00000318   Code   RO          735    .text.HAL_SPI_TransmitReceive  stm32f4xx_hal_spi.o
    0x08001b98   0x08001b98   0x0000002c   Code   RO          449    .text.HAL_SYSTICK_Config  stm32f4xx_hal_cortex.o
    0x08001bc4   0x08001bc4   0x00000002   Code   RO          923    .text.HAL_UARTEx_RxEventCallback  stm32f4xx_hal_uart.o
    0x08001bc6   0x08001bc6   0x00000002   PAD
    0x08001bc8   0x08001bc8   0x00000002   Code   RO          921    .text.HAL_UART_ErrorCallback  stm32f4xx_hal_uart.o
    0x08001bca   0x08001bca   0x00000002   PAD
    0x08001bcc   0x08001bcc   0x00000564   Code   RO          915    .text.HAL_UART_IRQHandler  stm32f4xx_hal_uart.o
    0x08002130   0x08002130   0x0000005e   Code   RO          839    .text.HAL_UART_Init  stm32f4xx_hal_uart.o
    0x0800218e   0x0800218e   0x00000002   PAD
    0x08002190   0x08002190   0x000000e6   Code   RO          116    .text.HAL_UART_MspInit  usart.o
    0x08002276   0x08002276   0x00000002   PAD
    0x08002278   0x08002278   0x00000002   Code   RO          929    .text.HAL_UART_RxCpltCallback  stm32f4xx_hal_uart.o
    0x0800227a   0x0800227a   0x00000002   PAD
    0x0800227c   0x0800227c   0x00000286   Code   RO          855    .text.HAL_UART_Transmit  stm32f4xx_hal_uart.o
    0x08002502   0x08002502   0x00000002   PAD
    0x08002504   0x08002504   0x00000002   Code   RO          925    .text.HAL_UART_TxCpltCallback  stm32f4xx_hal_uart.o
    0x08002506   0x08002506   0x00000002   PAD
    0x08002508   0x08002508   0x00000002   Code   RO          134    .text.HardFault_Handler  stm32f4xx_it.o
    0x0800250a   0x0800250a   0x00000002   PAD
    0x0800250c   0x0800250c   0x0000009a   Code   RO         1757    .text.MFRC522_Anticoll  rc522_1.o
    0x080025a6   0x080025a6   0x00000002   PAD
    0x080025a8   0x080025a8   0x0000002e   Code   RO         1769    .text.MFRC522_Halt  rc522_1.o
    0x080025d6   0x080025d6   0x00000002   PAD
    0x080025d8   0x080025d8   0x000002a0   Code   RO         1751    .text.MFRC522_Init  rc522_1.o
    0x08002878   0x08002878   0x00000088   Code   RO         1755    .text.MFRC522_Request  rc522_1.o
    0x08002900   0x08002900   0x000003ca   Code   RO         1753    .text.MFRC522_ToCard  rc522_1.o
    0x08002cca   0x08002cca   0x00000002   PAD
    0x08002ccc   0x08002ccc   0x000001c6   Code   RO           59    .text.MX_GPIO_Init  gpio.o
    0x08002e92   0x08002e92   0x00000002   PAD
    0x08002e94   0x08002e94   0x0000006e   Code   RO           82    .text.MX_I2C1_Init  i2c.o
    0x08002f02   0x08002f02   0x00000002   PAD
    0x08002f04   0x08002f04   0x00000046   Code   RO           97    .text.MX_SPI1_Init  spi.o
    0x08002f4a   0x08002f4a   0x00000002   PAD
    0x08002f4c   0x08002f4c   0x0000003c   Code   RO          112    .text.MX_USART2_UART_Init  usart.o
    0x08002f88   0x08002f88   0x0000003c   Code   RO          114    .text.MX_USART3_UART_Init  usart.o
    0x08002fc4   0x08002fc4   0x00000002   Code   RO          136    .text.MemManage_Handler  stm32f4xx_it.o
    0x08002fc6   0x08002fc6   0x00000002   PAD
    0x08002fc8   0x08002fc8   0x00000002   Code   RO          132    .text.NMI_Handler   stm32f4xx_it.o
    0x08002fca   0x08002fca   0x00000006   PAD
    0x08002fd0   0x08002fd0   0x00000064   Code   RO         1526    .text.PendSV_Handler  port.o
    0x08003034   0x08003034   0x000000e4   Code   RO          827    .text.SPI_WaitFlagStateUntilTimeout  stm32f4xx_hal_spi.o
    0x08003118   0x08003118   0x00000008   PAD
    0x08003120   0x08003120   0x00000024   Code   RO         1510    .text.SVC_Handler   port.o
    0x08003144   0x08003144   0x000000b6   Code   RO         1741    .text.SetBitMask    rc522_1.o
    0x080031fa   0x080031fa   0x00000002   PAD
    0x080031fc   0x080031fc   0x00000052   Code   RO           35    .text.StartTask_Rx  main.o
    0x0800324e   0x0800324e   0x00000002   PAD
    0x08003250   0x08003250   0x00000080   Code   RO           31    .text.StartTask_Tx  main.o
    0x080032d0   0x080032d0   0x00000018   Code   RO          144    .text.SysTick_Handler  stm32f4xx_it.o
    0x080032e8   0x080032e8   0x00000012   Code   RO          959    .text.SystemInit    system_stm32f4xx.o
    0x080032fa   0x080032fa   0x00000002   PAD
    0x080032fc   0x080032fc   0x0000000c   Code   RO          919    .text.UART_DMAAbortOnError  stm32f4xx_hal_uart.o
    0x08003308   0x08003308   0x000000fe   Code   RO          917    .text.UART_Receive_IT  stm32f4xx_hal_uart.o
    0x08003406   0x08003406   0x00000002   PAD
    0x08003408   0x08003408   0x000000ee   Code   RO          843    .text.UART_SetConfig  stm32f4xx_hal_uart.o
    0x080034f6   0x080034f6   0x00000002   PAD
    0x080034f8   0x080034f8   0x0000000c   Code   RO          154    .text.USART2_IRQHandler  stm32f4xx_it.o
    0x08003504   0x08003504   0x00000002   Code   RO          140    .text.UsageFault_Handler  stm32f4xx_it.o
    0x08003506   0x08003506   0x00000002   PAD
    0x08003508   0x08003508   0x0000001a   Code   RO         1614    .text.buf_read      pb_decode_1.o
    0x08003522   0x08003522   0x00000002   PAD
    0x08003524   0x08003524   0x00000016   Code   RO         1667    .text.buf_write     pb_encode_1.o
    0x0800353a   0x0800353a   0x00000002   PAD
    0x0800353c   0x0800353c   0x0000073c   Code   RO         1654    .text.decode_basic_field  pb_decode_1.o
    0x08003c78   0x08003c78   0x00000340   Code   RO         1652    .text.decode_callback_field  pb_decode_1.o
    0x08003fb8   0x08003fb8   0x0000016c   Code   RO         1650    .text.decode_static_field  pb_decode_1.o
    0x08004124   0x08004124   0x000003b8   Code   RO         1697    .text.encode_basic_field  pb_encode_1.o
    0x080044dc   0x080044dc   0x00000304   Code   RO         1673    .text.encode_field  pb_encode_1.o
    0x080047e0   0x080047e0   0x00000028   Code   RO          120    .text.fputc         usart.o
    0x08004808   0x08004808   0x00000050   Code   RO         1717    .text.lcd_clear     i2c_lcd_1.o
    0x08004858   0x08004858   0x00000068   Code   RO         1719    .text.lcd_gotoxy    i2c_lcd_1.o
    0x080048c0   0x080048c0   0x0000010a   Code   RO         1721    .text.lcd_init      i2c_lcd_1.o
    0x080049ca   0x080049ca   0x00000002   PAD
    0x080049cc   0x080049cc   0x0000004e   Code   RO         1723    .text.lcd_puts      i2c_lcd_1.o
    0x08004a1a   0x08004a1a   0x00000002   PAD
    0x08004a1c   0x08004a1c   0x00000110   Code   RO         1588    .text.load_descriptor_values  pb_common_1.o
    0x08004b2c   0x08004b2c   0x0000024c   Code   RO           39    .text.main          main.o
    0x08004d78   0x08004d78   0x00000020   Code   RO         1381    .text.osDelay       cmsis_os2.o
    0x08004d98   0x08004d98   0x00000088   Code   RO         1435    .text.osMessageQueueGet  cmsis_os2.o
    0x08004e20   0x08004e20   0x00000094   Code   RO         1431    .text.osMessageQueueNew  cmsis_os2.o
    0x08004eb4   0x08004eb4   0x00000168   Code   RO         1695    .text.pb_check_proto3_default_value  pb_encode_1.o
    0x0800501c   0x0800501c   0x00000006   Code   RO         1636    .text.pb_decode     pb_decode_1.o
    0x08005022   0x08005022   0x00000002   PAD
    0x08005024   0x08005024   0x000002d0   Code   RO         1634    .text.pb_decode_inner  pb_decode_1.o
    0x080052f4   0x080052f4   0x0000014a   Code   RO         1620    .text.pb_decode_varint32_eof  pb_decode_1.o
    0x0800543e   0x0800543e   0x00000002   PAD
    0x08005440   0x08005440   0x0000003c   Code   RO         1602    .text.pb_default_field_callback  pb_common_1.o
    0x0800547c   0x0800547c   0x00000090   Code   RO         1701    .text.pb_enc_fixed  pb_encode_1.o
    0x0800550c   0x0800550c   0x000000b8   Code   RO         1699    .text.pb_enc_varint  pb_encode_1.o
    0x080055c4   0x080055c4   0x00000088   Code   RO         1671    .text.pb_encode     pb_encode_1.o
    0x0800564c   0x0800564c   0x000001d8   Code   RO         1677    .text.pb_encode_submessage  pb_encode_1.o
    0x08005824   0x08005824   0x000001dc   Code   RO         1681    .text.pb_encode_varint  pb_encode_1.o
    0x08005a00   0x08005a00   0x00000018   Code   RO         1586    .text.pb_field_iter_begin  pb_common_1.o
    0x08005a18   0x08005a18   0x00000018   Code   RO         1598    .text.pb_field_iter_begin_const  pb_common_1.o
    0x08005a30   0x08005a30   0x00000040   Code   RO         1590    .text.pb_field_iter_begin_extension  pb_common_1.o
    0x08005a70   0x08005a70   0x00000040   Code   RO         1600    .text.pb_field_iter_begin_extension_const  pb_common_1.o
    0x08005ab0   0x08005ab0   0x000000b8   Code   RO         1594    .text.pb_field_iter_find  pb_common_1.o
    0x08005b68   0x08005b68   0x0000008c   Code   RO         1596    .text.pb_field_iter_find_extension  pb_common_1.o
    0x08005bf4   0x08005bf4   0x0000005e   Code   RO         1592    .text.pb_field_iter_next  pb_common_1.o
    0x08005c52   0x08005c52   0x00000002   PAD
    0x08005c54   0x08005c54   0x00000016   Code   RO         1616    .text.pb_istream_from_buffer  pb_decode_1.o
    0x08005c6a   0x08005c6a   0x00000002   PAD
    0x08005c6c   0x08005c6c   0x00000194   Code   RO         1648    .text.pb_message_set_to_defaults  pb_decode_1.o
    0x08005e00   0x08005e00   0x00000016   Code   RO         1665    .text.pb_ostream_from_buffer  pb_encode_1.o
    0x08005e16   0x08005e16   0x00000002   PAD
    0x08005e18   0x08005e18   0x00000098   Code   RO         1612    .text.pb_read       pb_decode_1.o
    0x08005eb0   0x08005eb0   0x00000146   Code   RO         1626    .text.pb_skip_field  pb_decode_1.o
    0x08005ff6   0x08005ff6   0x00000002   PAD
    0x08005ff8   0x08005ff8   0x00000050   Code   RO         1669    .text.pb_write      pb_encode_1.o
    0x08006048   0x08006048   0x0000028a   Code   RO         1158    .text.prvAddNewTaskToReadyList  tasks.o
    0x080062d2   0x080062d2   0x00000002   PAD
    0x080062d4   0x080062d4   0x00000086   Code   RO         1190    .text.prvIdleTask   tasks.o
    0x0800635a   0x0800635a   0x00000002   PAD
    0x0800635c   0x0800635c   0x00000128   Code   RO         1156    .text.prvInitialiseNewTask  tasks.o
    0x08006484   0x08006484   0x00000028   Code   RO         1518    .text.prvPortStartFirstTask  port.o
    0x080064ac   0x080064ac   0x0000003e   Code   RO         1508    .text.prvTaskExitError  port.o
    0x080064ea   0x080064ea   0x00000002   PAD
    0x080064ec   0x080064ec   0x0000038a   Code   RO         1275    .text.prvTimerTask  timers.o
    0x08006876   0x08006876   0x00000002   PAD
    0x08006878   0x08006878   0x00000074   Code   RO         1055    .text.prvUnlockQueue  queue.o
    0x080068ec   0x080068ec   0x0000020a   Code   RO         1484    .text.pvPortMalloc  heap_4.o
    0x08006af6   0x08006af6   0x00000002   PAD
    0x08006af8   0x08006af8   0x00000018   Code   RO         1246    .text.pvTaskIncrementMutexHeldCount  tasks.o
    0x08006b10   0x08006b10   0x00000028   Code   RO         1506    .text.pxPortInitialiseStack  port.o
    0x08006b38   0x08006b38   0x0000005a   Code   RO           19    .text.taskIsOpen    main.o
    0x08006b92   0x08006b92   0x00000002   PAD
    0x08006b94   0x08006b94   0x00000234   Code   RO           13    .text.taskKeypad    main.o
    0x08006dc8   0x08006dc8   0x00000098   Code   RO           27    .text.taskLCD       main.o
    0x08006e60   0x08006e60   0x0000007a   Code   RO           23    .text.taskLed       main.o
    0x08006eda   0x08006eda   0x00000002   PAD
    0x08006edc   0x08006edc   0x00000060   Code   RO           15    .text.taskPIR       main.o
    0x08006f3c   0x08006f3c   0x000000c8   Code   RO           17    .text.taskRFID      main.o
    0x08007004   0x08007004   0x0000004a   Code   RO           21    .text.taskRelay     main.o
    0x0800704e   0x0800704e   0x00000002   PAD
    0x08007050   0x08007050   0x00000024   Code   RO         1019    .text.uxListRemove  list.o
    0x08007074   0x08007074   0x0000001a   Code   RO         1467    .text.vApplicationGetIdleTaskMemory  cmsis_os2.o
    0x0800708e   0x0800708e   0x00000002   PAD
    0x08007090   0x08007090   0x0000001c   Code   RO         1469    .text.vApplicationGetTimerTaskMemory  cmsis_os2.o
    0x080070ac   0x080070ac   0x00000016   Code   RO         1011    .text.vListInitialise  list.o
    0x080070c2   0x080070c2   0x00000002   PAD
    0x080070c4   0x080070c4   0x00000006   Code   RO         1013    .text.vListInitialiseItem  list.o
    0x080070ca   0x080070ca   0x00000002   PAD
    0x080070cc   0x080070cc   0x00000062   Code   RO         1017    .text.vListInsert   list.o
    0x0800712e   0x0800712e   0x00000002   PAD
    0x08007130   0x08007130   0x0000001c   Code   RO         1015    .text.vListInsertEnd  list.o
    0x0800714c   0x0800714c   0x00000014   Code   RO         1516    .text.vPortEnableVFP  port.o
    0x08007160   0x08007160   0x00000046   Code   RO         1522    .text.vPortEnterCritical  port.o
    0x080071a6   0x080071a6   0x00000002   PAD
    0x080071a8   0x080071a8   0x0000002e   Code   RO         1524    .text.vPortExitCritical  port.o
    0x080071d6   0x080071d6   0x00000002   PAD
    0x080071d8   0x080071d8   0x000000d4   Code   RO         1486    .text.vPortFree     heap_4.o
    0x080072ac   0x080072ac   0x00000034   Code   RO         1514    .text.vPortSetupTimerInterrupt  port.o
    0x080072e0   0x080072e0   0x0000005e   Code   RO         1530    .text.vPortValidateInterruptPriority  port.o
    0x0800733e   0x0800733e   0x00000002   PAD
    0x08007340   0x08007340   0x000000b0   Code   RO         1089    .text.vQueueAddToRegistry  queue.o
    0x080073f0   0x080073f0   0x00000052   Code   RO         1093    .text.vQueueWaitForMessageRestricted  queue.o
    0x08007442   0x08007442   0x00000002   PAD
    0x08007444   0x08007444   0x00000080   Code   RO         1170    .text.vTaskDelay    tasks.o
    0x080074c4   0x080074c4   0x00000012   Code   RO         1220    .text.vTaskInternalSetTimeOutState  tasks.o
    0x080074d6   0x080074d6   0x00000002   PAD
    0x080074d8   0x080074d8   0x0000000e   Code   RO         1224    .text.vTaskMissedYield  tasks.o
    0x080074e6   0x080074e6   0x00000002   PAD
    0x080074e8   0x080074e8   0x00000074   Code   RO         1208    .text.vTaskPlaceOnEventList  tasks.o
    0x0800755c   0x0800755c   0x0000007a   Code   RO         1212    .text.vTaskPlaceOnEventListRestricted  tasks.o
    0x080075d6   0x080075d6   0x00000002   PAD
    0x080075d8   0x080075d8   0x000000a2   Code   RO         1242    .text.vTaskPriorityDisinheritAfterTimeout  tasks.o
    0x0800767a   0x0800767a   0x00000002   PAD
    0x0800767c   0x0800767c   0x000000f0   Code   RO         1188    .text.vTaskStartScheduler  tasks.o
    0x0800776c   0x0800776c   0x00000010   Code   RO         1166    .text.vTaskSuspendAll  tasks.o
    0x0800777c   0x0800777c   0x000000bc   Code   RO         1182    .text.vTaskSwitchContext  tasks.o
    0x08007838   0x08007838   0x00000184   Code   RO         1512    .text.xPortStartScheduler  port.o
    0x080079bc   0x080079bc   0x0000002e   Code   RO         1528    .text.xPortSysTickHandler  port.o
    0x080079ea   0x080079ea   0x00000002   PAD
    0x080079ec   0x080079ec   0x00000086   Code   RO         1033    .text.xQueueGenericCreate  queue.o
    0x08007a72   0x08007a72   0x00000002   PAD
    0x08007a74   0x08007a74   0x000000de   Code   RO         1031    .text.xQueueGenericCreateStatic  queue.o
    0x08007b52   0x08007b52   0x00000002   PAD
    0x08007b54   0x08007b54   0x0000022a   Code   RO         1045    .text.xQueueGenericSend  queue.o
    0x08007d7e   0x08007d7e   0x00000002   PAD
    0x08007d80   0x08007d80   0x00000158   Code   RO         1057    .text.xQueueGenericSendFromISR  queue.o
    0x08007ed8   0x08007ed8   0x000000c8   Code   RO         1059    .text.xQueueGiveFromISR  queue.o
    0x08007fa0   0x08007fa0   0x000001a2   Code   RO         1061    .text.xQueueReceive  queue.o
    0x08008142   0x08008142   0x00000002   PAD
    0x08008144   0x08008144   0x000000e4   Code   RO         1065    .text.xQueueReceiveFromISR  queue.o
    0x08008228   0x08008228   0x000001da   Code   RO         1049    .text.xQueueSemaphoreTake  queue.o
    0x08008402   0x08008402   0x00000002   PAD
    0x08008404   0x08008404   0x000000a2   Code   RO         1222    .text.xTaskCheckForTimeOut  tasks.o
    0x080084a6   0x080084a6   0x00000002   PAD
    0x080084a8   0x080084a8   0x00000060   Code   RO         1160    .text.xTaskCreate   tasks.o
    0x08008508   0x08008508   0x00000076   Code   RO         1154    .text.xTaskCreateStatic  tasks.o
    0x0800857e   0x0800857e   0x00000002   PAD
    0x08008580   0x08008580   0x0000001e   Code   RO         1236    .text.xTaskGetSchedulerState  tasks.o
    0x0800859e   0x0800859e   0x00000002   PAD
    0x080085a0   0x080085a0   0x0000000c   Code   RO         1196    .text.xTaskGetTickCount  tasks.o
    0x080085ac   0x080085ac   0x00000104   Code   RO         1194    .text.xTaskIncrementTick  tasks.o
    0x080086b0   0x080086b0   0x0000008a   Code   RO         1240    .text.xTaskPriorityDisinherit  tasks.o
    0x0800873a   0x0800873a   0x00000002   PAD
    0x0800873c   0x0800873c   0x00000092   Code   RO         1238    .text.xTaskPriorityInherit  tasks.o
    0x080087ce   0x080087ce   0x00000002   PAD
    0x080087d0   0x080087d0   0x00000072   Code   RO         1214    .text.xTaskRemoveFromEventList  tasks.o
    0x08008842   0x08008842   0x00000002   PAD
    0x08008844   0x08008844   0x000000ee   Code   RO         1168    .text.xTaskResumeAll  tasks.o
    0x08008932   0x08008932   0x00000002   PAD
    0x08008934   0x08008934   0x000000b4   Code   RO         1273    .text.xTimerCreateTimerTask  timers.o
    0x080089e8   0x080089e8   0x00000020   Code   RO         2004    i.__0printf$8       mc_w.l(printf8.o)
    0x08008a08   0x08008a08   0x00000034   Code   RO         2005    i.__0snprintf$8     mc_w.l(printf8.o)
    0x08008a3c   0x08008a3c   0x0000000e   Code   RO         2107    i.__scatterload_copy  mc_w.l(handlers.o)
    0x08008a4a   0x08008a4a   0x00000002   Code   RO         2108    i.__scatterload_null  mc_w.l(handlers.o)
    0x08008a4c   0x08008a4c   0x0000000e   Code   RO         2109    i.__scatterload_zeroinit  mc_w.l(handlers.o)
    0x08008a5a   0x08008a5a   0x00000002   PAD
    0x08008a5c   0x08008a5c   0x00000410   Code   RO         2011    i._printf_core      mc_w.l(printf8.o)
    0x08008e6c   0x08008e6c   0x00000024   Code   RO         2012    i._printf_post_padding  mc_w.l(printf8.o)
    0x08008e90   0x08008e90   0x0000002e   Code   RO         2013    i._printf_pre_padding  mc_w.l(printf8.o)
    0x08008ebe   0x08008ebe   0x00000016   Code   RO         2014    i._snputc           mc_w.l(printf8.o)
    0x08008ed4   0x08008ed4   0x00000024   Code   RO         1781    i.puts              mc_w.l(puts.o)
    0x08008ef8   0x08008ef8   0x0000000c   Data   RO         1704    .rodata..Lswitch.table.encode_basic_field  pb_encode_1.o
    0x08008f04   0x08008f04   0x00000010   Data   RO          964    .rodata.AHBPrescTable  system_stm32f4xx.o
    0x08008f14   0x08008f14   0x00000008   Data   RO          965    .rodata.APBPrescTable  system_stm32f4xx.o
    0x08008f1c   0x08008f1c   0x00000010   Data   RO         1577    .rodata.access_control_ActionResponse_field_info  message.pb_1.o
    0x08008f2c   0x08008f2c   0x00000018   Data   RO         1559    .rodata.access_control_ActionResponse_msg  message.pb_1.o
    0x08008f44   0x08008f44   0x00000004   Data   RO         1578    .rodata.access_control_ActionResponse_submsg_info  message.pb_1.o
    0x08008f48   0x08008f48   0x00000008   Data   RO         1579    .rodata.access_control_CommandResponse_field_info  message.pb_1.o
    0x08008f50   0x08008f50   0x00000018   Data   RO         1554    .rodata.access_control_CommandResponse_msg  message.pb_1.o
    0x08008f68   0x08008f68   0x00000004   Data   RO         1580    .rodata.access_control_CommandResponse_submsg_info  message.pb_1.o
    0x08008f6c   0x08008f6c   0x00000010   Data   RO         1575    .rodata.access_control_ControlRgbLedCommand_field_info  message.pb_1.o
    0x08008f7c   0x08008f7c   0x00000018   Data   RO         1558    .rodata.access_control_ControlRgbLedCommand_msg  message.pb_1.o
    0x08008f94   0x08008f94   0x00000004   Data   RO         1576    .rodata.access_control_ControlRgbLedCommand_submsg_info  message.pb_1.o
    0x08008f98   0x08008f98   0x00000004   Data   RO         1567    .rodata.access_control_FaceRegistrationEvent_field_info  message.pb_1.o
    0x08008f9c   0x08008f9c   0x00000018   Data   RO         1551    .rodata.access_control_FaceRegistrationEvent_msg  message.pb_1.o
    0x08008fb4   0x08008fb4   0x00000004   Data   RO         1568    .rodata.access_control_FaceRegistrationEvent_submsg_info  message.pb_1.o
    0x08008fb8   0x08008fb8   0x00000004   Data   RO         1565    .rodata.access_control_IrTriggeredEvent_field_info  message.pb_1.o
    0x08008fbc   0x08008fbc   0x00000018   Data   RO         1550    .rodata.access_control_IrTriggeredEvent_msg  message.pb_1.o
    0x08008fd4   0x08008fd4   0x00000004   Data   RO         1566    .rodata.access_control_IrTriggeredEvent_submsg_info  message.pb_1.o
    0x08008fd8   0x08008fd8   0x0000000c   Data   RO         1561    .rodata.access_control_PasswordInputEvent_field_info  message.pb_1.o
    0x08008fe4   0x08008fe4   0x00000018   Data   RO         1548    .rodata.access_control_PasswordInputEvent_msg  message.pb_1.o
    0x08008ffc   0x08008ffc   0x00000004   Data   RO         1562    .rodata.access_control_PasswordInputEvent_submsg_info  message.pb_1.o
    0x08009000   0x08009000   0x0000001c   Data   RO         1556    .rodata.access_control_PiMessage_field_info  message.pb_1.o
    0x0800901c   0x0800901c   0x00000018   Data   RO         1544    .rodata.access_control_PiMessage_msg  message.pb_1.o
    0x08009034   0x08009034   0x00000010   Data   RO         1560    .rodata.access_control_PiMessage_submsg_info  message.pb_1.o
    0x08009044   0x08009044   0x00000004   Data   RO         1569    .rodata.access_control_RfidRegistrationEvent_field_info  message.pb_1.o
    0x08009048   0x08009048   0x00000018   Data   RO         1552    .rodata.access_control_RfidRegistrationEvent_msg  message.pb_1.o
    0x08009060   0x08009060   0x00000004   Data   RO         1570    .rodata.access_control_RfidRegistrationEvent_submsg_info  message.pb_1.o
    0x08009064   0x08009064   0x0000000c   Data   RO         1563    .rodata.access_control_RfidScannedEvent_field_info  message.pb_1.o
    0x08009070   0x08009070   0x00000018   Data   RO         1549    .rodata.access_control_RfidScannedEvent_msg  message.pb_1.o
    0x08009088   0x08009088   0x00000004   Data   RO         1564    .rodata.access_control_RfidScannedEvent_submsg_info  message.pb_1.o
    0x0800908c   0x0800908c   0x00000018   Data   RO         1542    .rodata.access_control_SmartLockPacket_field_info  message.pb_1.o
    0x080090a4   0x080090a4   0x00000018   Data   RO         1546    .rodata.access_control_SmartLockPacket_msg  message.pb_1.o
    0x080090bc   0x080090bc   0x0000000c   Data   RO         1545    .rodata.access_control_SmartLockPacket_submsg_info  message.pb_1.o
    0x080090c8   0x080090c8   0x0000003c   Data   RO         1547    .rodata.access_control_Stm32Message_field_info  message.pb_1.o
    0x08009104   0x08009104   0x00000018   Data   RO         1543    .rodata.access_control_Stm32Message_msg  message.pb_1.o
    0x0800911c   0x0800911c   0x00000020   Data   RO         1555    .rodata.access_control_Stm32Message_submsg_info  message.pb_1.o
    0x0800913c   0x0800913c   0x00000004   Data   RO         1571    .rodata.access_control_SystemResetEvent_field_info  message.pb_1.o
    0x08009140   0x08009140   0x00000018   Data   RO         1553    .rodata.access_control_SystemResetEvent_msg  message.pb_1.o
    0x08009158   0x08009158   0x00000004   Data   RO         1572    .rodata.access_control_SystemResetEvent_submsg_info  message.pb_1.o
    0x0800915c   0x0800915c   0x00000004   Data   RO         1573    .rodata.access_control_UnlockCommand_field_info  message.pb_1.o
    0x08009160   0x08009160   0x00000018   Data   RO         1557    .rodata.access_control_UnlockCommand_msg  message.pb_1.o
    0x08009178   0x08009178   0x00000004   Data   RO         1574    .rodata.access_control_UnlockCommand_submsg_info  message.pb_1.o
    0x0800917c   0x0800917c   0x00000003   Data   RO           45    .rodata.str1.1      main.o
    0x0800917f   0x0800917f   0x00000005   Data   RO         1313    .rodata.str1.1      timers.o
    0x08009184   0x08009184   0x00000117   Data   RO         1656    .rodata.str1.1      pb_decode_1.o
    0x0800929b   0x0800929b   0x0000001e   Data   RO         1703    .rodata.str1.1      pb_encode_1.o
    0x080092b9   0x080092b9   0x00000003   PAD
    0x080092bc   0x080092bc   0x00000020   Data   RO         2106    Region$$Table       anon$$obj.o


    Execution Region RW_IRAM2 (Exec base: 0x10000000, Load base: 0x080092f8, Size: 0x00000000, Max: 0x00010000, ABSOLUTE)

    **** No section assigned to this execution region ****


    Execution Region RW_IRAM1 (Exec base: 0x20000000, Load base: 0x080092e0, Size: 0x00004f88, Max: 0x00030000, ABSOLUTE)

    Exec Addr    Load Addr    Size         Type   Attr      Idx    E Section Name        Object

    0x20000000   0x080092e0   0x00000004   Data   RW         2072    .data               mc_w.l(stdout.o)
    0x20000004   0x080092e4   0x00000008   Data   RW          542    .data..L_MergedGlobals  stm32f4xx_hal.o
    0x2000000c   0x080092ec   0x00000004   Data   RW          963    .data.SystemCoreClock  system_stm32f4xx.o
    0x20000010   0x080092f0   0x00000004   Data   RW         1532    .data.uxCriticalNesting  port.o
    0x20000014   0x080092f4   0x00000004   PAD
    0x20000018        -       0x00000061   Zero   RW           50    .bss..L_MergedGlobals  main.o
    0x20000079   0x080092f4   0x00000003   PAD
    0x2000007c        -       0x00000078   Zero   RW         1263    .bss..L_MergedGlobals  tasks.o
    0x200000f4        -       0x0000003c   Zero   RW         1314    .bss..L_MergedGlobals  timers.o
    0x20000130        -       0x00000020   Zero   RW         1497    .bss..L_MergedGlobals  heap_4.o
    0x20000150        -       0x00000008   Zero   RW         1533    .bss..L_MergedGlobals  port.o
    0x20000158        -       0x00000028   Zero   RW         1264    .bss..L_MergedGlobals.1  tasks.o
    0x20000180        -       0x00000054   Zero   RW           88    .bss.hi2c1          i2c.o
    0x200001d4        -       0x00000058   Zero   RW          103    .bss.hspi1          spi.o
    0x2000022c        -       0x00000044   Zero   RW          122    .bss.huart2         usart.o
    0x20000270        -       0x00000044   Zero   RW          123    .bss.huart3         usart.o
    0x200002b4        -       0x000000a0   Zero   RW         1312    .bss.prvCheckForValidListAndQueue.ucStaticTimerQueueStorage  timers.o
    0x20000354        -       0x00000050   Zero   RW         1311    .bss.prvCheckForValidListAndQueue.xStaticTimerQueue  timers.o
    0x200003a4        -       0x00000460   Zero   RW         1262    .bss.pxReadyTasksLists  tasks.o
    0x20000804        -       0x00000080   Zero   RW           48    .bss.rx_buffer      main.o
    0x20000884        -       0x00000004   Zero   RW           47    .bss.smartLockTxQueueHandle  main.o
    0x20000888        -       0x00003c00   Zero   RW         1496    .bss.ucHeap         heap_4.o
    0x20004488        -       0x00000004   Zero   RW          541    .bss.uwTick         stm32f4xx_hal.o
    0x2000448c        -       0x00000200   Zero   RW         1473    .bss.vApplicationGetIdleTaskMemory.Idle_Stack  cmsis_os2.o
    0x2000468c        -       0x0000005c   Zero   RW         1472    .bss.vApplicationGetIdleTaskMemory.Idle_TCB  cmsis_os2.o
    0x200046e8        -       0x00000400   Zero   RW         1475    .bss.vApplicationGetTimerTaskMemory.Timer_Stack  cmsis_os2.o
    0x20004ae8        -       0x0000005c   Zero   RW         1474    .bss.vApplicationGetTimerTaskMemory.Timer_TCB  cmsis_os2.o
    0x20004b44        -       0x00000040   Zero   RW         1095    .bss.xQueueRegistry  queue.o
    0x20004b84   0x080092f4   0x00000004   PAD
    0x20004b88        -       0x00000400   Zero   RW            1    STACK               startup_stm32f429xx.o


==============================================================================

Image component sizes


      Code (inc. data)   RO Data    RW Data    ZI Data      Debug   Object Name

       370          0          0          0       1720      44581   cmsis_os2.o
       454          0          0          0          0       4430   gpio.o
       734          0          0          0      15392       5609   heap_4.o
       218          0          0          0         84       5341   i2c.o
       528          6          0          0          0       7421   i2c_lcd_1.o
       190          0          0          0          0       2333   list.o
      2334        308          3          0        229      16705   main.o
         0          0        608          0          0       3888   message.pb_1.o
       926          0          0          0          0       6995   pb_common_1.o
      5034        216        279          0          0      31328   pb_decode_1.o
      3620        222         42          0          0      25350   pb_encode_1.o
       994         16          0          4          8       4192   port.o
      2948          0          0          0         64      28281   queue.o
      2810          0          0          0          0      16443   rc522_1.o
       176          0          0          0         88       5097   spi.o
        36          8        428          0       1024        844   startup_stm32f429xx.o
       204          0          0          8          4       7699   stm32f4xx_hal.o
       200          0          0          0          0      10691   stm32f4xx_hal_cortex.o
       178          0          0          0          0      10602   stm32f4xx_hal_dma.o
       464          0          0          0          0       5306   stm32f4xx_hal_gpio.o
      1518          0          0          0          0      53716   stm32f4xx_hal_i2c.o
       124          0          0          0          0       4123   stm32f4xx_hal_i2c_ex.o
        66          0          0          0          0       3742   stm32f4xx_hal_msp.o
      1418          0          0          0          0       7409   stm32f4xx_hal_rcc.o
      1200          0          0          0          0      26052   stm32f4xx_hal_spi.o
      2632          0          0          0          0      31721   stm32f4xx_hal_uart.o
        92          0          0          0          0       4551   stm32f4xx_it.o
        18          0         24          4          0       2696   system_stm32f4xx.o
      3422          8          0          0       1280      43050   tasks.o
      1086         20          5          0        300      16128   timers.o
       390          0          0          0        136       7834   usart.o

    ----------------------------------------------------------------------
     34572        804       1424         16      20340     444158   Object Totals
         0          0         32          0          0          0   (incl. Generated)
       188          0          3          0         11          0   (incl. Padding)

    ----------------------------------------------------------------------

      Code (inc. data)   RO Data    RW Data    ZI Data      Debug   Library Member Name

         0          0          0          0          0          0   entry.o
         0          0          0          0          0          0   entry10a.o
         0          0          0          0          0          0   entry11a.o
         8          4          0          0          0          0   entry2.o
         4          0          0          0          0          0   entry5.o
         0          0          0          0          0          0   entry7b.o
         0          0          0          0          0          0   entry8b.o
         8          4          0          0          0          0   entry9a.o
        30          0          0          0          0          0   handlers.o
        36          8          0          0          0         68   init.o
        30          0          0          0          0         68   llshl.o
        32          0          0          0          0         68   llushr.o
        36          0          0          0          0         68   memcpya.o
        36          0          0          0          0        108   memseta.o
      1228         58          0          0          0        508   printf8.o
        36          6          0          0          0         80   puts.o
         0          0          0          4          0          0   stdout.o
        14          0          0          0          0         68   strlen.o
        98          0          0          0          0         92   uldiv.o

    ----------------------------------------------------------------------
      1600         80          0          4          0       1128   Library Totals
         4          0          0          0          0          0   (incl. Padding)

    ----------------------------------------------------------------------

      Code (inc. data)   RO Data    RW Data    ZI Data      Debug   Library Name

      1596         80          0          4          0       1128   mc_w.l

    ----------------------------------------------------------------------
      1600         80          0          4          0       1128   Library Totals

    ----------------------------------------------------------------------

==============================================================================


      Code (inc. data)   RO Data    RW Data    ZI Data      Debug   

     36172        884       1424         20      20340     444410   Grand Totals
     36172        884       1424         20      20340     444410   ELF Image Totals
     36172        884       1424         20          0          0   ROM Totals

==============================================================================

    Total RO  Size (Code + RO Data)                37596 (  36.71kB)
    Total RW  Size (RW Data + ZI Data)             20360 (  19.88kB)
    Total ROM Size (Code + RO Data + RW Data)      37616 (  36.73kB)

==============================================================================

