Component: Arm Compiler for Embedded 6.19 Tool: armlink [5e73cb00]

==============================================================================

Section Cross References

    startup_stm32f429xx.o(RESET) refers to startup_stm32f429xx.o(STACK) for __initial_sp
    startup_stm32f429xx.o(RESET) refers to startup_stm32f429xx.o(.text) for Reset_Handler
    startup_stm32f429xx.o(RESET) refers to stm32f4xx_it.o(.text.NMI_Handler) for NMI_Handler
    startup_stm32f429xx.o(RESET) refers to stm32f4xx_it.o(.text.HardFault_Handler) for HardFault_Handler
    startup_stm32f429xx.o(RESET) refers to stm32f4xx_it.o(.text.MemManage_Handler) for MemManage_Handler
    startup_stm32f429xx.o(RESET) refers to stm32f4xx_it.o(.text.BusFault_Handler) for BusFault_Handler
    startup_stm32f429xx.o(RESET) refers to stm32f4xx_it.o(.text.UsageFault_Handler) for UsageFault_Handler
    startup_stm32f429xx.o(RESET) refers to port.o(.text.SVC_Handler) for SVC_Handler
    startup_stm32f429xx.o(RESET) refers to stm32f4xx_it.o(.text.DebugMon_Handler) for DebugMon_Handler
    startup_stm32f429xx.o(RESET) refers to port.o(.text.PendSV_Handler) for PendSV_Handler
    startup_stm32f429xx.o(RESET) refers to stm32f4xx_it.o(.text.SysTick_Handler) for SysTick_Handler
    startup_stm32f429xx.o(RESET) refers to stm32f4xx_it.o(.text.EXTI1_IRQHandler) for EXTI1_IRQHandler
    startup_stm32f429xx.o(RESET) refers to stm32f4xx_it.o(.text.EXTI3_IRQHandler) for EXTI3_IRQHandler
    startup_stm32f429xx.o(RESET) refers to stm32f4xx_it.o(.text.EXTI4_IRQHandler) for EXTI4_IRQHandler
    startup_stm32f429xx.o(RESET) refers to stm32f4xx_it.o(.text.EXTI9_5_IRQHandler) for EXTI9_5_IRQHandler
    startup_stm32f429xx.o(RESET) refers to stm32f4xx_it.o(.text.USART2_IRQHandler) for USART2_IRQHandler
    startup_stm32f429xx.o(RESET) refers to stm32f4xx_it.o(.text.EXTI15_10_IRQHandler) for EXTI15_10_IRQHandler
    startup_stm32f429xx.o(.text) refers to system_stm32f4xx.o(.text.SystemInit) for SystemInit
    startup_stm32f429xx.o(.text) refers to entry.o(.ARM.Collect$$$$00000000) for __main
    main.o(.text.taskKeypad) refers to puts.o(i.puts) for puts
    main.o(.text.taskKeypad) refers to stm32f4xx_hal_gpio.o(.text.HAL_GPIO_WritePin) for HAL_GPIO_WritePin
    main.o(.text.taskKeypad) refers to main.o(.bss..L_MergedGlobals) for .L_MergedGlobals
    main.o(.text.taskKeypad) refers to tasks.o(.text.vTaskDelay) for vTaskDelay
    main.o(.text.taskKeypad) refers to stm32f4xx_hal_gpio.o(.text.HAL_GPIO_ReadPin) for HAL_GPIO_ReadPin
    main.o(.text.taskKeypad) refers to strlen.o(.text) for strlen
    main.o(.text.taskKeypad) refers to queue.o(.text.xQueueGenericSend) for xQueueGenericSend
    main.o(.text.taskKeypad) refers to printf8.o(i.__0printf$8) for __2printf
    main.o(.ARM.exidx.text.taskKeypad) refers to main.o(.text.taskKeypad) for [Anonymous Symbol]
    main.o(.text.taskPIR) refers to puts.o(i.puts) for puts
    main.o(.text.taskPIR) refers to main.o(.bss..L_MergedGlobals) for .L_MergedGlobals
    main.o(.text.taskPIR) refers to queue.o(.text.xQueueSemaphoreTake) for xQueueSemaphoreTake
    main.o(.text.taskPIR) refers to tasks.o(.text.vTaskDelay) for vTaskDelay
    main.o(.ARM.exidx.text.taskPIR) refers to main.o(.text.taskPIR) for [Anonymous Symbol]
    main.o(.text.taskRFID) refers to rc522_1.o(.text.MFRC522_Init) for MFRC522_Init
    main.o(.text.taskRFID) refers to tasks.o(.text.vTaskDelay) for vTaskDelay
    main.o(.text.taskRFID) refers to rc522_1.o(.text.MFRC522_Request) for MFRC522_Request
    main.o(.text.taskRFID) refers to puts.o(i.puts) for puts
    main.o(.text.taskRFID) refers to printf8.o(i.__0printf$8) for __2printf
    main.o(.text.taskRFID) refers to rc522_1.o(.text.MFRC522_Anticoll) for MFRC522_Anticoll
    main.o(.text.taskRFID) refers to rc522_1.o(.text.MFRC522_Halt) for MFRC522_Halt
    main.o(.ARM.exidx.text.taskRFID) refers to main.o(.text.taskRFID) for [Anonymous Symbol]
    main.o(.text.taskIsOpen) refers to stm32f4xx_hal_gpio.o(.text.HAL_GPIO_ReadPin) for HAL_GPIO_ReadPin
    main.o(.text.taskIsOpen) refers to tasks.o(.text.vTaskDelay) for vTaskDelay
    main.o(.ARM.exidx.text.taskIsOpen) refers to main.o(.text.taskIsOpen) for [Anonymous Symbol]
    main.o(.text.taskRelay) refers to main.o(.bss..L_MergedGlobals) for .L_MergedGlobals
    main.o(.text.taskRelay) refers to queue.o(.text.xQueueSemaphoreTake) for xQueueSemaphoreTake
    main.o(.text.taskRelay) refers to stm32f4xx_hal_gpio.o(.text.HAL_GPIO_WritePin) for HAL_GPIO_WritePin
    main.o(.text.taskRelay) refers to tasks.o(.text.vTaskDelay) for vTaskDelay
    main.o(.ARM.exidx.text.taskRelay) refers to main.o(.text.taskRelay) for [Anonymous Symbol]
    main.o(.text.taskLed) refers to main.o(.bss..L_MergedGlobals) for .L_MergedGlobals
    main.o(.text.taskLed) refers to stm32f4xx_hal_gpio.o(.text.HAL_GPIO_WritePin) for HAL_GPIO_WritePin
    main.o(.text.taskLed) refers to tasks.o(.text.vTaskDelay) for vTaskDelay
[...]
    [Anonymous Symbol]                       0x2000007c   Section        0  tasks.o(.bss..L_MergedGlobals)
    uxTaskNumber                             0x20000080   Data           4  tasks.o(.bss..L_MergedGlobals)
    uxDeletedTasksWaitingCleanUp             0x20000084   Data           4  tasks.o(.bss..L_MergedGlobals)
    uxCurrentNumberOfTasks                   0x20000088   Data           4  tasks.o(.bss..L_MergedGlobals)
    xSchedulerRunning                        0x2000008c   Data           4  tasks.o(.bss..L_MergedGlobals)
    uxSchedulerSuspended                     0x20000090   Data           4  tasks.o(.bss..L_MergedGlobals)
    xTickCount                               0x20000094   Data           4  tasks.o(.bss..L_MergedGlobals)
    pxDelayedTaskList                        0x20000098   Data           4  tasks.o(.bss..L_MergedGlobals)
    pxOverflowDelayedTaskList                0x2000009c   Data           4  tasks.o(.bss..L_MergedGlobals)
    uxTopReadyPriority                       0x200000a0   Data           4  tasks.o(.bss..L_MergedGlobals)
    xIdleTaskHandle                          0x200000a4   Data           4  tasks.o(.bss..L_MergedGlobals)
    xNextTaskUnblockTime                     0x200000a8   Data           4  tasks.o(.bss..L_MergedGlobals)
    xYieldPending                            0x200000ac   Data           4  tasks.o(.bss..L_MergedGlobals)
    xPendedTicks                             0x200000b0   Data           4  tasks.o(.bss..L_MergedGlobals)
    xNumOfOverflows                          0x200000b4   Data           4  tasks.o(.bss..L_MergedGlobals)
    xTasksWaitingTermination                 0x200000b8   Data          20  tasks.o(.bss..L_MergedGlobals)
    xSuspendedTaskList                       0x200000cc   Data          20  tasks.o(.bss..L_MergedGlobals)
    xPendingReadyList                        0x200000e0   Data          20  tasks.o(.bss..L_MergedGlobals)
    .L_MergedGlobals                         0x200000f4   Data          60  timers.o(.bss..L_MergedGlobals)
    xTimerQueue                              0x200000f4   Data           4  timers.o(.bss..L_MergedGlobals)
    [Anonymous Symbol]                       0x200000f4   Section        0  timers.o(.bss..L_MergedGlobals)
    xTimerTaskHandle                         0x200000f8   Data           4  timers.o(.bss..L_MergedGlobals)
    pxCurrentTimerList                       0x200000fc   Data           4  timers.o(.bss..L_MergedGlobals)
    pxOverflowTimerList                      0x20000100   Data           4  timers.o(.bss..L_MergedGlobals)
    prvSampleTimeNow.xLastTime               0x20000104   Data           4  timers.o(.bss..L_MergedGlobals)
    xActiveTimerList1                        0x20000108   Data          20  timers.o(.bss..L_MergedGlobals)
    xActiveTimerList2                        0x2000011c   Data          20  timers.o(.bss..L_MergedGlobals)
    .L_MergedGlobals                         0x20000130   Data          32  heap_4.o(.bss..L_MergedGlobals)
    xBlockAllocatedBit                       0x20000130   Data           1  heap_4.o(.bss..L_MergedGlobals)
    [Anonymous Symbol]                       0x20000130   Section        0  heap_4.o(.bss..L_MergedGlobals)
    pxEnd                                    0x20000134   Data           4  heap_4.o(.bss..L_MergedGlobals)
    xFreeBytesRemaining                      0x20000138   Data           4  heap_4.o(.bss..L_MergedGlobals)
    xMinimumEverFreeBytesRemaining           0x2000013c   Data           4  heap_4.o(.bss..L_MergedGlobals)
    xNumberOfSuccessfulAllocations           0x20000140   Data           4  heap_4.o(.bss..L_MergedGlobals)
    xNumberOfSuccessfulFrees                 0x20000144   Data           4  heap_4.o(.bss..L_MergedGlobals)
    xStart                                   0x20000148   Data           8  heap_4.o(.bss..L_MergedGlobals)
    .L_MergedGlobals                         0x20000150   Data           8  port.o(.bss..L_MergedGlobals)
    ucMaxSysCallPriority                     0x20000150   Data           1  port.o(.bss..L_MergedGlobals)
    [Anonymous Symbol]                       0x20000150   Section        0  port.o(.bss..L_MergedGlobals)
    ulMaxPRIGROUPValue                       0x20000154   Data           4  port.o(.bss..L_MergedGlobals)
    .L_MergedGlobals.1                       0x20000158   Data          40  tasks.o(.bss..L_MergedGlobals.1)
    xDelayedTaskList1                        0x20000158   Data          20  tasks.o(.bss..L_MergedGlobals.1)
    [Anonymous Symbol]                       0x20000158   Section        0  tasks.o(.bss..L_MergedGlobals.1)
    xDelayedTaskList2                        0x2000016c   Data          20  tasks.o(.bss..L_MergedGlobals.1)
    KernelState                              0x20000180   Data           4  cmsis_os2.o(.bss.KernelState)
    [Anonymous Symbol]                       0x20000180   Section        0  cmsis_os2.o(.bss.KernelState)
    prvCheckForValidListAndQueue.ucStaticTimerQueueStorage 0x200002bc   Data         160  timers.o(.bss.prvCheckForValidListAndQueue.ucStaticTimerQueueStorage)
    [Anonymous Symbol]                       0x200002bc   Section        0  timers.o(.bss.prvCheckForValidListAndQueue.ucStaticTimerQueueStorage)
    prvCheckForValidListAndQueue.xStaticTimerQueue 0x2000035c   Data          80  timers.o(.bss.prvCheckForValidListAndQueue.xStaticTimerQueue)
    [Anonymous Symbol]                       0x2000035c   Section        0  timers.o(.bss.prvCheckForValidListAndQueue.xStaticTimerQueue)
    pxReadyTasksLists                        0x200003ac   Data        1120  tasks.o(.bss.pxReadyTasksLists)
    [Anonymous Symbol]                       0x200003ac   Section        0  tasks.o(.bss.pxReadyTasksLists)
    ucHeap                                   0x20000890   Data       15360  heap_4.o(.bss.ucHeap)
    [Anonymous Symbol]                       0x20000890   Section        0  heap_4.o(.bss.ucHeap)
    vApplicationGetIdleTaskMemory.Idle_Stack 0x20004494   Data         512  cmsis_os2.o(.bss.vApplicationGetIdleTaskMemory.Idle_Stack)
    [Anonymous Symbol]                       0x20004494   Section        0  cmsis_os2.o(.bss.vApplicationGetIdleTaskMemory.Idle_Stack)
    vApplicationGetIdleTaskMemory.Idle_TCB   0x20004694   Data          92  cmsis_os2.o(.bss.vApplicationGetIdleTaskMemory.Idle_TCB)
    [Anonymous Symbol]                       0x20004694   Section        0  cmsis_os2.o(.bss.vApplicationGetIdleTaskMemory.Idle_TCB)
    vApplicationGetTimerTaskMemory.Timer_Stack 0x200046f0   Data        1024  cmsis_os2.o(.bss.vApplicationGetTimerTaskMemory.Timer_Stack)
    [Anonymous Symbol]                       0x200046f0   Section        0  cmsis_os2.o(.bss.vApplicationGetTimerTaskMemory.Timer_Stack)
    vApplicationGetTimerTaskMemory.Timer_TCB 0x20004af0   Data          92  cmsis_os2.o(.bss.vApplicationGetTimerTaskMemory.Timer_TCB)
    [Anonymous Symbol]                       0x20004af0   Section        0  cmsis_os2.o(.bss.vApplicationGetTimerTaskMemory.Timer_TCB)
    STACK                                    0x20004b90   Section     1024  startup_stm32f429xx.o(STACK)

    Global Symbols

    Symbol Name                              Value     Ov Type        Size  Object(Section)

    BuildAttributes$$THM_ISAv4$E$P$D$K$B$S$7EM$VFPi3$EXTD16$VFPS$VFMA$PE$A:L22UL41UL21$X:L11$S22US41US21$IEEE1$IW$~IW$USESV6$~STKCKD$USESV7$~SHL$OTIME$ROPI$EBA8$MICROLIB$REQ8$PRES8$EABIv2 0x00000000   Number         0  anon$$obj.o ABSOLUTE
    _printf_a                                0x00000000   Number         0  printfstubs.o ABSOLUTE
    _printf_c                                0x00000000   Number         0  printfstubs.o ABSOLUTE
    _printf_charcount                        0x00000000   Number         0  printfstubs.o ABSOLUTE
    _printf_d                                0x00000000   Number         0  printfstubs.o ABSOLUTE
    _printf_e                                0x00000000   Number         0  printfstubs.o ABSOLUTE
    _printf_f                                0x00000000   Number         0  printfstubs.o ABSOLUTE
    _printf_flags                            0x00000000   Number         0  printfstubs.o ABSOLUTE
    _printf_fp_dec                           0x00000000   Number         0  printfstubs.o ABSOLUTE
    _printf_fp_hex                           0x00000000   Number         0  printfstubs.o ABSOLUTE
    _printf_g                                0x00000000   Number         0  printfstubs.o ABSOLUTE
    _printf_i                                0x00000000   Number         0  printfstubs.o ABSOLUTE
    _printf_int_dec                          0x00000000   Number         0  printfstubs.o ABSOLUTE
    _printf_l                                0x00000000   Number         0  printfstubs.o ABSOLUTE
    _printf_lc                               0x00000000   Number         0  printfstubs.o ABSOLUTE
    _printf_ll                               0x00000000   Number         0  printfstubs.o ABSOLUTE
    _printf_lld                              0x00000000   Number         0  printfstubs.o ABSOLUTE
    _printf_lli                              0x00000000   Number         0  printfstubs.o ABSOLUTE
    _printf_llo                              0x00000000   Number         0  printfstubs.o ABSOLUTE
    _printf_llu                              0x00000000   Number         0  printfstubs.o ABSOLUTE
    _printf_llx                              0x00000000   Number         0  printfstubs.o ABSOLUTE
    _printf_longlong_dec                     0x00000000   Number         0  printfstubs.o ABSOLUTE
    _printf_longlong_hex                     0x00000000   Number         0  printfstubs.o ABSOLUTE
    _printf_longlong_oct                     0x00000000   Number         0  printfstubs.o ABSOLUTE
    _printf_ls                               0x00000000   Number         0  printfstubs.o ABSOLUTE
    _printf_mbtowc                           0x00000000   Number         0  printfstubs.o ABSOLUTE
    _printf_n                                0x00000000   Number         0  printfstubs.o ABSOLUTE
    _printf_o                                0x00000000   Number         0  printfstubs.o ABSOLUTE
    _printf_p                                0x00000000   Number         0  printfstubs.o ABSOLUTE
    _printf_percent                          0x00000000   Number         0  printfstubs.o ABSOLUTE
    _printf_pre_padding                      0x00000000   Number         0  printfstubs.o ABSOLUTE
    _printf_return_value                     0x00000000   Number         0  printfstubs.o ABSOLUTE
    _printf_s                                0x00000000   Number         0  printfstubs.o ABSOLUTE
    _printf_sizespec                         0x00000000   Number         0  printfstubs.o ABSOLUTE
    _printf_str                              0x00000000   Number         0  printfstubs.o ABSOLUTE
    _printf_truncate_signed                  0x00000000   Number         0  printfstubs.o ABSOLUTE
    _printf_truncate_unsigned                0x00000000   Number         0  printfstubs.o ABSOLUTE
    _printf_u                                0x00000000   Number         0  printfstubs.o ABSOLUTE
    _printf_wc                               0x00000000   Number         0  printfstubs.o ABSOLUTE
    _printf_wctomb                           0x00000000   Number         0  printfstubs.o ABSOLUTE
    _printf_widthprec                        0x00000000   Number         0  printfstubs.o ABSOLUTE
    _printf_x                                0x00000000   Number         0  printfstubs.o ABSOLUTE
    __cpp_initialize__aeabi_                  - Undefined Weak Reference
    __cxa_finalize                            - Undefined Weak Reference
    __decompress                              - Undefined Weak Reference
    _clock_init                               - Undefined Weak Reference
    _microlib_exit                            - Undefined Weak Reference
    __Vectors_Size                           0x000001ac   Number         0  startup_stm32f429xx.o ABSOLUTE
    __Vectors                                0x08000000   Data           4  startup_stm32f429xx.o(RESET)
    __Vectors_End                            0x080001ac   Data           0  startup_stm32f429xx.o(RESET)
    __main                                   0x080001ad   Thumb Code     0  entry.o(.ARM.Collect$$$$00000000)
    _main_stk                                0x080001ad   Thumb Code     0  entry2.o(.ARM.Collect$$$$00000001)
    _main_scatterload                        0x080001b1   Thumb Code     0  entry5.o(.ARM.Collect$$$$00000004)
    __main_after_scatterload                 0x080001b5   Thumb Code     0  entry5.o(.ARM.Collect$$$$00000004)
    _main_clock                              0x080001b5   Thumb Code     0  entry7b.o(.ARM.Collect$$$$00000008)
    _main_cpp_init                           0x080001b5   Thumb Code     0  entry8b.o(.ARM.Collect$$$$0000000A)
    _main_init                               0x080001b5   Thumb Code     0  entry9a.o(.ARM.Collect$$$$0000000B)
    __rt_final_cpp                           0x080001bd   Thumb Code     0  entry10a.o(.ARM.Collect$$$$0000000D)
    __rt_final_exit                          0x080001bd   Thumb Code     0  entry11a.o(.ARM.Collect$$$$0000000F)
    Reset_Handler                            0x080001c1   Thumb Code     8  startup_stm32f429xx.o(.text)
    ADC_IRQHandler                           0x080001db   Thumb Code     0  startup_stm32f429xx.o(.text)
    CAN1_RX0_IRQHandler                      0x080001db   Thumb Code     0  startup_stm32f429xx.o(.text)
    CAN1_RX1_IRQHandler                      0x080001db   Thumb Code     0  startup_stm32f429xx.o(.text)
    CAN1_SCE_IRQHandler                      0x080001db   Thumb Code     0  startup_stm32f429xx.o(.text)
    CAN1_TX_IRQHandler                       0x080001db   Thumb Code     0  startup_stm32f429xx.o(.text)
    CAN2_RX0_IRQHandler                      0x080001db   Thumb Code     0  startup_stm32f429xx.o(.text)
    CAN2_RX1_IRQHandler                      0x080001db   Thumb Code     0  startup_stm32f429xx.o(.text)
    CAN2_SCE_IRQHandler                      0x080001db   Thumb Code     0  startup_stm32f429xx.o(.text)
    CAN2_TX_IRQHandler                       0x080001db   Thumb Code     0  startup_stm32f429xx.o(.text)
    DCMI_IRQHandler                          0x080001db   Thumb Code     0  startup_stm32f429xx.o(.text)
    DMA1_Stream0_IRQHandler                  0x080001db   Thumb Code     0  startup_stm32f429xx.o(.text)
    DMA1_Stream1_IRQHandler                  0x080001db   Thumb Code     0  startup_stm32f429xx.o(.text)
    DMA1_Stream2_IRQHandler                  0x080001db   Thumb Code     0  startup_stm32f429xx.o(.text)
    DMA1_Stream3_IRQHandler                  0x080001db   Thumb Code     0  startup_stm32f429xx.o(.text)
    DMA1_Stream4_IRQHandler                  0x080001db   Thumb Code     0  startup_stm32f429xx.o(.text)
    DMA1_Stream5_IRQHandler                  0x080001db   Thumb Code     0  startup_stm32f429xx.o(.text)
    DMA1_Stream6_IRQHandler                  0x080001db   Thumb Code     0  startup_stm32f429xx.o(.text)
    DMA1_Stream7_IRQHandler                  0x080001db   Thumb Code     0  startup_stm32f429xx.o(.text)
    DMA2D_IRQHandler                         0x080001db   Thumb Code     0  startup_stm32f429xx.o(.text)
    DMA2_Stream0_IRQHandler                  0x080001db   Thumb Code     0  startup_stm32f429xx.o(.text)
    DMA2_Stream1_IRQHandler                  0x080001db   Thumb Code     0  startup_stm32f429xx.o(.text)
    DMA2_Stream2_IRQHandler                  0x080001db   Thumb Code     0  startup_stm32f429xx.o(.text)
    DMA2_Stream3_IRQHandler                  0x080001db   Thumb Code     0  startup_stm32f429xx.o(.text)
    DMA2_Stream4_IRQHandler                  0x080001db   Thumb Code     0  startup_stm32f429xx.o(.text)
    DMA2_Stream5_IRQHandler                  0x080001db   Thumb Code     0  startup_stm32f429xx.o(.text)
    DMA2_Stream6_IRQHandler                  0x080001db   Thumb Code     0  startup_stm32f429xx.o(.text)
    DMA2_Stream7_IRQHandler                  0x080001db   Thumb Code     0  startup_stm32f429xx.o(.text)
    ETH_IRQHandler                           0x080001db   Thumb Code     0  startup_stm32f429xx.o(.text)
    ETH_WKUP_IRQHandler                      0x080001db   Thumb Code     0  startup_stm32f429xx.o(.text)
    EXTI0_IRQHandler                         0x080001db   Thumb Code     0  startup_stm32f429xx.o(.text)
    EXTI2_IRQHandler                         0x080001db   Thumb Code     0  startup_stm32f429xx.o(.text)
    FLASH_IRQHandler                         0x080001db   Thumb Code     0  startup_stm32f429xx.o(.text)
    FMC_IRQHandler                           0x080001db   Thumb Code     0  startup_stm32f429xx.o(.text)
    FPU_IRQHandler                           0x080001db   Thumb Code     0  startup_stm32f429xx.o(.text)
    HASH_RNG_IRQHandler                      0x080001db   Thumb Code     0  startup_stm32f429xx.o(.text)
    I2C1_ER_IRQHandler                       0x080001db   Thumb Code     0  startup_stm32f429xx.o(.text)
    I2C1_EV_IRQHandler                       0x080001db   Thumb Code     0  startup_stm32f429xx.o(.text)
    I2C2_ER_IRQHandler                       0x080001db   Thumb Code     0  startup_stm32f429xx.o(.text)
    I2C2_EV_IRQHandler                       0x080001db   Thumb Code     0  startup_stm32f429xx.o(.text)
    I2C3_ER_IRQHandler                       0x080001db   Thumb Code     0  startup_stm32f429xx.o(.text)
    I2C3_EV_IRQHandler                       0x080001db   Thumb Code     0  startup_stm32f429xx.o(.text)
    LTDC_ER_IRQHandler                       0x080001db   Thumb Code     0  startup_stm32f429xx.o(.text)
    LTDC_IRQHandler                          0x080001db   Thumb Code     0  startup_stm32f429xx.o(.text)
    OTG_FS_IRQHandler                        0x080001db   Thumb Code     0  startup_stm32f429xx.o(.text)
    OTG_FS_WKUP_IRQHandler                   0x080001db   Thumb Code     0  startup_stm32f429xx.o(.text)
    OTG_HS_EP1_IN_IRQHandler                 0x080001db   Thumb Code     0  startup_stm32f429xx.o(.text)
    OTG_HS_EP1_OUT_IRQHandler                0x080001db   Thumb Code     0  startup_stm32f429xx.o(.text)
    OTG_HS_IRQHandler                        0x080001db   Thumb Code     0  startup_stm32f429xx.o(.text)
    OTG_HS_WKUP_IRQHandler                   0x080001db   Thumb Code     0  startup_stm32f429xx.o(.text)
    PVD_IRQHandler                           0x080001db   Thumb Code     0  startup_stm32f429xx.o(.text)
    RCC_IRQHandler                           0x080001db   Thumb Code     0  startup_stm32f429xx.o(.text)
    RTC_Alarm_IRQHandler                     0x080001db   Thumb Code     0  startup_stm32f429xx.o(.text)
    RTC_WKUP_IRQHandler                      0x080001db   Thumb Code     0  startup_stm32f429xx.o(.text)
    SAI1_IRQHandler                          0x080001db   Thumb Code     0  startup_stm32f429xx.o(.text)
    SDIO_IRQHandler                          0x080001db   Thumb Code     0  startup_stm32f429xx.o(.text)
    SPI1_IRQHandler                          0x080001db   Thumb Code     0  startup_stm32f429xx.o(.text)
    SPI2_IRQHandler                          0x080001db   Thumb Code     0  startup_stm32f429xx.o(.text)
    SPI3_IRQHandler                          0x080001db   Thumb Code     0  startup_stm32f429xx.o(.text)
    SPI4_IRQHandler                          0x080001db   Thumb Code     0  startup_stm32f429xx.o(.text)
    SPI5_IRQHandler                          0x080001db   Thumb Code     0  startup_stm32f429xx.o(.text)
    SPI6_IRQHandler                          0x080001db   Thumb Code     0  startup_stm32f429xx.o(.text)
    TAMP_STAMP_IRQHandler                    0x080001db   Thumb Code     0  startup_stm32f429xx.o(.text)
    TIM1_BRK_TIM9_IRQHandler                 0x080001db   Thumb Code     0  startup_stm32f429xx.o(.text)
    TIM1_CC_IRQHandler                       0x080001db   Thumb Code     0  startup_stm32f429xx.o(.text)
    TIM1_TRG_COM_TIM11_IRQHandler            0x080001db   Thumb Code     0  startup_stm32f429xx.o(.text)
    TIM1_UP_TIM10_IRQHandler                 0x080001db   Thumb Code     0  startup_stm32f429xx.o(.text)
    TIM2_IRQHandler                          0x080001db   Thumb Code     0  startup_stm32f429xx.o(.text)
    TIM3_IRQHandler                          0x080001db   Thumb Code     0  startup_stm32f429xx.o(.text)
    TIM4_IRQHandler                          0x080001db   Thumb Code     0  startup_stm32f429xx.o(.text)
    TIM5_IRQHandler                          0x080001db   Thumb Code     0  startup_stm32f429xx.o(.text)
    TIM6_DAC_IRQHandler                      0x080001db   Thumb Code     0  startup_stm32f429xx.o(.text)
    TIM7_IRQHandler                          0x080001db   Thumb Code     0  startup_stm32f429xx.o(.text)
    TIM8_BRK_TIM12_IRQHandler                0x080001db   Thumb Code     0  startup_stm32f429xx.o(.text)
    TIM8_CC_IRQHandler                       0x080001db   Thumb Code     0  startup_stm32f429xx.o(.text)
    TIM8_TRG_COM_TIM14_IRQHandler            0x080001db   Thumb Code     0  startup_stm32f429xx.o(.text)
    TIM8_UP_TIM13_IRQHandler                 0x080001db   Thumb Code     0  startup_stm32f429xx.o(.text)
    UART4_IRQHandler                         0x080001db   Thumb Code     0  startup_stm32f429xx.o(.text)
    UART5_IRQHandler                         0x080001db   Thumb Code     0  startup_stm32f429xx.o(.text)
    UART7_IRQHandler                         0x080001db   Thumb Code     0  startup_stm32f429xx.o(.text)
    UART8_IRQHandler                         0x080001db   Thumb Code     0  startup_stm32f429xx.o(.text)
    USART1_IRQHandler                        0x080001db   Thumb Code     0  startup_stm32f429xx.o(.text)
    USART3_IRQHandler                        0x080001db   Thumb Code     0  startup_stm32f429xx.o(.text)
    USART6_IRQHandler                        0x080001db   Thumb Code     0  startup_stm32f429xx.o(.text)
    WWDG_IRQHandler                          0x080001db   Thumb Code     0  startup_stm32f429xx.o(.text)
    __aeabi_uldivmod                         0x080001e5   Thumb Code    98  uldiv.o(.text)
    __aeabi_memcpy                           0x08000247   Thumb Code    36  memcpya.o(.text)
    __aeabi_memcpy4                          0x08000247   Thumb Code     0  memcpya.o(.text)
    __aeabi_memcpy8                          0x08000247   Thumb Code     0  memcpya.o(.text)
    __aeabi_memset                           0x0800026b   Thumb Code    14  memseta.o(.text)
    __aeabi_memset4                          0x0800026b   Thumb Code     0  memseta.o(.text)
    __aeabi_memset8                          0x0800026b   Thumb Code     0  memseta.o(.text)
    __aeabi_memclr                           0x08000279   Thumb Code     4  memseta.o(.text)
    __aeabi_memclr4                          0x08000279   Thumb Code     0  memseta.o(.text)
    __aeabi_memclr8                          0x08000279   Thumb Code     0  memseta.o(.text)
    _memset$wrapper                          0x0800027d   Thumb Code    18  memseta.o(.text)
    strlen                                   0x0800028f   Thumb Code    14  strlen.o(.text)
    __aeabi_llsl                             0x0800029d   Thumb Code    30  llshl.o(.text)
    _ll_shift_l                              0x0800029d   Thumb Code     0  llshl.o(.text)
    __aeabi_llsr                             0x080002bb   Thumb Code    32  llushr.o(.text)
    _ll_ushift_r                             0x080002bb   Thumb Code     0  llushr.o(.text)
    __scatterload                            0x080002dd   Thumb Code    28  init.o(.text)
    __scatterload_rt2                        0x080002dd   Thumb Code     0  init.o(.text)
    BusFault_Handler                         0x08000301   Thumb Code     2  stm32f4xx_it.o(.text.BusFault_Handler)
    CalulateCRC                              0x08000305   Thumb Code   468  rc522_1.o(.text.CalulateCRC)
    ClearBitMask                             0x080004d9   Thumb Code   182  rc522_1.o(.text.ClearBitMask)
    DebugMon_Handler                         0x08000591   Thumb Code     2  stm32f4xx_it.o(.text.DebugMon_Handler)
    EXTI15_10_IRQHandler                     0x08000595   Thumb Code     8  stm32f4xx_it.o(.text.EXTI15_10_IRQHandler)
    EXTI1_IRQHandler                         0x0800059d   Thumb Code     6  stm32f4xx_it.o(.text.EXTI1_IRQHandler)
    EXTI3_IRQHandler                         0x080005a5   Thumb Code     6  stm32f4xx_it.o(.text.EXTI3_IRQHandler)
    EXTI4_IRQHandler                         0x080005ad   Thumb Code     6  stm32f4xx_it.o(.text.EXTI4_IRQHandler)
    EXTI9_5_IRQHandler                       0x080005b5   Thumb Code    18  stm32f4xx_it.o(.text.EXTI9_5_IRQHandler)
    Error_Handler                            0x080005c9   Thumb Code    10  main.o(.text.Error_Handler)
    HAL_DMA_Abort                            0x080005d5   Thumb Code   142  stm32f4xx_hal_dma.o(.text.HAL_DMA_Abort)
    HAL_DMA_Abort_IT                         0x08000665   Thumb Code    36  stm32f4xx_hal_dma.o(.text.HAL_DMA_Abort_IT)
    HAL_Delay                                0x08000689   Thumb Code    40  stm32f4xx_hal.o(.text.HAL_Delay)
    HAL_GPIO_EXTI_Callback                   0x080006b1   Thumb Code   212  main.o(.text.HAL_GPIO_EXTI_Callback)
    HAL_GPIO_EXTI_IRQHandler                 0x08000785   Thumb Code    22  stm32f4xx_hal_gpio.o(.text.HAL_GPIO_EXTI_IRQHandler)
    HAL_GPIO_Init                            0x0800079d   Thumb Code   422  stm32f4xx_hal_gpio.o(.text.HAL_GPIO_Init)
    HAL_GPIO_ReadPin                         0x08000945   Thumb Code    10  stm32f4xx_hal_gpio.o(.text.HAL_GPIO_ReadPin)
    HAL_GPIO_WritePin                        0x08000951   Thumb Code    10  stm32f4xx_hal_gpio.o(.text.HAL_GPIO_WritePin)
    HAL_GetTick                              0x0800095d   Thumb Code    12  stm32f4xx_hal.o(.text.HAL_GetTick)
    HAL_I2CEx_ConfigAnalogFilter             0x08000969   Thumb Code    60  stm32f4xx_hal_i2c_ex.o(.text.HAL_I2CEx_ConfigAnalogFilter)
    HAL_I2CEx_ConfigDigitalFilter            0x080009a5   Thumb Code    64  stm32f4xx_hal_i2c_ex.o(.text.HAL_I2CEx_ConfigDigitalFilter)
    HAL_I2C_Init                             0x080009e5   Thumb Code   374  stm32f4xx_hal_i2c.o(.text.HAL_I2C_Init)
    HAL_I2C_Master_Transmit                  0x08000b5d   Thumb Code  1144  stm32f4xx_hal_i2c.o(.text.HAL_I2C_Master_Transmit)
    HAL_I2C_MspInit                          0x08000fd5   Thumb Code   108  i2c.o(.text.HAL_I2C_MspInit)
    HAL_IncTick                              0x08001041   Thumb Code    26  stm32f4xx_hal.o(.text.HAL_IncTick)
    HAL_Init                                 0x0800105d   Thumb Code    54  stm32f4xx_hal.o(.text.HAL_Init)
    HAL_InitTick                             0x08001095   Thumb Code    72  stm32f4xx_hal.o(.text.HAL_InitTick)
    HAL_MspInit                              0x080010dd   Thumb Code    66  stm32f4xx_hal_msp.o(.text.HAL_MspInit)
    HAL_NVIC_EnableIRQ                       0x08001121   Thumb Code    38  stm32f4xx_hal_cortex.o(.text.HAL_NVIC_EnableIRQ)
    HAL_NVIC_SetPriority                     0x08001149   Thumb Code    86  stm32f4xx_hal_cortex.o(.text.HAL_NVIC_SetPriority)
    HAL_NVIC_SetPriorityGrouping             0x080011a1   Thumb Code    32  stm32f4xx_hal_cortex.o(.text.HAL_NVIC_SetPriorityGrouping)
    HAL_RCC_ClockConfig                      0x080011c1   Thumb Code   352  stm32f4xx_hal_rcc.o(.text.HAL_RCC_ClockConfig)
    HAL_RCC_GetPCLK1Freq                     0x08001321   Thumb Code    38  stm32f4xx_hal_rcc.o(.text.HAL_RCC_GetPCLK1Freq)
    HAL_RCC_GetPCLK2Freq                     0x08001349   Thumb Code    38  stm32f4xx_hal_rcc.o(.text.HAL_RCC_GetPCLK2Freq)
    HAL_RCC_GetSysClockFreq                  0x08001371   Thumb Code   106  stm32f4xx_hal_rcc.o(.text.HAL_RCC_GetSysClockFreq)
    HAL_RCC_OscConfig                        0x080013dd   Thumb Code   884  stm32f4xx_hal_rcc.o(.text.HAL_RCC_OscConfig)
    HAL_SPI_Init                             0x08001751   Thumb Code   180  stm32f4xx_hal_spi.o(.text.HAL_SPI_Init)
    HAL_SPI_MspInit                          0x08001805   Thumb Code   106  spi.o(.text.HAL_SPI_MspInit)
    HAL_SPI_TransmitReceive                  0x08001871   Thumb Code   792  stm32f4xx_hal_spi.o(.text.HAL_SPI_TransmitReceive)
    HAL_SYSTICK_Config                       0x08001b89   Thumb Code    44  stm32f4xx_hal_cortex.o(.text.HAL_SYSTICK_Config)
    HAL_UARTEx_RxEventCallback               0x08001bb5   Thumb Code     2  stm32f4xx_hal_uart.o(.text.HAL_UARTEx_RxEventCallback)
    HAL_UART_ErrorCallback                   0x08001bb9   Thumb Code     2  stm32f4xx_hal_uart.o(.text.HAL_UART_ErrorCallback)
    HAL_UART_IRQHandler                      0x08001bbd   Thumb Code  1380  stm32f4xx_hal_uart.o(.text.HAL_UART_IRQHandler)
    HAL_UART_Init                            0x08002121   Thumb Code    94  stm32f4xx_hal_uart.o(.text.HAL_UART_Init)
    HAL_UART_MspInit                         0x08002181   Thumb Code   230  usart.o(.text.HAL_UART_MspInit)
    HAL_UART_RxCpltCallback                  0x08002269   Thumb Code     2  stm32f4xx_hal_uart.o(.text.HAL_UART_RxCpltCallback)
    HAL_UART_Transmit                        0x0800226d   Thumb Code   646  stm32f4xx_hal_uart.o(.text.HAL_UART_Transmit)
    HAL_UART_TxCpltCallback                  0x080024f5   Thumb Code     2  stm32f4xx_hal_uart.o(.text.HAL_UART_TxCpltCallback)
    HardFault_Handler                        0x080024f9   Thumb Code     2  stm32f4xx_it.o(.text.HardFault_Handler)
    MFRC522_Anticoll                         0x080024fd   Thumb Code   154  rc522_1.o(.text.MFRC522_Anticoll)
    MFRC522_Halt                             0x08002599   Thumb Code    46  rc522_1.o(.text.MFRC522_Halt)
    MFRC522_Init                             0x080025c9   Thumb Code   672  rc522_1.o(.text.MFRC522_Init)
    MFRC522_Request                          0x08002869   Thumb Code   136  rc522_1.o(.text.MFRC522_Request)
    MFRC522_ToCard                           0x080028f1   Thumb Code   970  rc522_1.o(.text.MFRC522_ToCard)
    MX_FREERTOS_Init                         0x08002cbd   Thumb Code    36  freertos.o(.text.MX_FREERTOS_Init)
    MX_GPIO_Init                             0x08002ce1   Thumb Code   454  gpio.o(.text.MX_GPIO_Init)
    MX_I2C1_Init                             0x08002ea9   Thumb Code   110  i2c.o(.text.MX_I2C1_Init)
    MX_SPI1_Init                             0x08002f19   Thumb Code    70  spi.o(.text.MX_SPI1_Init)
    MX_USART2_UART_Init                      0x08002f61   Thumb Code    60  usart.o(.text.MX_USART2_UART_Init)
    MX_USART3_UART_Init                      0x08002f9d   Thumb Code    60  usart.o(.text.MX_USART3_UART_Init)
    MemManage_Handler                        0x08002fd9   Thumb Code     2  stm32f4xx_it.o(.text.MemManage_Handler)
    NMI_Handler                              0x08002fdd   Thumb Code     2  stm32f4xx_it.o(.text.NMI_Handler)
    PendSV_Handler                           0x08002fe1   Thumb Code   100  port.o(.text.PendSV_Handler)
    SVC_Handler                              0x08003131   Thumb Code    36  port.o(.text.SVC_Handler)
    SetBitMask                               0x08003155   Thumb Code   182  rc522_1.o(.text.SetBitMask)
    StartDefaultTask                         0x0800320d   Thumb Code     8  freertos.o(.text.StartDefaultTask)
    StartTask_Rx                             0x08003215   Thumb Code    82  main.o(.text.StartTask_Rx)
    StartTask_Tx                             0x08003269   Thumb Code   128  main.o(.text.StartTask_Tx)
    SysTick_Handler                          0x080032e9   Thumb Code    24  stm32f4xx_it.o(.text.SysTick_Handler)
    SystemInit                               0x08003301   Thumb Code    18  system_stm32f4xx.o(.text.SystemInit)
    USART2_IRQHandler                        0x08003511   Thumb Code    12  stm32f4xx_it.o(.text.USART2_IRQHandler)
    UsageFault_Handler                       0x0800351d   Thumb Code     2  stm32f4xx_it.o(.text.UsageFault_Handler)
    fputc                                    0x080047f9   Thumb Code    40  usart.o(.text.fputc)
    lcd_clear                                0x08004821   Thumb Code    80  i2c_lcd_1.o(.text.lcd_clear)
    lcd_gotoxy                               0x08004871   Thumb Code   104  i2c_lcd_1.o(.text.lcd_gotoxy)
    lcd_init                                 0x080048d9   Thumb Code   266  i2c_lcd_1.o(.text.lcd_init)
    lcd_puts                                 0x080049e5   Thumb Code    78  i2c_lcd_1.o(.text.lcd_puts)
    main                                     0x08004b45   Thumb Code   536  main.o(.text.main)
    osDelay                                  0x08004d99   Thumb Code    32  cmsis_os2.o(.text.osDelay)
    osKernelInitialize                       0x08004db9   Thumb Code    40  cmsis_os2.o(.text.osKernelInitialize)
    osKernelStart                            0x08004de1   Thumb Code    60  cmsis_os2.o(.text.osKernelStart)
    osMessageQueueGet                        0x08004e1d   Thumb Code   136  cmsis_os2.o(.text.osMessageQueueGet)
    osMessageQueueNew                        0x08004ea5   Thumb Code   148  cmsis_os2.o(.text.osMessageQueueNew)
    osThreadNew                              0x08004f39   Thumb Code   174  cmsis_os2.o(.text.osThreadNew)
    pb_decode                                0x08005151   Thumb Code     6  pb_decode_1.o(.text.pb_decode)
    pb_default_field_callback                0x08005575   Thumb Code    60  pb_common_1.o(.text.pb_default_field_callback)
    pb_encode                                0x080056f9   Thumb Code   136  pb_encode_1.o(.text.pb_encode)
    pb_encode_submessage                     0x08005781   Thumb Code   452  pb_encode_1.o(.text.pb_encode_submessage)
    pb_encode_varint                         0x08005959   Thumb Code   476  pb_encode_1.o(.text.pb_encode_varint)
    pb_field_iter_begin                      0x08005b35   Thumb Code    24  pb_common_1.o(.text.pb_field_iter_begin)
    pb_field_iter_begin_const                0x08005b4d   Thumb Code    24  pb_common_1.o(.text.pb_field_iter_begin_const)
    pb_field_iter_begin_extension            0x08005b65   Thumb Code    64  pb_common_1.o(.text.pb_field_iter_begin_extension)
    pb_field_iter_begin_extension_const      0x08005ba5   Thumb Code    64  pb_common_1.o(.text.pb_field_iter_begin_extension_const)
    pb_field_iter_find                       0x08005be5   Thumb Code   184  pb_common_1.o(.text.pb_field_iter_find)
    pb_field_iter_find_extension             0x08005c9d   Thumb Code   140  pb_common_1.o(.text.pb_field_iter_find_extension)
    pb_field_iter_next                       0x08005d29   Thumb Code    94  pb_common_1.o(.text.pb_field_iter_next)
    pb_istream_from_buffer                   0x08005d89   Thumb Code    22  pb_decode_1.o(.text.pb_istream_from_buffer)
    pb_ostream_from_buffer                   0x08005f35   Thumb Code    22  pb_encode_1.o(.text.pb_ostream_from_buffer)
    pb_read                                  0x08005f4d   Thumb Code   152  pb_decode_1.o(.text.pb_read)
    pb_skip_field                            0x08005fe5   Thumb Code   326  pb_decode_1.o(.text.pb_skip_field)
    pb_write                                 0x0800612d   Thumb Code    80  pb_encode_1.o(.text.pb_write)
    pvPortMalloc                             0x08006a21   Thumb Code   522  heap_4.o(.text.pvPortMalloc)
    pvTaskIncrementMutexHeldCount            0x08006c2d   Thumb Code    24  tasks.o(.text.pvTaskIncrementMutexHeldCount)
    pxPortInitialiseStack                    0x08006c45   Thumb Code    40  port.o(.text.pxPortInitialiseStack)
    taskIsOpen                               0x08006c6d   Thumb Code    26  main.o(.text.taskIsOpen)
    taskKeypad                               0x08006c89   Thumb Code   412  main.o(.text.taskKeypad)
    taskLCD                                  0x08006e71   Thumb Code   160  main.o(.text.taskLCD)
    taskLed                                  0x08006f41   Thumb Code   110  main.o(.text.taskLed)
    taskPIR                                  0x08006fb1   Thumb Code    56  main.o(.text.taskPIR)
    taskRFID                                 0x08007011   Thumb Code   104  main.o(.text.taskRFID)
    taskRelay                                0x080070d9   Thumb Code    72  main.o(.text.taskRelay)
    uxListRemove                             0x08007121   Thumb Code    36  list.o(.text.uxListRemove)
    vApplicationGetIdleTaskMemory            0x08007145   Thumb Code    26  cmsis_os2.o(.text.vApplicationGetIdleTaskMemory)
    vApplicationGetTimerTaskMemory           0x08007161   Thumb Code    28  cmsis_os2.o(.text.vApplicationGetTimerTaskMemory)
    vListInitialise                          0x0800717d   Thumb Code    22  list.o(.text.vListInitialise)
    vListInitialiseItem                      0x08007195   Thumb Code     6  list.o(.text.vListInitialiseItem)
    vListInsert                              0x0800719d   Thumb Code    98  list.o(.text.vListInsert)
    vListInsertEnd                           0x08007201   Thumb Code    28  list.o(.text.vListInsertEnd)
    vPortEnterCritical                       0x08007231   Thumb Code    70  port.o(.text.vPortEnterCritical)
    vPortExitCritical                        0x08007279   Thumb Code    46  port.o(.text.vPortExitCritical)
    vPortFree                                0x080072a9   Thumb Code   212  heap_4.o(.text.vPortFree)
    vPortSetupTimerInterrupt                 0x0800737d   Thumb Code    52  port.o(.text.vPortSetupTimerInterrupt)
    vPortValidateInterruptPriority           0x080073b1   Thumb Code    94  port.o(.text.vPortValidateInterruptPriority)
    vQueueAddToRegistry                      0x08007411   Thumb Code   176  queue.o(.text.vQueueAddToRegistry)
    vQueueWaitForMessageRestricted           0x080074c1   Thumb Code    82  queue.o(.text.vQueueWaitForMessageRestricted)
    vTaskDelay                               0x08007515   Thumb Code   128  tasks.o(.text.vTaskDelay)
    vTaskInternalSetTimeOutState             0x08007595   Thumb Code    18  tasks.o(.text.vTaskInternalSetTimeOutState)
    vTaskMissedYield                         0x080075a9   Thumb Code    14  tasks.o(.text.vTaskMissedYield)
    vTaskPlaceOnEventList                    0x080075b9   Thumb Code   116  tasks.o(.text.vTaskPlaceOnEventList)
    vTaskPlaceOnEventListRestricted          0x0800762d   Thumb Code   122  tasks.o(.text.vTaskPlaceOnEventListRestricted)
    vTaskPriorityDisinheritAfterTimeout      0x080076a9   Thumb Code   162  tasks.o(.text.vTaskPriorityDisinheritAfterTimeout)
    vTaskStartScheduler                      0x0800774d   Thumb Code   232  tasks.o(.text.vTaskStartScheduler)
    vTaskSuspendAll                          0x0800783d   Thumb Code    16  tasks.o(.text.vTaskSuspendAll)
    vTaskSwitchContext                       0x0800784d   Thumb Code   188  tasks.o(.text.vTaskSwitchContext)
    xPortStartScheduler                      0x08007909   Thumb Code   388  port.o(.text.xPortStartScheduler)
    xPortSysTickHandler                      0x08007a8d   Thumb Code    46  port.o(.text.xPortSysTickHandler)
    xQueueGenericCreate                      0x08007abd   Thumb Code   134  queue.o(.text.xQueueGenericCreate)
    xQueueGenericCreateStatic                0x08007b45   Thumb Code   222  queue.o(.text.xQueueGenericCreateStatic)
    xQueueGenericSend                        0x08007c25   Thumb Code   554  queue.o(.text.xQueueGenericSend)
    xQueueGenericSendFromISR                 0x08007e51   Thumb Code   344  queue.o(.text.xQueueGenericSendFromISR)
    xQueueGiveFromISR                        0x08007fa9   Thumb Code   200  queue.o(.text.xQueueGiveFromISR)
    xQueueReceive                            0x08008071   Thumb Code   418  queue.o(.text.xQueueReceive)
    xQueueReceiveFromISR                     0x08008215   Thumb Code   228  queue.o(.text.xQueueReceiveFromISR)
    xQueueSemaphoreTake                      0x080082f9   Thumb Code   474  queue.o(.text.xQueueSemaphoreTake)
    xTaskCheckForTimeOut                     0x080084d5   Thumb Code   162  tasks.o(.text.xTaskCheckForTimeOut)
    xTaskCreate                              0x08008579   Thumb Code    96  tasks.o(.text.xTaskCreate)
    xTaskCreateStatic                        0x080085d9   Thumb Code   118  tasks.o(.text.xTaskCreateStatic)
    xTaskGetSchedulerState                   0x08008651   Thumb Code    30  tasks.o(.text.xTaskGetSchedulerState)
    xTaskGetTickCount                        0x08008671   Thumb Code    12  tasks.o(.text.xTaskGetTickCount)
    xTaskIncrementTick                       0x0800867d   Thumb Code   260  tasks.o(.text.xTaskIncrementTick)
    xTaskPriorityDisinherit                  0x08008781   Thumb Code   138  tasks.o(.text.xTaskPriorityDisinherit)
    xTaskPriorityInherit                     0x0800880d   Thumb Code   146  tasks.o(.text.xTaskPriorityInherit)
    xTaskRemoveFromEventList                 0x080088a1   Thumb Code   114  tasks.o(.text.xTaskRemoveFromEventList)
    xTaskResumeAll                           0x08008915   Thumb Code   238  tasks.o(.text.xTaskResumeAll)
    xTimerCreateTimerTask                    0x08008a05   Thumb Code   172  timers.o(.text.xTimerCreateTimerTask)
    __0printf$8                              0x08008ab9   Thumb Code    22  printf8.o(i.__0printf$8)
    __1printf$8                              0x08008ab9   Thumb Code     0  printf8.o(i.__0printf$8)
    __2printf                                0x08008ab9   Thumb Code     0  printf8.o(i.__0printf$8)
    __scatterload_copy                       0x08008ad9   Thumb Code    14  handlers.o(i.__scatterload_copy)
    __scatterload_null                       0x08008ae7   Thumb Code     2  handlers.o(i.__scatterload_null)
    __scatterload_zeroinit                   0x08008ae9   Thumb Code    14  handlers.o(i.__scatterload_zeroinit)
    puts                                     0x08008f5d   Thumb Code    30  puts.o(i.puts)
    AHBPrescTable                            0x08008f8c   Data          16  system_stm32f4xx.o(.rodata.AHBPrescTable)
    APBPrescTable                            0x08008f9c   Data           8  system_stm32f4xx.o(.rodata.APBPrescTable)
    access_control_ActionResponse_field_info 0x08008fa4   Data          16  message.pb_1.o(.rodata.access_control_ActionResponse_field_info)
    access_control_ActionResponse_msg        0x08008fb4   Data          24  message.pb_1.o(.rodata.access_control_ActionResponse_msg)
    access_control_ActionResponse_submsg_info 0x08008fcc   Data           4  message.pb_1.o(.rodata.access_control_ActionResponse_submsg_info)
    access_control_CommandResponse_field_info 0x08008fd0   Data           8  message.pb_1.o(.rodata.access_control_CommandResponse_field_info)
    access_control_CommandResponse_msg       0x08008fd8   Data          24  message.pb_1.o(.rodata.access_control_CommandResponse_msg)
    access_control_CommandResponse_submsg_info 0x08008ff0   Data           4  message.pb_1.o(.rodata.access_control_CommandResponse_submsg_info)
    access_control_ControlRgbLedCommand_field_info 0x08008ff4   Data          16  message.pb_1.o(.rodata.access_control_ControlRgbLedCommand_field_info)
    access_control_ControlRgbLedCommand_msg  0x08009004   Data          24  message.pb_1.o(.rodata.access_control_ControlRgbLedCommand_msg)
    access_control_ControlRgbLedCommand_submsg_info 0x0800901c   Data           4  message.pb_1.o(.rodata.access_control_ControlRgbLedCommand_submsg_info)
    access_control_FaceRegistrationEvent_field_info 0x08009020   Data           4  message.pb_1.o(.rodata.access_control_FaceRegistrationEvent_field_info)
    access_control_FaceRegistrationEvent_msg 0x08009024   Data          24  message.pb_1.o(.rodata.access_control_FaceRegistrationEvent_msg)
    access_control_FaceRegistrationEvent_submsg_info 0x0800903c   Data           4  message.pb_1.o(.rodata.access_control_FaceRegistrationEvent_submsg_info)
    access_control_IrTriggeredEvent_field_info 0x08009040   Data           4  message.pb_1.o(.rodata.access_control_IrTriggeredEvent_field_info)
    access_control_IrTriggeredEvent_msg      0x08009044   Data          24  message.pb_1.o(.rodata.access_control_IrTriggeredEvent_msg)
    access_control_IrTriggeredEvent_submsg_info 0x0800905c   Data           4  message.pb_1.o(.rodata.access_control_IrTriggeredEvent_submsg_info)
    access_control_PasswordInputEvent_field_info 0x08009060   Data          12  message.pb_1.o(.rodata.access_control_PasswordInputEvent_field_info)
    access_control_PasswordInputEvent_msg    0x0800906c   Data          24  message.pb_1.o(.rodata.access_control_PasswordInputEvent_msg)
    access_control_PasswordInputEvent_submsg_info 0x08009084   Data           4  message.pb_1.o(.rodata.access_control_PasswordInputEvent_submsg_info)
    access_control_PiMessage_field_info      0x08009088   Data          28  message.pb_1.o(.rodata.access_control_PiMessage_field_info)
    access_control_PiMessage_msg             0x080090a4   Data          24  message.pb_1.o(.rodata.access_control_PiMessage_msg)
    access_control_PiMessage_submsg_info     0x080090bc   Data          16  message.pb_1.o(.rodata.access_control_PiMessage_submsg_info)
    access_control_RfidRegistrationEvent_field_info 0x080090cc   Data           4  message.pb_1.o(.rodata.access_control_RfidRegistrationEvent_field_info)
    access_control_RfidRegistrationEvent_msg 0x080090d0   Data          24  message.pb_1.o(.rodata.access_control_RfidRegistrationEvent_msg)
    access_control_RfidRegistrationEvent_submsg_info 0x080090e8   Data           4  message.pb_1.o(.rodata.access_control_RfidRegistrationEvent_submsg_info)
    access_control_RfidScannedEvent_field_info 0x080090ec   Data          12  message.pb_1.o(.rodata.access_control_RfidScannedEvent_field_info)
    access_control_RfidScannedEvent_msg      0x080090f8   Data          24  message.pb_1.o(.rodata.access_control_RfidScannedEvent_msg)
    access_control_RfidScannedEvent_submsg_info 0x08009110   Data           4  message.pb_1.o(.rodata.access_control_RfidScannedEvent_submsg_info)
    access_control_SmartLockPacket_field_info 0x08009114   Data          24  message.pb_1.o(.rodata.access_control_SmartLockPacket_field_info)
    access_control_SmartLockPacket_msg       0x0800912c   Data          24  message.pb_1.o(.rodata.access_control_SmartLockPacket_msg)
    access_control_SmartLockPacket_submsg_info 0x08009144   Data          12  message.pb_1.o(.rodata.access_control_SmartLockPacket_submsg_info)
    access_control_Stm32Message_field_info   0x08009150   Data          60  message.pb_1.o(.rodata.access_control_Stm32Message_field_info)
    access_control_Stm32Message_msg          0x0800918c   Data          24  message.pb_1.o(.rodata.access_control_Stm32Message_msg)
    access_control_Stm32Message_submsg_info  0x080091a4   Data          32  message.pb_1.o(.rodata.access_control_Stm32Message_submsg_info)
    access_control_SystemResetEvent_field_info 0x080091c4   Data           4  message.pb_1.o(.rodata.access_control_SystemResetEvent_field_info)
    access_control_SystemResetEvent_msg      0x080091c8   Data          24  message.pb_1.o(.rodata.access_control_SystemResetEvent_msg)
    access_control_SystemResetEvent_submsg_info 0x080091e0   Data           4  message.pb_1.o(.rodata.access_control_SystemResetEvent_submsg_info)
    access_control_UnlockCommand_field_info  0x080091e4   Data           4  message.pb_1.o(.rodata.access_control_UnlockCommand_field_info)
    access_control_UnlockCommand_msg         0x080091e8   Data          24  message.pb_1.o(.rodata.access_control_UnlockCommand_msg)
    access_control_UnlockCommand_submsg_info 0x08009200   Data           4  message.pb_1.o(.rodata.access_control_UnlockCommand_submsg_info)
    defaultTask_attributes                   0x08009204   Data          36  freertos.o(.rodata.defaultTask_attributes)
    Region$$Table$$Base                      0x08009370   Number         0  anon$$obj.o(Region$$Table)
    Region$$Table$$Limit                     0x08009390   Number         0  anon$$obj.o(Region$$Table)
    __stdout                                 0x20000000   Data           4  stdout.o(.data)
    uwTickFreq                               0x20000004   Data           1  stm32f4xx_hal.o(.data..L_MergedGlobals)
    uwTickPrio                               0x20000008   Data           4  stm32f4xx_hal.o(.data..L_MergedGlobals)
    SystemCoreClock                          0x2000000c   Data           4  system_stm32f4xx.o(.data.SystemCoreClock)
    rx_flag                                  0x20000018   Data           1  main.o(.bss..L_MergedGlobals)
    rx_len                                   0x2000001a   Data           2  main.o(.bss..L_MergedGlobals)
    queueLCD                                 0x2000001c   Data           4  main.o(.bss..L_MergedGlobals)
    xPIR_Semaphore                           0x20000020   Data           4  main.o(.bss..L_MergedGlobals)
    xRelay_Semaphore                         0x20000024   Data           4  main.o(.bss..L_MergedGlobals)
    queueLed                                 0x20000028   Data           4  main.o(.bss..L_MergedGlobals)
    queueKeypad                              0x2000002c   Data           4  main.o(.bss..L_MergedGlobals)
    queueRFID                                0x20000030   Data           4  main.o(.bss..L_MergedGlobals)
    handIsopen                               0x20000034   Data           4  main.o(.bss..L_MergedGlobals)
    handlePIR                                0x20000038   Data           4  main.o(.bss..L_MergedGlobals)
    handleRFID                               0x2000003c   Data           4  main.o(.bss..L_MergedGlobals)
    handleKeypad                             0x20000040   Data           4  main.o(.bss..L_MergedGlobals)
    handleRelay                              0x20000044   Data           4  main.o(.bss..L_MergedGlobals)
    handleLed                                0x20000048   Data           4  main.o(.bss..L_MergedGlobals)
    handleLCD                                0x2000004c   Data           4  main.o(.bss..L_MergedGlobals)
    handleTx                                 0x20000050   Data           4  main.o(.bss..L_MergedGlobals)
    handleRx                                 0x20000054   Data           4  main.o(.bss..L_MergedGlobals)
    lcd1                                     0x20000058   Data           8  main.o(.bss..L_MergedGlobals)
    lcd2                                     0x20000060   Data           8  main.o(.bss..L_MergedGlobals)
    pxCurrentTCB                             0x2000007c   Data           4  tasks.o(.bss..L_MergedGlobals)
    defaultTaskHandle                        0x20000184   Data           4  freertos.o(.bss.defaultTaskHandle)
    hi2c1                                    0x20000188   Data          84  i2c.o(.bss.hi2c1)
    hspi1                                    0x200001dc   Data          88  spi.o(.bss.hspi1)
    huart2                                   0x20000234   Data          68  usart.o(.bss.huart2)
    huart3                                   0x20000278   Data          68  usart.o(.bss.huart3)
    rx_buffer                                0x2000080c   Data         128  main.o(.bss.rx_buffer)
    smartLockTxQueueHandle                   0x2000088c   Data           4  main.o(.bss.smartLockTxQueueHandle)
    uwTick                                   0x20004490   Data           4  stm32f4xx_hal.o(.bss.uwTick)
    xQueueRegistry                           0x20004b4c   Data          64  queue.o(.bss.xQueueRegistry)
    __initial_sp                             0x20004f90   Data           0  startup_stm32f429xx.o(STACK)



==============================================================================

Memory Map of the image

  Image Entry point : 0x080001ad

  Load Region LR_IROM1 (Base: 0x08000000, Size: 0x000093a8, Max: 0x00200000, ABSOLUTE)

    Execution Region ER_IROM1 (Exec base: 0x08000000, Load base: 0x08000000, Size: 0x00009390, Max: 0x00200000, ABSOLUTE)

    Exec Addr    Load Addr    Size         Type   Attr      Idx    E Section Name        Object

    0x08000000   0x08000000   0x000001ac   Data   RO            3    RESET               startup_stm32f429xx.o
    0x080001ac   0x080001ac   0x00000000   Code   RO         1774  * .ARM.Collect$$$$00000000  mc_w.l(entry.o)
    0x080001ac   0x080001ac   0x00000004   Code   RO         2054    .ARM.Collect$$$$00000001  mc_w.l(entry2.o)
    0x080001b0   0x080001b0   0x00000004   Code   RO         2057    .ARM.Collect$$$$00000004  mc_w.l(entry5.o)
    0x080001b4   0x080001b4   0x00000000   Code   RO         2059    .ARM.Collect$$$$00000008  mc_w.l(entry7b.o)
    0x080001b4   0x080001b4   0x00000000   Code   RO         2061    .ARM.Collect$$$$0000000A  mc_w.l(entry8b.o)
    0x080001b4   0x080001b4   0x00000008   Code   RO         2062    .ARM.Collect$$$$0000000B  mc_w.l(entry9a.o)
    0x080001bc   0x080001bc   0x00000000   Code   RO         2064    .ARM.Collect$$$$0000000D  mc_w.l(entry10a.o)
    0x080001bc   0x080001bc   0x00000000   Code   RO         2066    .ARM.Collect$$$$0000000F  mc_w.l(entry11a.o)
    0x080001bc   0x080001bc   0x00000004   Code   RO         2055    .ARM.Collect$$$$00002712  mc_w.l(entry2.o)
    0x080001c0   0x080001c0   0x00000024   Code   RO            4    .text               startup_stm32f429xx.o
    0x080001e4   0x080001e4   0x00000062   Code   RO         1781    .text               mc_w.l(uldiv.o)
    0x08000246   0x08000246   0x00000024   Code   RO         1783    .text               mc_w.l(memcpya.o)
    0x0800026a   0x0800026a   0x00000024   Code   RO         1785    .text               mc_w.l(memseta.o)
    0x0800028e   0x0800028e   0x0000000e   Code   RO         1789    .text               mc_w.l(strlen.o)
    0x0800029c   0x0800029c   0x0000001e   Code   RO         2080    .text               mc_w.l(llshl.o)
    0x080002ba   0x080002ba   0x00000020   Code   RO         2082    .text               mc_w.l(llushr.o)
    0x080002da   0x080002da   0x00000002   PAD
    0x080002dc   0x080002dc   0x00000024   Code   RO         2095    .text               mc_w.l(init.o)
    0x08000300   0x08000300   0x00000002   Code   RO          134    .text.BusFault_Handler  stm32f4xx_it.o
    0x08000302   0x08000302   0x00000002   PAD
    0x08000304   0x08000304   0x000001d4   Code   RO         1755    .text.CalulateCRC   rc522_1.o
    0x080004d8   0x080004d8   0x000000b6   Code   RO         1739    .text.ClearBitMask  rc522_1.o
    0x0800058e   0x0800058e   0x00000002   PAD
    0x08000590   0x08000590   0x00000002   Code   RO          138    .text.DebugMon_Handler  stm32f4xx_it.o
    0x08000592   0x08000592   0x00000002   PAD
    0x08000594   0x08000594   0x00000008   Code   RO          152    .text.EXTI15_10_IRQHandler  stm32f4xx_it.o
    0x0800059c   0x0800059c   0x00000006   Code   RO          142    .text.EXTI1_IRQHandler  stm32f4xx_it.o
    0x080005a2   0x080005a2   0x00000002   PAD
    0x080005a4   0x080005a4   0x00000006   Code   RO          144    .text.EXTI3_IRQHandler  stm32f4xx_it.o
    0x080005aa   0x080005aa   0x00000002   PAD
    0x080005ac   0x080005ac   0x00000006   Code   RO          146    .text.EXTI4_IRQHandler  stm32f4xx_it.o
    0x080005b2   0x080005b2   0x00000002   PAD
    0x080005b4   0x080005b4   0x00000012   Code   RO          148    .text.EXTI9_5_IRQHandler  stm32f4xx_it.o
    0x080005c6   0x080005c6   0x00000002   PAD
    0x080005c8   0x080005c8   0x0000000a   Code   RO           41    .text.Error_Handler  main.o
    0x080005d2   0x080005d2   0x00000002   PAD
    0x080005d4   0x080005d4   0x0000008e   Code   RO          340    .text.HAL_DMA_Abort  stm32f4xx_hal_dma.o
    0x08000662   0x08000662   0x00000002   PAD
    0x08000664   0x08000664   0x00000024   Code   RO          342    .text.HAL_DMA_Abort_IT  stm32f4xx_hal_dma.o
    0x08000688   0x08000688   0x00000028   Code   RO          499    .text.HAL_Delay     stm32f4xx_hal.o
    0x080006b0   0x080006b0   0x000000d4   Code   RO           35    .text.HAL_GPIO_EXTI_Callback  main.o
    0x08000784   0x08000784   0x00000016   Code   RO          306    .text.HAL_GPIO_EXTI_IRQHandler  stm32f4xx_hal_gpio.o
    0x0800079a   0x0800079a   0x00000002   PAD
    0x0800079c   0x0800079c   0x000001a6   Code   RO          294    .text.HAL_GPIO_Init  stm32f4xx_hal_gpio.o
    0x08000942   0x08000942   0x00000002   PAD
    0x08000944   0x08000944   0x0000000a   Code   RO          298    .text.HAL_GPIO_ReadPin  stm32f4xx_hal_gpio.o
    0x0800094e   0x0800094e   0x00000002   PAD
    0x08000950   0x08000950   0x0000000a   Code   RO          300    .text.HAL_GPIO_WritePin  stm32f4xx_hal_gpio.o
    0x0800095a   0x0800095a   0x00000002   PAD
    0x0800095c   0x0800095c   0x0000000c   Code   RO          491    .text.HAL_GetTick   stm32f4xx_hal.o
    0x08000968   0x08000968   0x0000003c   Code   RO          707    .text.HAL_I2CEx_ConfigAnalogFilter  stm32f4xx_hal_i2c_ex.o
    0x080009a4   0x080009a4   0x00000040   Code   RO          709    .text.HAL_I2CEx_ConfigDigitalFilter  stm32f4xx_hal_i2c_ex.o
    0x080009e4   0x080009e4   0x00000176   Code   RO          573    .text.HAL_I2C_Init  stm32f4xx_hal_i2c.o
    0x08000b5a   0x08000b5a   0x00000002   PAD
    0x08000b5c   0x08000b5c   0x00000478   Code   RO          581    .text.HAL_I2C_Master_Transmit  stm32f4xx_hal_i2c.o
    0x08000fd4   0x08000fd4   0x0000006c   Code   RO           80    .text.HAL_I2C_MspInit  i2c.o
    0x08001040   0x08001040   0x0000001a   Code   RO          489    .text.HAL_IncTick   stm32f4xx_hal.o
    0x0800105a   0x0800105a   0x00000002   PAD
    0x0800105c   0x0800105c   0x00000036   Code   RO          479    .text.HAL_Init      stm32f4xx_hal.o
    0x08001092   0x08001092   0x00000002   PAD
    0x08001094   0x08001094   0x00000048   Code   RO          481    .text.HAL_InitTick  stm32f4xx_hal.o
    0x080010dc   0x080010dc   0x00000042   Code   RO          161    .text.HAL_MspInit   stm32f4xx_hal_msp.o
    0x0800111e   0x0800111e   0x00000002   PAD
    0x08001120   0x08001120   0x00000026   Code   RO          437    .text.HAL_NVIC_EnableIRQ  stm32f4xx_hal_cortex.o
    0x08001146   0x08001146   0x00000002   PAD
    0x08001148   0x08001148   0x00000056   Code   RO          435    .text.HAL_NVIC_SetPriority  stm32f4xx_hal_cortex.o
    0x0800119e   0x0800119e   0x00000002   PAD
    0x080011a0   0x080011a0   0x00000020   Code   RO          433    .text.HAL_NVIC_SetPriorityGrouping  stm32f4xx_hal_cortex.o
    0x080011c0   0x080011c0   0x00000160   Code   RO          174    .text.HAL_RCC_ClockConfig  stm32f4xx_hal_rcc.o
    0x08001320   0x08001320   0x00000026   Code   RO          186    .text.HAL_RCC_GetPCLK1Freq  stm32f4xx_hal_rcc.o
    0x08001346   0x08001346   0x00000002   PAD
    0x08001348   0x08001348   0x00000026   Code   RO          188    .text.HAL_RCC_GetPCLK2Freq  stm32f4xx_hal_rcc.o
    0x0800136e   0x0800136e   0x00000002   PAD
    0x08001370   0x08001370   0x0000006a   Code   RO          176    .text.HAL_RCC_GetSysClockFreq  stm32f4xx_hal_rcc.o
    0x080013da   0x080013da   0x00000002   PAD
    0x080013dc   0x080013dc   0x00000374   Code   RO          172    .text.HAL_RCC_OscConfig  stm32f4xx_hal_rcc.o
    0x08001750   0x08001750   0x000000b4   Code   RO          719    .text.HAL_SPI_Init  stm32f4xx_hal_spi.o
    0x08001804   0x08001804   0x0000006a   Code   RO           95    .text.HAL_SPI_MspInit  spi.o
    0x0800186e   0x0800186e   0x00000002   PAD
    0x08001870   0x08001870   0x00000318   Code   RO          731    .text.HAL_SPI_TransmitReceive  stm32f4xx_hal_spi.o
    0x08001b88   0x08001b88   0x0000002c   Code   RO          445    .text.HAL_SYSTICK_Config  stm32f4xx_hal_cortex.o
    0x08001bb4   0x08001bb4   0x00000002   Code   RO          919    .text.HAL_UARTEx_RxEventCallback  stm32f4xx_hal_uart.o
    0x08001bb6   0x08001bb6   0x00000002   PAD
    0x08001bb8   0x08001bb8   0x00000002   Code   RO          917    .text.HAL_UART_ErrorCallback  stm32f4xx_hal_uart.o
    0x08001bba   0x08001bba   0x00000002   PAD
    0x08001bbc   0x08001bbc   0x00000564   Code   RO          911    .text.HAL_UART_IRQHandler  stm32f4xx_hal_uart.o
    0x08002120   0x08002120   0x0000005e   Code   RO          835    .text.HAL_UART_Init  stm32f4xx_hal_uart.o
    0x0800217e   0x0800217e   0x00000002   PAD
    0x08002180   0x08002180   0x000000e6   Code   RO          112    .text.HAL_UART_MspInit  usart.o
    0x08002266   0x08002266   0x00000002   PAD
    0x08002268   0x08002268   0x00000002   Code   RO          925    .text.HAL_UART_RxCpltCallback  stm32f4xx_hal_uart.o
    0x0800226a   0x0800226a   0x00000002   PAD
    0x0800226c   0x0800226c   0x00000286   Code   RO          851    .text.HAL_UART_Transmit  stm32f4xx_hal_uart.o
    0x080024f2   0x080024f2   0x00000002   PAD
    0x080024f4   0x080024f4   0x00000002   Code   RO          921    .text.HAL_UART_TxCpltCallback  stm32f4xx_hal_uart.o
    0x080024f6   0x080024f6   0x00000002   PAD
    0x080024f8   0x080024f8   0x00000002   Code   RO          130    .text.HardFault_Handler  stm32f4xx_it.o
    0x080024fa   0x080024fa   0x00000002   PAD
    0x080024fc   0x080024fc   0x0000009a   Code   RO         1753    .text.MFRC522_Anticoll  rc522_1.o
    0x08002596   0x08002596   0x00000002   PAD
    0x08002598   0x08002598   0x0000002e   Code   RO         1765    .text.MFRC522_Halt  rc522_1.o
    0x080025c6   0x080025c6   0x00000002   PAD
    0x080025c8   0x080025c8   0x000002a0   Code   RO         1747    .text.MFRC522_Init  rc522_1.o
    0x08002868   0x08002868   0x00000088   Code   RO         1751    .text.MFRC522_Request  rc522_1.o
    0x080028f0   0x080028f0   0x000003ca   Code   RO         1749    .text.MFRC522_ToCard  rc522_1.o
    0x08002cba   0x08002cba   0x00000002   PAD
    0x08002cbc   0x08002cbc   0x00000024   Code   RO           64    .text.MX_FREERTOS_Init  freertos.o
    0x08002ce0   0x08002ce0   0x000001c6   Code   RO           55    .text.MX_GPIO_Init  gpio.o
    0x08002ea6   0x08002ea6   0x00000002   PAD
    0x08002ea8   0x08002ea8   0x0000006e   Code   RO           78    .text.MX_I2C1_Init  i2c.o
    0x08002f16   0x08002f16   0x00000002   PAD
    0x08002f18   0x08002f18   0x00000046   Code   RO           93    .text.MX_SPI1_Init  spi.o
    0x08002f5e   0x08002f5e   0x00000002   PAD
    0x08002f60   0x08002f60   0x0000003c   Code   RO          108    .text.MX_USART2_UART_Init  usart.o
    0x08002f9c   0x08002f9c   0x0000003c   Code   RO          110    .text.MX_USART3_UART_Init  usart.o
    0x08002fd8   0x08002fd8   0x00000002   Code   RO          132    .text.MemManage_Handler  stm32f4xx_it.o
    0x08002fda   0x08002fda   0x00000002   PAD
    0x08002fdc   0x08002fdc   0x00000002   Code   RO          128    .text.NMI_Handler   stm32f4xx_it.o
    0x08002fde   0x08002fde   0x00000002   PAD
    0x08002fe0   0x08002fe0   0x00000064   Code   RO         1522    .text.PendSV_Handler  port.o
    0x08003044   0x08003044   0x000000e4   Code   RO          823    .text.SPI_WaitFlagStateUntilTimeout  stm32f4xx_hal_spi.o
    0x08003128   0x08003128   0x00000008   PAD
    0x08003130   0x08003130   0x00000024   Code   RO         1506    .text.SVC_Handler   port.o
    0x08003154   0x08003154   0x000000b6   Code   RO         1737    .text.SetBitMask    rc522_1.o
    0x0800320a   0x0800320a   0x00000002   PAD
    0x0800320c   0x0800320c   0x00000008   Code   RO           66    .text.StartDefaultTask  freertos.o
    0x08003214   0x08003214   0x00000052   Code   RO           33    .text.StartTask_Rx  main.o
    0x08003266   0x08003266   0x00000002   PAD
    0x08003268   0x08003268   0x00000080   Code   RO           29    .text.StartTask_Tx  main.o
    0x080032e8   0x080032e8   0x00000018   Code   RO          140    .text.SysTick_Handler  stm32f4xx_it.o
    0x08003300   0x08003300   0x00000012   Code   RO          955    .text.SystemInit    system_stm32f4xx.o
    0x08003312   0x08003312   0x00000002   PAD
    0x08003314   0x08003314   0x0000000c   Code   RO          915    .text.UART_DMAAbortOnError  stm32f4xx_hal_uart.o
    0x08003320   0x08003320   0x000000fe   Code   RO          913    .text.UART_Receive_IT  stm32f4xx_hal_uart.o
    0x0800341e   0x0800341e   0x00000002   PAD
    0x08003420   0x08003420   0x000000ee   Code   RO          839    .text.UART_SetConfig  stm32f4xx_hal_uart.o
    0x0800350e   0x0800350e   0x00000002   PAD
    0x08003510   0x08003510   0x0000000c   Code   RO          150    .text.USART2_IRQHandler  stm32f4xx_it.o
    0x0800351c   0x0800351c   0x00000002   Code   RO          136    .text.UsageFault_Handler  stm32f4xx_it.o
    0x0800351e   0x0800351e   0x00000002   PAD
    0x08003520   0x08003520   0x0000001a   Code   RO         1610    .text.buf_read      pb_decode_1.o
    0x0800353a   0x0800353a   0x00000002   PAD
    0x0800353c   0x0800353c   0x00000016   Code   RO         1663    .text.buf_write     pb_encode_1.o
    0x08003552   0x08003552   0x00000002   PAD
    0x08003554   0x08003554   0x0000073c   Code   RO         1650    .text.decode_basic_field  pb_decode_1.o
    0x08003c90   0x08003c90   0x00000340   Code   RO         1648    .text.decode_callback_field  pb_decode_1.o
    0x08003fd0   0x08003fd0   0x0000016c   Code   RO         1646    .text.decode_static_field  pb_decode_1.o
    0x0800413c   0x0800413c   0x000003b8   Code   RO         1693    .text.encode_basic_field  pb_encode_1.o
    0x080044f4   0x080044f4   0x00000304   Code   RO         1669    .text.encode_field  pb_encode_1.o
    0x080047f8   0x080047f8   0x00000028   Code   RO          116    .text.fputc         usart.o
    0x08004820   0x08004820   0x00000050   Code   RO         1713    .text.lcd_clear     i2c_lcd_1.o
    0x08004870   0x08004870   0x00000068   Code   RO         1715    .text.lcd_gotoxy    i2c_lcd_1.o
    0x080048d8   0x080048d8   0x0000010a   Code   RO         1717    .text.lcd_init      i2c_lcd_1.o
    0x080049e2   0x080049e2   0x00000002   PAD
    0x080049e4   0x080049e4   0x0000004e   Code   RO         1719    .text.lcd_puts      i2c_lcd_1.o
    0x08004a32   0x08004a32   0x00000002   PAD
    0x08004a34   0x08004a34   0x00000110   Code   RO         1584    .text.load_descriptor_values  pb_common_1.o
    0x08004b44   0x08004b44   0x00000254   Code   RO           37    .text.main          main.o
    0x08004d98   0x08004d98   0x00000020   Code   RO         1377    .text.osDelay       cmsis_os2.o
    0x08004db8   0x08004db8   0x00000028   Code   RO         1319    .text.osKernelInitialize  cmsis_os2.o
    0x08004de0   0x08004de0   0x0000003c   Code   RO         1325    .text.osKernelStart  cmsis_os2.o
    0x08004e1c   0x08004e1c   0x00000088   Code   RO         1431    .text.osMessageQueueGet  cmsis_os2.o
    0x08004ea4   0x08004ea4   0x00000094   Code   RO         1427    .text.osMessageQueueNew  cmsis_os2.o
    0x08004f38   0x08004f38   0x000000ae   Code   RO         1341    .text.osThreadNew   cmsis_os2.o
    0x08004fe6   0x08004fe6   0x00000002   PAD
    0x08004fe8   0x08004fe8   0x00000168   Code   RO         1691    .text.pb_check_proto3_default_value  pb_encode_1.o
    0x08005150   0x08005150   0x00000006   Code   RO         1632    .text.pb_decode     pb_decode_1.o
    0x08005156   0x08005156   0x00000002   PAD
    0x08005158   0x08005158   0x000002d0   Code   RO         1630    .text.pb_decode_inner  pb_decode_1.o
    0x08005428   0x08005428   0x0000014a   Code   RO         1616    .text.pb_decode_varint32_eof  pb_decode_1.o
    0x08005572   0x08005572   0x00000002   PAD
    0x08005574   0x08005574   0x0000003c   Code   RO         1598    .text.pb_default_field_callback  pb_common_1.o
    0x080055b0   0x080055b0   0x00000090   Code   RO         1697    .text.pb_enc_fixed  pb_encode_1.o
    0x08005640   0x08005640   0x000000b8   Code   RO         1695    .text.pb_enc_varint  pb_encode_1.o
    0x080056f8   0x080056f8   0x00000088   Code   RO         1667    .text.pb_encode     pb_encode_1.o
    0x08005780   0x08005780   0x000001d8   Code   RO         1673    .text.pb_encode_submessage  pb_encode_1.o
    0x08005958   0x08005958   0x000001dc   Code   RO         1677    .text.pb_encode_varint  pb_encode_1.o
    0x08005b34   0x08005b34   0x00000018   Code   RO         1582    .text.pb_field_iter_begin  pb_common_1.o
    0x08005b4c   0x08005b4c   0x00000018   Code   RO         1594    .text.pb_field_iter_begin_const  pb_common_1.o
    0x08005b64   0x08005b64   0x00000040   Code   RO         1586    .text.pb_field_iter_begin_extension  pb_common_1.o
    0x08005ba4   0x08005ba4   0x00000040   Code   RO         1596    .text.pb_field_iter_begin_extension_const  pb_common_1.o
    0x08005be4   0x08005be4   0x000000b8   Code   RO         1590    .text.pb_field_iter_find  pb_common_1.o
    0x08005c9c   0x08005c9c   0x0000008c   Code   RO         1592    .text.pb_field_iter_find_extension  pb_common_1.o
    0x08005d28   0x08005d28   0x0000005e   Code   RO         1588    .text.pb_field_iter_next  pb_common_1.o
    0x08005d86   0x08005d86   0x00000002   PAD
    0x08005d88   0x08005d88   0x00000016   Code   RO         1612    .text.pb_istream_from_buffer  pb_decode_1.o
    0x08005d9e   0x08005d9e   0x00000002   PAD
    0x08005da0   0x08005da0   0x00000194   Code   RO         1644    .text.pb_message_set_to_defaults  pb_decode_1.o
    0x08005f34   0x08005f34   0x00000016   Code   RO         1661    .text.pb_ostream_from_buffer  pb_encode_1.o
    0x08005f4a   0x08005f4a   0x00000002   PAD
    0x08005f4c   0x08005f4c   0x00000098   Code   RO         1608    .text.pb_read       pb_decode_1.o
    0x08005fe4   0x08005fe4   0x00000146   Code   RO         1622    .text.pb_skip_field  pb_decode_1.o
    0x0800612a   0x0800612a   0x00000002   PAD
    0x0800612c   0x0800612c   0x00000050   Code   RO         1665    .text.pb_write      pb_encode_1.o
    0x0800617c   0x0800617c   0x0000028a   Code   RO         1154    .text.prvAddNewTaskToReadyList  tasks.o
    0x08006406   0x08006406   0x00000002   PAD
    0x08006408   0x08006408   0x00000086   Code   RO         1186    .text.prvIdleTask   tasks.o
    0x0800648e   0x0800648e   0x00000002   PAD
    0x08006490   0x08006490   0x00000128   Code   RO         1152    .text.prvInitialiseNewTask  tasks.o
    0x080065b8   0x080065b8   0x00000028   Code   RO         1514    .text.prvPortStartFirstTask  port.o
    0x080065e0   0x080065e0   0x0000003e   Code   RO         1504    .text.prvTaskExitError  port.o
    0x0800661e   0x0800661e   0x00000002   PAD
    0x08006620   0x08006620   0x0000038a   Code   RO         1271    .text.prvTimerTask  timers.o
    0x080069aa   0x080069aa   0x00000002   PAD
    0x080069ac   0x080069ac   0x00000074   Code   RO         1051    .text.prvUnlockQueue  queue.o
    0x08006a20   0x08006a20   0x0000020a   Code   RO         1480    .text.pvPortMalloc  heap_4.o
    0x08006c2a   0x08006c2a   0x00000002   PAD
    0x08006c2c   0x08006c2c   0x00000018   Code   RO         1242    .text.pvTaskIncrementMutexHeldCount  tasks.o
    0x08006c44   0x08006c44   0x00000028   Code   RO         1502    .text.pxPortInitialiseStack  port.o
    0x08006c6c   0x08006c6c   0x0000001a   Code   RO           17    .text.taskIsOpen    main.o
    0x08006c86   0x08006c86   0x00000002   PAD
    0x08006c88   0x08006c88   0x000001e8   Code   RO           11    .text.taskKeypad    main.o
    0x08006e70   0x08006e70   0x000000d0   Code   RO           25    .text.taskLCD       main.o
    0x08006f40   0x08006f40   0x0000006e   Code   RO           21    .text.taskLed       main.o
    0x08006fae   0x08006fae   0x00000002   PAD
    0x08006fb0   0x08006fb0   0x00000060   Code   RO           13    .text.taskPIR       main.o
    0x08007010   0x08007010   0x000000c8   Code   RO           15    .text.taskRFID      main.o
    0x080070d8   0x080070d8   0x00000048   Code   RO           19    .text.taskRelay     main.o
    0x08007120   0x08007120   0x00000024   Code   RO         1015    .text.uxListRemove  list.o
    0x08007144   0x08007144   0x0000001a   Code   RO         1463    .text.vApplicationGetIdleTaskMemory  cmsis_os2.o
    0x0800715e   0x0800715e   0x00000002   PAD
    0x08007160   0x08007160   0x0000001c   Code   RO         1465    .text.vApplicationGetTimerTaskMemory  cmsis_os2.o
    0x0800717c   0x0800717c   0x00000016   Code   RO         1007    .text.vListInitialise  list.o
    0x08007192   0x08007192   0x00000002   PAD
    0x08007194   0x08007194   0x00000006   Code   RO         1009    .text.vListInitialiseItem  list.o
    0x0800719a   0x0800719a   0x00000002   PAD
    0x0800719c   0x0800719c   0x00000062   Code   RO         1013    .text.vListInsert   list.o
    0x080071fe   0x080071fe   0x00000002   PAD
    0x08007200   0x08007200   0x0000001c   Code   RO         1011    .text.vListInsertEnd  list.o
    0x0800721c   0x0800721c   0x00000014   Code   RO         1512    .text.vPortEnableVFP  port.o
    0x08007230   0x08007230   0x00000046   Code   RO         1518    .text.vPortEnterCritical  port.o
    0x08007276   0x08007276   0x00000002   PAD
    0x08007278   0x08007278   0x0000002e   Code   RO         1520    .text.vPortExitCritical  port.o
    0x080072a6   0x080072a6   0x00000002   PAD
    0x080072a8   0x080072a8   0x000000d4   Code   RO         1482    .text.vPortFree     heap_4.o
    0x0800737c   0x0800737c   0x00000034   Code   RO         1510    .text.vPortSetupTimerInterrupt  port.o
    0x080073b0   0x080073b0   0x0000005e   Code   RO         1526    .text.vPortValidateInterruptPriority  port.o
    0x0800740e   0x0800740e   0x00000002   PAD
    0x08007410   0x08007410   0x000000b0   Code   RO         1085    .text.vQueueAddToRegistry  queue.o
    0x080074c0   0x080074c0   0x00000052   Code   RO         1089    .text.vQueueWaitForMessageRestricted  queue.o
    0x08007512   0x08007512   0x00000002   PAD
    0x08007514   0x08007514   0x00000080   Code   RO         1166    .text.vTaskDelay    tasks.o
    0x08007594   0x08007594   0x00000012   Code   RO         1216    .text.vTaskInternalSetTimeOutState  tasks.o
    0x080075a6   0x080075a6   0x00000002   PAD
    0x080075a8   0x080075a8   0x0000000e   Code   RO         1220    .text.vTaskMissedYield  tasks.o
    0x080075b6   0x080075b6   0x00000002   PAD
    0x080075b8   0x080075b8   0x00000074   Code   RO         1204    .text.vTaskPlaceOnEventList  tasks.o
    0x0800762c   0x0800762c   0x0000007a   Code   RO         1208    .text.vTaskPlaceOnEventListRestricted  tasks.o
    0x080076a6   0x080076a6   0x00000002   PAD
    0x080076a8   0x080076a8   0x000000a2   Code   RO         1238    .text.vTaskPriorityDisinheritAfterTimeout  tasks.o
    0x0800774a   0x0800774a   0x00000002   PAD
    0x0800774c   0x0800774c   0x000000f0   Code   RO         1184    .text.vTaskStartScheduler  tasks.o
    0x0800783c   0x0800783c   0x00000010   Code   RO         1162    .text.vTaskSuspendAll  tasks.o
    0x0800784c   0x0800784c   0x000000bc   Code   RO         1178    .text.vTaskSwitchContext  tasks.o
    0x08007908   0x08007908   0x00000184   Code   RO         1508    .text.xPortStartScheduler  port.o
    0x08007a8c   0x08007a8c   0x0000002e   Code   RO         1524    .text.xPortSysTickHandler  port.o
    0x08007aba   0x08007aba   0x00000002   PAD
    0x08007abc   0x08007abc   0x00000086   Code   RO         1029    .text.xQueueGenericCreate  queue.o
    0x08007b42   0x08007b42   0x00000002   PAD
    0x08007b44   0x08007b44   0x000000de   Code   RO         1027    .text.xQueueGenericCreateStatic  queue.o
    0x08007c22   0x08007c22   0x00000002   PAD
    0x08007c24   0x08007c24   0x0000022a   Code   RO         1041    .text.xQueueGenericSend  queue.o
    0x08007e4e   0x08007e4e   0x00000002   PAD
    0x08007e50   0x08007e50   0x00000158   Code   RO         1053    .text.xQueueGenericSendFromISR  queue.o
    0x08007fa8   0x08007fa8   0x000000c8   Code   RO         1055    .text.xQueueGiveFromISR  queue.o
    0x08008070   0x08008070   0x000001a2   Code   RO         1057    .text.xQueueReceive  queue.o
    0x08008212   0x08008212   0x00000002   PAD
    0x08008214   0x08008214   0x000000e4   Code   RO         1061    .text.xQueueReceiveFromISR  queue.o
    0x080082f8   0x080082f8   0x000001da   Code   RO         1045    .text.xQueueSemaphoreTake  queue.o
    0x080084d2   0x080084d2   0x00000002   PAD
    0x080084d4   0x080084d4   0x000000a2   Code   RO         1218    .text.xTaskCheckForTimeOut  tasks.o
    0x08008576   0x08008576   0x00000002   PAD
    0x08008578   0x08008578   0x00000060   Code   RO         1156    .text.xTaskCreate   tasks.o
    0x080085d8   0x080085d8   0x00000076   Code   RO         1150    .text.xTaskCreateStatic  tasks.o
    0x0800864e   0x0800864e   0x00000002   PAD
    0x08008650   0x08008650   0x0000001e   Code   RO         1232    .text.xTaskGetSchedulerState  tasks.o
    0x0800866e   0x0800866e   0x00000002   PAD
    0x08008670   0x08008670   0x0000000c   Code   RO         1192    .text.xTaskGetTickCount  tasks.o
    0x0800867c   0x0800867c   0x00000104   Code   RO         1190    .text.xTaskIncrementTick  tasks.o
    0x08008780   0x08008780   0x0000008a   Code   RO         1236    .text.xTaskPriorityDisinherit  tasks.o
    0x0800880a   0x0800880a   0x00000002   PAD
    0x0800880c   0x0800880c   0x00000092   Code   RO         1234    .text.xTaskPriorityInherit  tasks.o
    0x0800889e   0x0800889e   0x00000002   PAD
    0x080088a0   0x080088a0   0x00000072   Code   RO         1210    .text.xTaskRemoveFromEventList  tasks.o
    0x08008912   0x08008912   0x00000002   PAD
    0x08008914   0x08008914   0x000000ee   Code   RO         1164    .text.xTaskResumeAll  tasks.o
    0x08008a02   0x08008a02   0x00000002   PAD
    0x08008a04   0x08008a04   0x000000b4   Code   RO         1269    .text.xTimerCreateTimerTask  timers.o
    0x08008ab8   0x08008ab8   0x00000020   Code   RO         2000    i.__0printf$8       mc_w.l(printf8.o)
    0x08008ad8   0x08008ad8   0x0000000e   Code   RO         2103    i.__scatterload_copy  mc_w.l(handlers.o)
    0x08008ae6   0x08008ae6   0x00000002   Code   RO         2104    i.__scatterload_null  mc_w.l(handlers.o)
    0x08008ae8   0x08008ae8   0x0000000e   Code   RO         2105    i.__scatterload_zeroinit  mc_w.l(handlers.o)
    0x08008af6   0x08008af6   0x00000002   PAD
    0x08008af8   0x08008af8   0x00000410   Code   RO         2007    i._printf_core      mc_w.l(printf8.o)
    0x08008f08   0x08008f08   0x00000024   Code   RO         2008    i._printf_post_padding  mc_w.l(printf8.o)
    0x08008f2c   0x08008f2c   0x0000002e   Code   RO         2009    i._printf_pre_padding  mc_w.l(printf8.o)
    0x08008f5a   0x08008f5a   0x00000002   PAD
    0x08008f5c   0x08008f5c   0x00000024   Code   RO         1777    i.puts              mc_w.l(puts.o)
    0x08008f80   0x08008f80   0x0000000c   Data   RO         1700    .rodata..Lswitch.table.encode_basic_field  pb_encode_1.o
    0x08008f8c   0x08008f8c   0x00000010   Data   RO          960    .rodata.AHBPrescTable  system_stm32f4xx.o
    0x08008f9c   0x08008f9c   0x00000008   Data   RO          961    .rodata.APBPrescTable  system_stm32f4xx.o
    0x08008fa4   0x08008fa4   0x00000010   Data   RO         1573    .rodata.access_control_ActionResponse_field_info  message.pb_1.o
    0x08008fb4   0x08008fb4   0x00000018   Data   RO         1555    .rodata.access_control_ActionResponse_msg  message.pb_1.o
    0x08008fcc   0x08008fcc   0x00000004   Data   RO         1574    .rodata.access_control_ActionResponse_submsg_info  message.pb_1.o
    0x08008fd0   0x08008fd0   0x00000008   Data   RO         1575    .rodata.access_control_CommandResponse_field_info  message.pb_1.o
    0x08008fd8   0x08008fd8   0x00000018   Data   RO         1550    .rodata.access_control_CommandResponse_msg  message.pb_1.o
    0x08008ff0   0x08008ff0   0x00000004   Data   RO         1576    .rodata.access_control_CommandResponse_submsg_info  message.pb_1.o
    0x08008ff4   0x08008ff4   0x00000010   Data   RO         1571    .rodata.access_control_ControlRgbLedCommand_field_info  message.pb_1.o
    0x08009004   0x08009004   0x00000018   Data   RO         1554    .rodata.access_control_ControlRgbLedCommand_msg  message.pb_1.o
    0x0800901c   0x0800901c   0x00000004   Data   RO         1572    .rodata.access_control_ControlRgbLedCommand_submsg_info  message.pb_1.o
    0x08009020   0x08009020   0x00000004   Data   RO         1563    .rodata.access_control_FaceRegistrationEvent_field_info  message.pb_1.o
    0x08009024   0x08009024   0x00000018   Data   RO         1547    .rodata.access_control_FaceRegistrationEvent_msg  message.pb_1.o
    0x0800903c   0x0800903c   0x00000004   Data   RO         1564    .rodata.access_control_FaceRegistrationEvent_submsg_info  message.pb_1.o
    0x08009040   0x08009040   0x00000004   Data   RO         1561    .rodata.access_control_IrTriggeredEvent_field_info  message.pb_1.o
    0x08009044   0x08009044   0x00000018   Data   RO         1546    .rodata.access_control_IrTriggeredEvent_msg  message.pb_1.o
    0x0800905c   0x0800905c   0x00000004   Data   RO         1562    .rodata.access_control_IrTriggeredEvent_submsg_info  message.pb_1.o
    0x08009060   0x08009060   0x0000000c   Data   RO         1557    .rodata.access_control_PasswordInputEvent_field_info  message.pb_1.o
    0x0800906c   0x0800906c   0x00000018   Data   RO         1544    .rodata.access_control_PasswordInputEvent_msg  message.pb_1.o
    0x08009084   0x08009084   0x00000004   Data   RO         1558    .rodata.access_control_PasswordInputEvent_submsg_info  message.pb_1.o
    0x08009088   0x08009088   0x0000001c   Data   RO         1552    .rodata.access_control_PiMessage_field_info  message.pb_1.o
    0x080090a4   0x080090a4   0x00000018   Data   RO         1540    .rodata.access_control_PiMessage_msg  message.pb_1.o
    0x080090bc   0x080090bc   0x00000010   Data   RO         1556    .rodata.access_control_PiMessage_submsg_info  message.pb_1.o
    0x080090cc   0x080090cc   0x00000004   Data   RO         1565    .rodata.access_control_RfidRegistrationEvent_field_info  message.pb_1.o
    0x080090d0   0x080090d0   0x00000018   Data   RO         1548    .rodata.access_control_RfidRegistrationEvent_msg  message.pb_1.o
    0x080090e8   0x080090e8   0x00000004   Data   RO         1566    .rodata.access_control_RfidRegistrationEvent_submsg_info  message.pb_1.o
    0x080090ec   0x080090ec   0x0000000c   Data   RO         1559    .rodata.access_control_RfidScannedEvent_field_info  message.pb_1.o
    0x080090f8   0x080090f8   0x00000018   Data   RO         1545    .rodata.access_control_RfidScannedEvent_msg  message.pb_1.o
    0x08009110   0x08009110   0x00000004   Data   RO         1560    .rodata.access_control_RfidScannedEvent_submsg_info  message.pb_1.o
    0x08009114   0x08009114   0x00000018   Data   RO         1538    .rodata.access_control_SmartLockPacket_field_info  message.pb_1.o
    0x0800912c   0x0800912c   0x00000018   Data   RO         1542    .rodata.access_control_SmartLockPacket_msg  message.pb_1.o
    0x08009144   0x08009144   0x0000000c   Data   RO         1541    .rodata.access_control_SmartLockPacket_submsg_info  message.pb_1.o
    0x08009150   0x08009150   0x0000003c   Data   RO         1543    .rodata.access_control_Stm32Message_field_info  message.pb_1.o
    0x0800918c   0x0800918c   0x00000018   Data   RO         1539    .rodata.access_control_Stm32Message_msg  message.pb_1.o
    0x080091a4   0x080091a4   0x00000020   Data   RO         1551    .rodata.access_control_Stm32Message_submsg_info  message.pb_1.o
    0x080091c4   0x080091c4   0x00000004   Data   RO         1567    .rodata.access_control_SystemResetEvent_field_info  message.pb_1.o
    0x080091c8   0x080091c8   0x00000018   Data   RO         1549    .rodata.access_control_SystemResetEvent_msg  message.pb_1.o
    0x080091e0   0x080091e0   0x00000004   Data   RO         1568    .rodata.access_control_SystemResetEvent_submsg_info  message.pb_1.o
    0x080091e4   0x080091e4   0x00000004   Data   RO         1569    .rodata.access_control_UnlockCommand_field_info  message.pb_1.o
    0x080091e8   0x080091e8   0x00000018   Data   RO         1553    .rodata.access_control_UnlockCommand_msg  message.pb_1.o
    0x08009200   0x08009200   0x00000004   Data   RO         1570    .rodata.access_control_UnlockCommand_submsg_info  message.pb_1.o
    0x08009204   0x08009204   0x00000024   Data   RO           69    .rodata.defaultTask_attributes  freertos.o
    0x08009228   0x08009228   0x0000000c   Data   RO           68    .rodata.str1.1      freertos.o
    0x08009234   0x08009234   0x00000005   Data   RO         1309    .rodata.str1.1      timers.o
    0x08009239   0x08009239   0x00000117   Data   RO         1652    .rodata.str1.1      pb_decode_1.o
    0x08009350   0x08009350   0x0000001e   Data   RO         1699    .rodata.str1.1      pb_encode_1.o
    0x0800936e   0x0800936e   0x00000002   PAD
    0x08009370   0x08009370   0x00000020   Data   RO         2102    Region$$Table       anon$$obj.o


    Execution Region RW_IRAM2 (Exec base: 0x10000000, Load base: 0x080093a8, Size: 0x00000000, Max: 0x00010000, ABSOLUTE)

    **** No section assigned to this execution region ****


    Execution Region RW_IRAM1 (Exec base: 0x20000000, Load base: 0x08009390, Size: 0x00004f90, Max: 0x00030000, ABSOLUTE)

    Exec Addr    Load Addr    Size         Type   Attr      Idx    E Section Name        Object

    0x20000000   0x08009390   0x00000004   Data   RW         2068    .data               mc_w.l(stdout.o)
    0x20000004   0x08009394   0x00000008   Data   RW          538    .data..L_MergedGlobals  stm32f4xx_hal.o
    0x2000000c   0x0800939c   0x00000004   Data   RW          959    .data.SystemCoreClock  system_stm32f4xx.o
    0x20000010   0x080093a0   0x00000004   Data   RW         1528    .data.uxCriticalNesting  port.o
    0x20000014   0x080093a4   0x00000004   PAD
    0x20000018        -       0x00000061   Zero   RW           46    .bss..L_MergedGlobals  main.o
    0x20000079   0x080093a4   0x00000003   PAD
    0x2000007c        -       0x00000078   Zero   RW         1259    .bss..L_MergedGlobals  tasks.o
    0x200000f4        -       0x0000003c   Zero   RW         1310    .bss..L_MergedGlobals  timers.o
    0x20000130        -       0x00000020   Zero   RW         1493    .bss..L_MergedGlobals  heap_4.o
    0x20000150        -       0x00000008   Zero   RW         1529    .bss..L_MergedGlobals  port.o
    0x20000158        -       0x00000028   Zero   RW         1260    .bss..L_MergedGlobals.1  tasks.o
    0x20000180        -       0x00000004   Zero   RW         1467    .bss.KernelState    cmsis_os2.o
    0x20000184        -       0x00000004   Zero   RW           70    .bss.defaultTaskHandle  freertos.o
    0x20000188        -       0x00000054   Zero   RW           84    .bss.hi2c1          i2c.o
    0x200001dc        -       0x00000058   Zero   RW           99    .bss.hspi1          spi.o
    0x20000234        -       0x00000044   Zero   RW          118    .bss.huart2         usart.o
    0x20000278        -       0x00000044   Zero   RW          119    .bss.huart3         usart.o
    0x200002bc        -       0x000000a0   Zero   RW         1308    .bss.prvCheckForValidListAndQueue.ucStaticTimerQueueStorage  timers.o
    0x2000035c        -       0x00000050   Zero   RW         1307    .bss.prvCheckForValidListAndQueue.xStaticTimerQueue  timers.o
    0x200003ac        -       0x00000460   Zero   RW         1258    .bss.pxReadyTasksLists  tasks.o
    0x2000080c        -       0x00000080   Zero   RW           44    .bss.rx_buffer      main.o
    0x2000088c        -       0x00000004   Zero   RW           43    .bss.smartLockTxQueueHandle  main.o
    0x20000890        -       0x00003c00   Zero   RW         1492    .bss.ucHeap         heap_4.o
    0x20004490        -       0x00000004   Zero   RW          537    .bss.uwTick         stm32f4xx_hal.o
    0x20004494        -       0x00000200   Zero   RW         1469    .bss.vApplicationGetIdleTaskMemory.Idle_Stack  cmsis_os2.o
    0x20004694        -       0x0000005c   Zero   RW         1468    .bss.vApplicationGetIdleTaskMemory.Idle_TCB  cmsis_os2.o
    0x200046f0        -       0x00000400   Zero   RW         1471    .bss.vApplicationGetTimerTaskMemory.Timer_Stack  cmsis_os2.o
    0x20004af0        -       0x0000005c   Zero   RW         1470    .bss.vApplicationGetTimerTaskMemory.Timer_TCB  cmsis_os2.o
    0x20004b4c        -       0x00000040   Zero   RW         1091    .bss.xQueueRegistry  queue.o
    0x20004b8c   0x080093a4   0x00000004   PAD
    0x20004b90        -       0x00000400   Zero   RW            1    STACK               startup_stm32f429xx.o


==============================================================================

Image component sizes


      Code (inc. data)   RO Data    RW Data    ZI Data      Debug   Object Name

       644          0          0          0       1724      44581   cmsis_os2.o
        44          0         48          0          4       2812   freertos.o
       454          0          0          0          0       4430   gpio.o
       734          0          0          0      15392       5609   heap_4.o
       218          0          0          0         84       5341   i2c.o
       528          6          0          0          0       7421   i2c_lcd_1.o
       190          0          0          0          0       2333   list.o
      2228        330          0          0        229      15835   main.o
         0          0        608          0          0       3888   message.pb_1.o
       926          0          0          0          0       6995   pb_common_1.o
      5034        216        279          0          0      31328   pb_decode_1.o
      3620        222         42          0          0      25350   pb_encode_1.o
       994         16          0          4          8       4192   port.o
      2948          0          0          0         64      28281   queue.o
      2810          0          0          0          0      16443   rc522_1.o
       176          0          0          0         88       5097   spi.o
        36          8        428          0       1024        844   startup_stm32f429xx.o
       204          0          0          8          4       7699   stm32f4xx_hal.o
       200          0          0          0          0      10691   stm32f4xx_hal_cortex.o
       178          0          0          0          0      10602   stm32f4xx_hal_dma.o
       464          0          0          0          0       5306   stm32f4xx_hal_gpio.o
      1518          0          0          0          0      53716   stm32f4xx_hal_i2c.o
       124          0          0          0          0       4123   stm32f4xx_hal_i2c_ex.o
        66          0          0          0          0       3742   stm32f4xx_hal_msp.o
      1418          0          0          0          0       7409   stm32f4xx_hal_rcc.o
      1200          0          0          0          0      26052   stm32f4xx_hal_spi.o
      2632          0          0          0          0      31721   stm32f4xx_hal_uart.o
        92          0          0          0          0       4551   stm32f4xx_it.o
        18          0         24          4          0       2696   system_stm32f4xx.o
      3422          8          0          0       1280      43050   tasks.o
      1086         20          5          0        300      16128   timers.o
       390          0          0          0        136       7834   usart.o

    ----------------------------------------------------------------------
     34780        826       1468         16      20348     446100   Object Totals
         0          0         32          0          0          0   (incl. Generated)
       184          0          2          0         11          0   (incl. Padding)

    ----------------------------------------------------------------------

      Code (inc. data)   RO Data    RW Data    ZI Data      Debug   Library Member Name

         0          0          0          0          0          0   entry.o
         0          0          0          0          0          0   entry10a.o
         0          0          0          0          0          0   entry11a.o
         8          4          0          0          0          0   entry2.o
         4          0          0          0          0          0   entry5.o
         0          0          0          0          0          0   entry7b.o
         0          0          0          0          0          0   entry8b.o
         8          4          0          0          0          0   entry9a.o
        30          0          0          0          0          0   handlers.o
        36          8          0          0          0         68   init.o
        30          0          0          0          0         68   llshl.o
        32          0          0          0          0         68   llushr.o
        36          0          0          0          0         68   memcpya.o
        36          0          0          0          0        108   memseta.o
      1154         54          0          0          0        352   printf8.o
        36          6          0          0          0         80   puts.o
         0          0          0          4          0          0   stdout.o
        14          0          0          0          0         68   strlen.o
        98          0          0          0          0         92   uldiv.o

    ----------------------------------------------------------------------
      1528         76          0          4          0        972   Library Totals
         6          0          0          0          0          0   (incl. Padding)

    ----------------------------------------------------------------------

      Code (inc. data)   RO Data    RW Data    ZI Data      Debug   Library Name

      1522         76          0          4          0        972   mc_w.l

    ----------------------------------------------------------------------
      1528         76          0          4          0        972   Library Totals

    ----------------------------------------------------------------------

==============================================================================


      Code (inc. data)   RO Data    RW Data    ZI Data      Debug   

     36308        902       1468         20      20348     446280   Grand Totals
     36308        902       1468         20      20348     446280   ELF Image Totals
     36308        902       1468         20          0          0   ROM Totals

==============================================================================

    Total RO  Size (Code + RO Data)                37776 (  36.89kB)
    Total RW  Size (RW Data + ZI Data)             20368 (  19.89kB)
    Total ROM Size (Code + RO Data + RW Data)      37796 (  36.91kB)

==============================================================================

